<html>
<body>
<pre>
<h1>µVision Build Log</h1>
<h2>Tool Versions:</h2>
IDE-Version: µVision V5.23.0.0
Copyright (C) 2017 ARM Ltd and ARM Germany GmbH. All rights reserved.
License Information: TW Wong, HKUST, LIC=----
 
Tool Versions:
Toolchain:       MDK-Lite  Version: 5.23
Toolchain Path:  C:\Keil_v5\ARM\ARMCC\Bin
C Compiler:      Armcc.exe V5.06 update 4 (build 422)
Assembler:       Armasm.exe V5.06 update 4 (build 422)
Linker/Locator:  ArmLink.exe V5.06 update 4 (build 422)
Library Manager: ArmAr.exe V5.06 update 4 (build 422)
Hex Converter:   FromElf.exe V5.06 update 4 (build 422)
CPU DLL:         SARMCM3.DLL V5.23
Dialog DLL:      DCM.DLL V1.15.0.0
Target DLL:      CMSIS_AGDI.dll V1.27.5.0
Dialog DLL:      TCM.DLL V1.27.0.0
 
<h2>Project:</h2>
D:\Course\Fire TEST\LCDTouchSample\Project\RVMDK\iSO-STM32.uvprojx
Project File Date:  11/04/2019

<h2>Output:</h2>
*** Using Compiler 'V5.06 update 4 (build 422)', folder: 'C:\Keil_v5\ARM\ARMCC\Bin'
Rebuild target 'LCDTouchSample'
assembling startup_stm32f10x_hd.s...
compiling core_cm3.c...
compiling misc.c...
compiling stm32f10x_bkp.c...
compiling stm32f10x_can.c...
compiling system_stm32f10x.c...
compiling stm32f10x_adc.c...
compiling stm32f10x_cec.c...
compiling stm32f10x_crc.c...
compiling stm32f10x_exti.c...
compiling stm32f10x_dbgmcu.c...
compiling stm32f10x_fsmc.c...
compiling stm32f10x_flash.c...
compiling stm32f10x_dac.c...
compiling stm32f10x_dma.c...
compiling stm32f10x_gpio.c...
compiling stm32f10x_pwr.c...
compiling stm32f10x_iwdg.c...
compiling stm32f10x_sdio.c...
compiling stm32f10x_rtc.c...
compiling stm32f10x_rcc.c...
compiling stm32f10x_i2c.c...
compiling stm32f10x_spi.c...
compiling stm32f10x_wwdg.c...
compiling stm32f10x_it.c...
compiling stm32f10x_usart.c...
compiling main.c...
compiling stm32f10x_tim.c...
compiling bsp_lcd.c...
compiling bsp_xpt2046_lcd.c...
..\..\User\lcd\bsp_xpt2046_lcd.c(612): warning:  #223-D: function "LCD_DrawString_Color" declared implicitly
        LCD_DrawString_Color ( ( usScreenWidth - ( strlen ( pStr ) - 7 ) * WIDTH_EN_CHAR ) >> 1, usScreenHeigth >> 1, pStr, BACKGROUND, RED );			
..\..\User\lcd\bsp_xpt2046_lcd.c(668): warning:  #223-D: function "LCD_DrawString_Color" declared implicitly
  	LCD_DrawString_Color ( ( usScreenWidth - strlen ( pStr ) * WIDTH_EN_CHAR ) >> 1, usScreenHeigth >> 1, pStr, BACKGROUND, RED );	
..\..\User\lcd\bsp_xpt2046_lcd.c: 2 warnings, 0 errors
compiling bsp_TouchLed.c...
compiling bsp_spi_flash.c...
compiling lcdtpv1.c...
..\..\User\lcdtpv1.c(26): warning:  #188-D: enumerated type mixed with another type
  	GPIO_WriteBit(
CD_RST_PORT,
CD_RST_PIN,0);
..\..\User\lcdtpv1.c(28): warning:  #188-D: enumerated type mixed with another type
  	GPIO_WriteBit(
CD_RST_PORT,
CD_RST_PIN,1);
..\..\User\lcdtpv1.c(36): warning:  #188-D: enumerated type mixed with another type
  		GPIO_WriteBit(
CD_BK_PORT,
CD_BK_PIN,0);	
..\..\User\lcdtpv1.c(38): warning:  #188-D: enumerated type mixed with another type
  		GPIO_WriteBit(
CD_BK_PORT,
CD_BK_PIN,1);			
..\..\User\lcdtpv1.c: 4 warnings, 0 errors
linking...
Program Size: Code=8992 RO-data=1856 RW-data=60 ZI-data=1028  
FromELF: creating hex file...
"..\..\Output\touchled.axf" - 0 Error(s), 6 Warning(s).

<h2>Software Packages used:</h2>

Package Vendor: ARM
                http://www.keil.com/pack/ARM.CMSIS.5.0.1.pack
                ARM::CMSIS:CORE:5.0.1
                CMSIS (Cortex Microcontroller Software Interface Standard)
   * Component: CORE Version: 5.0.1

<h2>Collection of Component include folders:</h2>
  .\RTE\_LCDTouchSample
  C:\Keil_v5\ARM\PACK\ARM\CMSIS\5.0.1\CMSIS\Include
  C:\Keil_v5\ARM\PACK\Keil\STM32F1xx_DFP\2.2.0\Device\Include

<h2>Collection of Component Files used:</h2>

   * Component: ARM::CMSIS:CORE:5.0.1
Build Time Elapsed:  00:00:04
</pre>
</body>
</html>
