Component: ARM Compiler 5.06 update 4 (build 422) Tool: armlink [4d35d2]

==============================================================================

Section Cross References

    startup_stm32f10x_hd.o(RESET) refers to startup_stm32f10x_hd.o(STACK) for __initial_sp
    startup_stm32f10x_hd.o(RESET) refers to startup_stm32f10x_hd.o(.text) for Reset_Handler
    startup_stm32f10x_hd.o(RESET) refers to stm32f10x_it.o(i.NMI_Handler) for NMI_Handler
    startup_stm32f10x_hd.o(RESET) refers to stm32f10x_it.o(i.HardFault_Handler) for HardFault_Handler
    startup_stm32f10x_hd.o(RESET) refers to stm32f10x_it.o(i.MemManage_Handler) for MemManage_Handler
    startup_stm32f10x_hd.o(RESET) refers to stm32f10x_it.o(i.BusFault_Handler) for BusFault_Handler
    startup_stm32f10x_hd.o(RESET) refers to stm32f10x_it.o(i.UsageFault_Handler) for UsageFault_Handler
    startup_stm32f10x_hd.o(RESET) refers to stm32f10x_it.o(i.SVC_Handler) for SVC_Handler
    startup_stm32f10x_hd.o(RESET) refers to stm32f10x_it.o(i.DebugMon_Handler) for DebugMon_Handler
    startup_stm32f10x_hd.o(RESET) refers to stm32f10x_it.o(i.PendSV_Handler) for PendSV_Handler
    startup_stm32f10x_hd.o(RESET) refers to stm32f10x_it.o(i.SysTick_Handler) for SysTick_Handler
    startup_stm32f10x_hd.o(RESET) refers to rtc.o(i.RTC_IRQHandler) for RTC_IRQHandler
    startup_stm32f10x_hd.o(RESET) refers to stm32f10x_it.o(i.EXTI4_IRQHandler) for EXTI4_IRQHandler
    startup_stm32f10x_hd.o(.text) refers to system_stm32f10x.o(i.SystemInit) for SystemInit
    startup_stm32f10x_hd.o(.text) refers to entry.o(.ARM.Collect$$$$00000000) for __main
    system_stm32f10x.o(i.SystemCoreClockUpdate) refers to system_stm32f10x.o(.data) for .data
    system_stm32f10x.o(i.SystemInit) refers to system_stm32f10x.o(i.SetSysClockTo72) for SetSysClockTo72
    stm32f10x_adc.o(i.ADC_DeInit) refers to stm32f10x_rcc.o(i.RCC_APB2PeriphResetCmd) for RCC_APB2PeriphResetCmd
    stm32f10x_bkp.o(i.BKP_DeInit) refers to stm32f10x_rcc.o(i.RCC_BackupResetCmd) for RCC_BackupResetCmd
    stm32f10x_can.o(i.CAN_DeInit) refers to stm32f10x_rcc.o(i.RCC_APB1PeriphResetCmd) for RCC_APB1PeriphResetCmd
    stm32f10x_can.o(i.CAN_GetITStatus) refers to stm32f10x_can.o(i.CheckITStatus) for CheckITStatus
    stm32f10x_cec.o(i.CEC_DeInit) refers to stm32f10x_rcc.o(i.RCC_APB1PeriphResetCmd) for RCC_APB1PeriphResetCmd
    stm32f10x_dac.o(i.DAC_DeInit) refers to stm32f10x_rcc.o(i.RCC_APB1PeriphResetCmd) for RCC_APB1PeriphResetCmd
    stm32f10x_flash.o(i.FLASH_EnableWriteProtection) refers to stm32f10x_flash.o(i.FLASH_WaitForLastOperation) for FLASH_WaitForLastOperation
    stm32f10x_flash.o(i.FLASH_EraseAllBank1Pages) refers to stm32f10x_flash.o(i.FLASH_WaitForLastBank1Operation) for FLASH_WaitForLastBank1Operation
    stm32f10x_flash.o(i.FLASH_EraseAllPages) refers to stm32f10x_flash.o(i.FLASH_WaitForLastOperation) for FLASH_WaitForLastOperation
    stm32f10x_flash.o(i.FLASH_EraseOptionBytes) refers to stm32f10x_flash.o(i.FLASH_GetReadOutProtectionStatus) for FLASH_GetReadOutProtectionStatus
    stm32f10x_flash.o(i.FLASH_EraseOptionBytes) refers to stm32f10x_flash.o(i.FLASH_WaitForLastOperation) for FLASH_WaitForLastOperation
    stm32f10x_flash.o(i.FLASH_ErasePage) refers to stm32f10x_flash.o(i.FLASH_WaitForLastOperation) for FLASH_WaitForLastOperation
    stm32f10x_flash.o(i.FLASH_ProgramHalfWord) refers to stm32f10x_flash.o(i.FLASH_WaitForLastOperation) for FLASH_WaitForLastOperation
    stm32f10x_flash.o(i.FLASH_ProgramOptionByteData) refers to stm32f10x_flash.o(i.FLASH_WaitForLastOperation) for FLASH_WaitForLastOperation
    stm32f10x_flash.o(i.FLASH_ProgramWord) refers to stm32f10x_flash.o(i.FLASH_WaitForLastOperation) for FLASH_WaitForLastOperation
    stm32f10x_flash.o(i.FLASH_ReadOutProtection) refers to stm32f10x_flash.o(i.FLASH_WaitForLastOperation) for FLASH_WaitForLastOperation
    stm32f10x_flash.o(i.FLASH_UserOptionByteConfig) refers to stm32f10x_flash.o(i.FLASH_WaitForLastOperation) for FLASH_WaitForLastOperation
    stm32f10x_flash.o(i.FLASH_WaitForLastBank1Operation) refers to stm32f10x_flash.o(i.FLASH_GetBank1Status) for FLASH_GetBank1Status
    stm32f10x_flash.o(i.FLASH_WaitForLastOperation) refers to stm32f10x_flash.o(i.FLASH_GetBank1Status) for FLASH_GetBank1Status
    stm32f10x_gpio.o(i.GPIO_AFIODeInit) refers to stm32f10x_rcc.o(i.RCC_APB2PeriphResetCmd) for RCC_APB2PeriphResetCmd
    stm32f10x_gpio.o(i.GPIO_DeInit) refers to stm32f10x_rcc.o(i.RCC_APB2PeriphResetCmd) for RCC_APB2PeriphResetCmd
    stm32f10x_i2c.o(i.I2C_DeInit) refers to stm32f10x_rcc.o(i.RCC_APB1PeriphResetCmd) for RCC_APB1PeriphResetCmd
    stm32f10x_i2c.o(i.I2C_Init) refers to stm32f10x_rcc.o(i.RCC_GetClocksFreq) for RCC_GetClocksFreq
    stm32f10x_pwr.o(i.PWR_DeInit) refers to stm32f10x_rcc.o(i.RCC_APB1PeriphResetCmd) for RCC_APB1PeriphResetCmd
    stm32f10x_rcc.o(i.RCC_GetClocksFreq) refers to stm32f10x_rcc.o(.data) for .data
[...]
    Removing stm32f10x_i2c.o(i.I2C_DMALastTransferCmd), (20 bytes).
    Removing stm32f10x_i2c.o(i.I2C_DeInit), (44 bytes).
    Removing stm32f10x_i2c.o(i.I2C_DualAddressCmd), (20 bytes).
    Removing stm32f10x_i2c.o(i.I2C_FastModeDutyCycleConfig), (22 bytes).
    Removing stm32f10x_i2c.o(i.I2C_GeneralCallCmd), (20 bytes).
    Removing stm32f10x_i2c.o(i.I2C_GenerateSTART), (20 bytes).
    Removing stm32f10x_i2c.o(i.I2C_GenerateSTOP), (20 bytes).
    Removing stm32f10x_i2c.o(i.I2C_GetFlagStatus), (42 bytes).
    Removing stm32f10x_i2c.o(i.I2C_GetITStatus), (36 bytes).
    Removing stm32f10x_i2c.o(i.I2C_GetLastEvent), (14 bytes).
    Removing stm32f10x_i2c.o(i.I2C_GetPEC), (6 bytes).
    Removing stm32f10x_i2c.o(i.I2C_ITConfig), (16 bytes).
    Removing stm32f10x_i2c.o(i.I2C_Init), (188 bytes).
    Removing stm32f10x_i2c.o(i.I2C_NACKPositionConfig), (22 bytes).
    Removing stm32f10x_i2c.o(i.I2C_OwnAddress2Config), (16 bytes).
    Removing stm32f10x_i2c.o(i.I2C_PECPositionConfig), (22 bytes).
    Removing stm32f10x_i2c.o(i.I2C_ReadRegister), (10 bytes).
    Removing stm32f10x_i2c.o(i.I2C_ReceiveData), (6 bytes).
    Removing stm32f10x_i2c.o(i.I2C_SMBusAlertConfig), (22 bytes).
    Removing stm32f10x_i2c.o(i.I2C_Send7bitAddress), (16 bytes).
    Removing stm32f10x_i2c.o(i.I2C_SendData), (4 bytes).
    Removing stm32f10x_i2c.o(i.I2C_SoftwareResetCmd), (20 bytes).
    Removing stm32f10x_i2c.o(i.I2C_StretchClockCmd), (20 bytes).
    Removing stm32f10x_i2c.o(i.I2C_StructInit), (28 bytes).
    Removing stm32f10x_i2c.o(i.I2C_TransmitPEC), (20 bytes).
    Removing stm32f10x_iwdg.o(i.IWDG_Enable), (16 bytes).
    Removing stm32f10x_iwdg.o(i.IWDG_GetFlagStatus), (20 bytes).
    Removing stm32f10x_iwdg.o(i.IWDG_ReloadCounter), (16 bytes).
    Removing stm32f10x_iwdg.o(i.IWDG_SetPrescaler), (12 bytes).
    Removing stm32f10x_iwdg.o(i.IWDG_SetReload), (12 bytes).
    Removing stm32f10x_iwdg.o(i.IWDG_WriteAccessCmd), (12 bytes).
    Removing stm32f10x_pwr.o(i.PWR_ClearFlag), (16 bytes).
    Removing stm32f10x_pwr.o(i.PWR_DeInit), (24 bytes).
    Removing stm32f10x_pwr.o(i.PWR_EnterSTANDBYMode), (40 bytes).
    Removing stm32f10x_pwr.o(i.PWR_EnterSTOPMode), (52 bytes).
    Removing stm32f10x_pwr.o(i.PWR_GetFlagStatus), (20 bytes).
    Removing stm32f10x_pwr.o(i.PWR_PVDCmd), (12 bytes).
    Removing stm32f10x_pwr.o(i.PWR_PVDLevelConfig), (20 bytes).
    Removing stm32f10x_pwr.o(i.PWR_WakeUpPinCmd), (12 bytes).
    Removing stm32f10x_rcc.o(i.RCC_APB1PeriphResetCmd), (24 bytes).
    Removing stm32f10x_rcc.o(i.RCC_APB2PeriphResetCmd), (24 bytes).
    Removing stm32f10x_rcc.o(i.RCC_AdjustHSICalibrationValue), (20 bytes).
    Removing stm32f10x_rcc.o(i.RCC_ClearITPendingBit), (12 bytes).
    Removing stm32f10x_rcc.o(i.RCC_ClockSecuritySystemCmd), (12 bytes).
    Removing stm32f10x_rcc.o(i.RCC_DeInit), (64 bytes).
    Removing stm32f10x_rcc.o(i.RCC_GetClocksFreq), (144 bytes).
    Removing stm32f10x_rcc.o(i.RCC_GetITStatus), (20 bytes).
    Removing stm32f10x_rcc.o(i.RCC_GetSYSCLKSource), (16 bytes).
    Removing stm32f10x_rcc.o(i.RCC_HCLKConfig), (20 bytes).
    Removing stm32f10x_rcc.o(i.RCC_HSEConfig), (52 bytes).
    Removing stm32f10x_rcc.o(i.RCC_HSICmd), (12 bytes).
    Removing stm32f10x_rcc.o(i.RCC_ITConfig), (24 bytes).
    Removing stm32f10x_rcc.o(i.RCC_LSICmd), (12 bytes).
    Removing stm32f10x_rcc.o(i.RCC_MCOConfig), (12 bytes).
    Removing stm32f10x_rcc.o(i.RCC_PCLK1Config), (20 bytes).
    Removing stm32f10x_rcc.o(i.RCC_PCLK2Config), (20 bytes).
    Removing stm32f10x_rcc.o(i.RCC_PLLCmd), (12 bytes).
    Removing stm32f10x_rcc.o(i.RCC_PLLConfig), (20 bytes).
    Removing stm32f10x_rcc.o(i.RCC_SYSCLKConfig), (20 bytes).
    Removing stm32f10x_rcc.o(i.RCC_USBCLKConfig), (12 bytes).
    Removing stm32f10x_rcc.o(i.RCC_WaitForHSEStartUp), (44 bytes).
    Removing stm32f10x_rcc.o(.data), (20 bytes).
    Removing stm32f10x_rtc.o(i.RTC_ClearFlag), (16 bytes).
    Removing stm32f10x_rtc.o(i.RTC_GetDivider), (24 bytes).
    Removing stm32f10x_rtc.o(i.RTC_GetFlagStatus), (20 bytes).
    Removing stm32f10x_rtc.o(i.RTC_SetAlarm), (32 bytes).
    Removing stm32f10x_sdio.o(i.SDIO_CEATAITCmd), (16 bytes).
    Removing stm32f10x_sdio.o(i.SDIO_ClearFlag), (12 bytes).
    Removing stm32f10x_sdio.o(i.SDIO_ClearITPendingBit), (12 bytes).
    Removing stm32f10x_sdio.o(i.SDIO_ClockCmd), (12 bytes).
    Removing stm32f10x_sdio.o(i.SDIO_CmdStructInit), (14 bytes).
    Removing stm32f10x_sdio.o(i.SDIO_CommandCompletionCmd), (12 bytes).
    Removing stm32f10x_sdio.o(i.SDIO_DMACmd), (12 bytes).
    Removing stm32f10x_sdio.o(i.SDIO_DataConfig), (44 bytes).
    Removing stm32f10x_sdio.o(i.SDIO_DataStructInit), (20 bytes).
    Removing stm32f10x_sdio.o(i.SDIO_DeInit), (36 bytes).
    Removing stm32f10x_sdio.o(i.SDIO_GetCommandResponse), (12 bytes).
    Removing stm32f10x_sdio.o(i.SDIO_GetDataCounter), (12 bytes).
    Removing stm32f10x_sdio.o(i.SDIO_GetFIFOCount), (12 bytes).
    Removing stm32f10x_sdio.o(i.SDIO_GetFlagStatus), (20 bytes).
    Removing stm32f10x_sdio.o(i.SDIO_GetITStatus), (20 bytes).
    Removing stm32f10x_sdio.o(i.SDIO_GetPowerState), (16 bytes).
    Removing stm32f10x_sdio.o(i.SDIO_GetResponse), (16 bytes).
    Removing stm32f10x_sdio.o(i.SDIO_ITConfig), (24 bytes).
    Removing stm32f10x_sdio.o(i.SDIO_Init), (44 bytes).
    Removing stm32f10x_sdio.o(i.SDIO_ReadData), (12 bytes).
    Removing stm32f10x_sdio.o(i.SDIO_SendCEATACmd), (12 bytes).
    Removing stm32f10x_sdio.o(i.SDIO_SendCommand), (40 bytes).
    Removing stm32f10x_sdio.o(i.SDIO_SendSDIOSuspendCmd), (12 bytes).
    Removing stm32f10x_sdio.o(i.SDIO_SetPowerState), (24 bytes).
    Removing stm32f10x_sdio.o(i.SDIO_SetSDIOOperation), (12 bytes).
    Removing stm32f10x_sdio.o(i.SDIO_SetSDIOReadWaitMode), (12 bytes).
    Removing stm32f10x_sdio.o(i.SDIO_StartSDIOReadWait), (12 bytes).
    Removing stm32f10x_sdio.o(i.SDIO_StopSDIOReadWait), (12 bytes).
    Removing stm32f10x_sdio.o(i.SDIO_StructInit), (16 bytes).
    Removing stm32f10x_sdio.o(i.SDIO_WriteData), (12 bytes).
    Removing stm32f10x_spi.o(i.I2S_Cmd), (20 bytes).
    Removing stm32f10x_spi.o(i.I2S_Init), (152 bytes).
    Removing stm32f10x_spi.o(i.I2S_StructInit), (18 bytes).
    Removing stm32f10x_spi.o(i.SPI_BiDirectionalLineConfig), (22 bytes).
    Removing stm32f10x_spi.o(i.SPI_CalculateCRC), (20 bytes).
    Removing stm32f10x_spi.o(i.SPI_Cmd), (20 bytes).
    Removing stm32f10x_spi.o(i.SPI_DataSizeConfig), (16 bytes).
    Removing stm32f10x_spi.o(i.SPI_GetCRC), (12 bytes).
    Removing stm32f10x_spi.o(i.SPI_GetCRCPolynomial), (4 bytes).
    Removing stm32f10x_spi.o(i.SPI_I2S_ClearFlag), (6 bytes).
    Removing stm32f10x_spi.o(i.SPI_I2S_ClearITPendingBit), (14 bytes).
    Removing stm32f10x_spi.o(i.SPI_I2S_DMACmd), (16 bytes).
    Removing stm32f10x_spi.o(i.SPI_I2S_DeInit), (84 bytes).
    Removing stm32f10x_spi.o(i.SPI_I2S_GetFlagStatus), (14 bytes).
    Removing stm32f10x_spi.o(i.SPI_I2S_GetITStatus), (42 bytes).
    Removing stm32f10x_spi.o(i.SPI_I2S_ITConfig), (24 bytes).
    Removing stm32f10x_spi.o(i.SPI_I2S_ReceiveData), (4 bytes).
    Removing stm32f10x_spi.o(i.SPI_I2S_SendData), (4 bytes).
    Removing stm32f10x_spi.o(i.SPI_Init), (56 bytes).
    Removing stm32f10x_spi.o(i.SPI_NSSInternalSoftwareConfig), (24 bytes).
    Removing stm32f10x_spi.o(i.SPI_SSOutputCmd), (20 bytes).
    Removing stm32f10x_spi.o(i.SPI_StructInit), (24 bytes).
    Removing stm32f10x_spi.o(i.SPI_TransmitCRC), (10 bytes).
    Removing stm32f10x_tim.o(i.TI1_Config), (108 bytes).
    Removing stm32f10x_tim.o(i.TI2_Config), (124 bytes).
    Removing stm32f10x_tim.o(i.TIM_BDTRConfig), (34 bytes).
    Removing stm32f10x_tim.o(i.TIM_BDTRStructInit), (18 bytes).
    Removing stm32f10x_tim.o(i.TIM_CCPreloadControl), (20 bytes).
    Removing stm32f10x_tim.o(i.TIM_CCxCmd), (22 bytes).
    Removing stm32f10x_tim.o(i.TIM_CCxNCmd), (22 bytes).
    Removing stm32f10x_tim.o(i.TIM_ClearFlag), (6 bytes).
    Removing stm32f10x_tim.o(i.TIM_ClearITPendingBit), (6 bytes).
    Removing stm32f10x_tim.o(i.TIM_ClearOC1Ref), (12 bytes).
    Removing stm32f10x_tim.o(i.TIM_ClearOC2Ref), (20 bytes).
    Removing stm32f10x_tim.o(i.TIM_ClearOC3Ref), (12 bytes).
    Removing stm32f10x_tim.o(i.TIM_ClearOC4Ref), (20 bytes).
    Removing stm32f10x_tim.o(i.TIM_CounterModeConfig), (12 bytes).
    Removing stm32f10x_tim.o(i.TIM_DMACmd), (16 bytes).
    Removing stm32f10x_tim.o(i.TIM_DMAConfig), (8 bytes).
    Removing stm32f10x_tim.o(i.TIM_DeInit), (368 bytes).
    Removing stm32f10x_tim.o(i.TIM_ETRClockMode1Config), (18 bytes).
    Removing stm32f10x_tim.o(i.TIM_ETRClockMode2Config), (18 bytes).
    Removing stm32f10x_tim.o(i.TIM_ETRConfig), (24 bytes).
    Removing stm32f10x_tim.o(i.TIM_EncoderInterfaceConfig), (50 bytes).
    Removing stm32f10x_tim.o(i.TIM_ForcedOC1Config), (12 bytes).
    Removing stm32f10x_tim.o(i.TIM_ForcedOC2Config), (20 bytes).
    Removing stm32f10x_tim.o(i.TIM_ForcedOC3Config), (12 bytes).
    Removing stm32f10x_tim.o(i.TIM_ForcedOC4Config), (20 bytes).
    Removing stm32f10x_tim.o(i.TIM_GenerateEvent), (4 bytes).
    Removing stm32f10x_tim.o(i.TIM_GetCapture1), (4 bytes).
    Removing stm32f10x_tim.o(i.TIM_GetCapture2), (4 bytes).
    Removing stm32f10x_tim.o(i.TIM_GetCapture3), (4 bytes).
    Removing stm32f10x_tim.o(i.TIM_GetCapture4), (6 bytes).
    Removing stm32f10x_tim.o(i.TIM_GetCounter), (4 bytes).
    Removing stm32f10x_tim.o(i.TIM_GetFlagStatus), (14 bytes).
    Removing stm32f10x_tim.o(i.TIM_GetITStatus), (24 bytes).
    Removing stm32f10x_tim.o(i.TIM_GetPrescaler), (4 bytes).
    Removing stm32f10x_tim.o(i.TIM_ICInit), (300 bytes).
    Removing stm32f10x_tim.o(i.TIM_ICStructInit), (16 bytes).
    Removing stm32f10x_tim.o(i.TIM_ITConfig), (16 bytes).
    Removing stm32f10x_tim.o(i.TIM_ITRxExternalClockConfig), (18 bytes).
    Removing stm32f10x_tim.o(i.TIM_InternalClockConfig), (10 bytes).
    Removing stm32f10x_tim.o(i.TIM_OC1FastConfig), (12 bytes).
    Removing stm32f10x_tim.o(i.TIM_OC1NPolarityConfig), (12 bytes).
    Removing stm32f10x_tim.o(i.TIM_OC1PolarityConfig), (12 bytes).
    Removing stm32f10x_tim.o(i.TIM_OC2FastConfig), (20 bytes).
    Removing stm32f10x_tim.o(i.TIM_OC2Init), (128 bytes).
    Removing stm32f10x_tim.o(i.TIM_OC2NPolarityConfig), (20 bytes).
    Removing stm32f10x_tim.o(i.TIM_OC2PolarityConfig), (20 bytes).
    Removing stm32f10x_tim.o(i.TIM_OC2PreloadConfig), (20 bytes).
    Removing stm32f10x_tim.o(i.TIM_OC3FastConfig), (12 bytes).
    Removing stm32f10x_tim.o(i.TIM_OC3Init), (124 bytes).
    Removing stm32f10x_tim.o(i.TIM_OC3NPolarityConfig), (20 bytes).
    Removing stm32f10x_tim.o(i.TIM_OC3PolarityConfig), (20 bytes).
    Removing stm32f10x_tim.o(i.TIM_OC3PreloadConfig), (12 bytes).
    Removing stm32f10x_tim.o(i.TIM_OC4FastConfig), (20 bytes).
    Removing stm32f10x_tim.o(i.TIM_OC4Init), (100 bytes).
    Removing stm32f10x_tim.o(i.TIM_OC4PolarityConfig), (20 bytes).
    Removing stm32f10x_tim.o(i.TIM_OC4PreloadConfig), (20 bytes).
    Removing stm32f10x_tim.o(i.TIM_OCStructInit), (20 bytes).
    Removing stm32f10x_tim.o(i.TIM_PWMIConfig), (108 bytes).
    Removing stm32f10x_tim.o(i.TIM_PrescalerConfig), (6 bytes).
    Removing stm32f10x_tim.o(i.TIM_SelectCCDMA), (20 bytes).
    Removing stm32f10x_tim.o(i.TIM_SelectCOM), (20 bytes).
    Removing stm32f10x_tim.o(i.TIM_SelectHallSensor), (20 bytes).
    Removing stm32f10x_tim.o(i.TIM_SelectInputTrigger), (12 bytes).
    Removing stm32f10x_tim.o(i.TIM_SelectMasterSlaveMode), (16 bytes).
    Removing stm32f10x_tim.o(i.TIM_SelectOCxM), (70 bytes).
    Removing stm32f10x_tim.o(i.TIM_SelectOnePulseMode), (16 bytes).
    Removing stm32f10x_tim.o(i.TIM_SelectOutputTrigger), (16 bytes).
    Removing stm32f10x_tim.o(i.TIM_SelectSlaveMode), (16 bytes).
    Removing stm32f10x_tim.o(i.TIM_SetAutoreload), (4 bytes).
    Removing stm32f10x_tim.o(i.TIM_SetClockDivision), (16 bytes).
    Removing stm32f10x_tim.o(i.TIM_SetCompare1), (4 bytes).
    Removing stm32f10x_tim.o(i.TIM_SetCompare2), (4 bytes).
    Removing stm32f10x_tim.o(i.TIM_SetCompare3), (4 bytes).
    Removing stm32f10x_tim.o(i.TIM_SetCompare4), (6 bytes).
    Removing stm32f10x_tim.o(i.TIM_SetCounter), (4 bytes).
    Removing stm32f10x_tim.o(i.TIM_SetIC1Prescaler), (16 bytes).
    Removing stm32f10x_tim.o(i.TIM_SetIC2Prescaler), (24 bytes).
    Removing stm32f10x_tim.o(i.TIM_SetIC3Prescaler), (16 bytes).
    Removing stm32f10x_tim.o(i.TIM_SetIC4Prescaler), (24 bytes).
    Removing stm32f10x_tim.o(i.TIM_TIxExternalClockConfig), (46 bytes).
    Removing stm32f10x_tim.o(i.TIM_TimeBaseStructInit), (18 bytes).
    Removing stm32f10x_tim.o(i.TIM_UpdateDisableConfig), (20 bytes).
    Removing stm32f10x_tim.o(i.TIM_UpdateRequestConfig), (20 bytes).
    Removing stm32f10x_usart.o(i.USART_ClearFlag), (6 bytes).
    Removing stm32f10x_usart.o(i.USART_ClearITPendingBit), (12 bytes).
    Removing stm32f10x_usart.o(i.USART_ClockInit), (30 bytes).
    Removing stm32f10x_usart.o(i.USART_ClockStructInit), (12 bytes).
    Removing stm32f10x_usart.o(i.USART_Cmd), (20 bytes).
    Removing stm32f10x_usart.o(i.USART_DMACmd), (16 bytes).
    Removing stm32f10x_usart.o(i.USART_DeInit), (116 bytes).
    Removing stm32f10x_usart.o(i.USART_GetFlagStatus), (14 bytes).
    Removing stm32f10x_usart.o(i.USART_GetITStatus), (62 bytes).
    Removing stm32f10x_usart.o(i.USART_HalfDuplexCmd), (20 bytes).
    Removing stm32f10x_usart.o(i.USART_ITConfig), (48 bytes).
    Removing stm32f10x_usart.o(i.USART_Init), (172 bytes).
    Removing stm32f10x_usart.o(i.USART_IrDACmd), (20 bytes).
    Removing stm32f10x_usart.o(i.USART_IrDAConfig), (16 bytes).
    Removing stm32f10x_usart.o(i.USART_LINBreakDetectLengthConfig), (16 bytes).
    Removing stm32f10x_usart.o(i.USART_LINCmd), (20 bytes).
    Removing stm32f10x_usart.o(i.USART_OneBitMethodCmd), (20 bytes).
    Removing stm32f10x_usart.o(i.USART_OverSampling8Cmd), (20 bytes).
    Removing stm32f10x_usart.o(i.USART_ReceiveData), (8 bytes).
    Removing stm32f10x_usart.o(i.USART_ReceiverWakeUpCmd), (20 bytes).
    Removing stm32f10x_usart.o(i.USART_SendBreak), (10 bytes).
    Removing stm32f10x_usart.o(i.USART_SendData), (8 bytes).
    Removing stm32f10x_usart.o(i.USART_SetAddress), (16 bytes).
    Removing stm32f10x_usart.o(i.USART_SetGuardTime), (16 bytes).
    Removing stm32f10x_usart.o(i.USART_SetPrescaler), (16 bytes).
    Removing stm32f10x_usart.o(i.USART_SmartCardCmd), (20 bytes).
    Removing stm32f10x_usart.o(i.USART_SmartCardNACKCmd), (20 bytes).
    Removing stm32f10x_usart.o(i.USART_StructInit), (22 bytes).
    Removing stm32f10x_usart.o(i.USART_WakeUpConfig), (16 bytes).
    Removing stm32f10x_wwdg.o(i.WWDG_ClearFlag), (12 bytes).
    Removing stm32f10x_wwdg.o(i.WWDG_DeInit), (24 bytes).
    Removing stm32f10x_wwdg.o(i.WWDG_Enable), (16 bytes).
    Removing stm32f10x_wwdg.o(i.WWDG_EnableIT), (16 bytes).
    Removing stm32f10x_wwdg.o(i.WWDG_GetFlagStatus), (12 bytes).
    Removing stm32f10x_wwdg.o(i.WWDG_SetCounter), (16 bytes).
    Removing stm32f10x_wwdg.o(i.WWDG_SetPrescaler), (20 bytes).
    Removing stm32f10x_wwdg.o(i.WWDG_SetWindowValue), (28 bytes).
    Removing main.o(.data), (4 bytes).
    Removing lcdtpv1.o(i.LCD_DrawCircle), (74 bytes).
    Removing lcdtpv1.o(i.LCD_DrawCross), (42 bytes).
    Removing lcdtpv1.o(i.LCD_DrawDot), (34 bytes).
    Removing lcdtpv1.o(i.LCD_DrawLine), (158 bytes).
    Removing lcdtpv1.o(i.LCD_GetPointPixel), (18 bytes).
    Removing lcdtpv1.o(i.LCD_Read_Data), (12 bytes).
    Removing lcdtpv1.o(i.LCD_Read_PixelData), (40 bytes).
    Removing lcdtpv1.o(i.LCD_Write_Cmd), (8 bytes).
    Removing lcdtpv1.o(i.LCD_Write_Data), (12 bytes).
    Removing lcdtpv1.o(i.drawCircle), (152 bytes).
    Removing bsp_xpt2046_lcd.o(i.Check_touchkey), (56 bytes).
    Removing bsp_xpt2046_lcd.o(i.XPT2046_Calculate_CalibrationFactor), (330 bytes).
    Removing bsp_xpt2046_lcd.o(i.XPT2046_Touch_Calibrate), (772 bytes).
    Removing bsp_xpt2046_lcd.o(i.display_co), (124 bytes).
    Removing adc.o(i.GPIO_Configuration1), (28 bytes).
    Removing adc.o(i.GPIO_Configuration2), (28 bytes).
    Removing adc.o(i.LDR_value), (76 bytes).
    Removing delay.o(i.Delay_Init), (56 bytes).
    Removing delay.o(.data), (4 bytes).
    Removing dht11.o(i.DHT11_Check), (36 bytes).
    Removing dht11.o(i.DHT11_GetHumidity), (12 bytes).
    Removing dht11.o(i.DHT11_GetTemperature), (12 bytes).
    Removing dht11.o(i.DHT11_Start), (212 bytes).
    Removing dht11.o(.data), (9 bytes).
    Removing sys.o(i.NVIC_Configuration), (8 bytes).
    Removing pwm.o(i.led_dimming), (48 bytes).
    Removing usart2.o(i.USART1_printf), (254 bytes).
    Removing usart2.o(i.USART2_Config), (128 bytes).
    Removing usart2.o(i.fputc), (36 bytes).
    Removing ddiv.o(.text), (222 bytes).
    Removing dflti.o(.text), (34 bytes).
    Removing cdcmple.o(.text), (48 bytes).
    Removing dfixul.o(.text), (48 bytes).
    Removing cdrcmple.o(.text), (48 bytes).

453 unused section(s) (total 16545 bytes) removed from the image.

==============================================================================

Image Symbol Table

    Local Symbols

    Symbol Name                              Value     Ov Type        Size  Object(Section)

    ../clib/microlib/division.c              0x00000000   Number         0  uldiv.o ABSOLUTE
    ../clib/microlib/division.c              0x00000000   Number         0  uidiv.o ABSOLUTE
    ../clib/microlib/init/entry.s            0x00000000   Number         0  entry9b.o ABSOLUTE
    ../clib/microlib/init/entry.s            0x00000000   Number         0  entry7b.o ABSOLUTE
    ../clib/microlib/init/entry.s            0x00000000   Number         0  entry9a.o ABSOLUTE
    ../clib/microlib/init/entry.s            0x00000000   Number         0  entry8b.o ABSOLUTE
    ../clib/microlib/init/entry.s            0x00000000   Number         0  entry2.o ABSOLUTE
    ../clib/microlib/init/entry.s            0x00000000   Number         0  entry.o ABSOLUTE
    ../clib/microlib/init/entry.s            0x00000000   Number         0  entry11a.o ABSOLUTE
    ../clib/microlib/init/entry.s            0x00000000   Number         0  entry11b.o ABSOLUTE
    ../clib/microlib/init/entry.s            0x00000000   Number         0  entry5.o ABSOLUTE
    ../clib/microlib/init/entry.s            0x00000000   Number         0  entry10b.o ABSOLUTE
    ../clib/microlib/init/entry.s            0x00000000   Number         0  entry7a.o ABSOLUTE
    ../clib/microlib/init/entry.s            0x00000000   Number         0  entry8a.o ABSOLUTE
    ../clib/microlib/init/entry.s            0x00000000   Number         0  entry10a.o ABSOLUTE
    ../clib/microlib/longlong.c              0x00000000   Number         0  llsshr.o ABSOLUTE
    ../clib/microlib/longlong.c              0x00000000   Number         0  llushr.o ABSOLUTE
    ../clib/microlib/longlong.c              0x00000000   Number         0  llshl.o ABSOLUTE
    ../clib/microlib/printf/printf.c         0x00000000   Number         0  printf2.o ABSOLUTE
    ../clib/microlib/printf/printf.c         0x00000000   Number         0  printf3.o ABSOLUTE
    ../clib/microlib/printf/printf.c         0x00000000   Number         0  printf4.o ABSOLUTE
    ../clib/microlib/printf/printf.c         0x00000000   Number         0  printf5.o ABSOLUTE
    ../clib/microlib/printf/printf.c         0x00000000   Number         0  printf6.o ABSOLUTE
    ../clib/microlib/printf/printf.c         0x00000000   Number         0  printf7.o ABSOLUTE
    ../clib/microlib/printf/printf.c         0x00000000   Number         0  printf8.o ABSOLUTE
    ../clib/microlib/printf/printf.c         0x00000000   Number         0  printfa.o ABSOLUTE
    ../clib/microlib/printf/printf.c         0x00000000   Number         0  printf1.o ABSOLUTE
    ../clib/microlib/printf/printf.c         0x00000000   Number         0  printfb.o ABSOLUTE
    ../clib/microlib/printf/printf.c         0x00000000   Number         0  printf0.o ABSOLUTE
    ../clib/microlib/printf/stubs.s          0x00000000   Number         0  stubs.o ABSOLUTE
    ../clib/microlib/stdio/streams.c         0x00000000   Number         0  stdout.o ABSOLUTE
    ../clib/microlib/stdlib/rand.c           0x00000000   Number         0  rand.o ABSOLUTE
    ../clib/microlib/string/memset.c         0x00000000   Number         0  memseta.o ABSOLUTE
    ../clib/microlib/string/strlen.c         0x00000000   Number         0  strlen.o ABSOLUTE
    ../clib/microlib/stubs.s                 0x00000000   Number         0  iusefp.o ABSOLUTE
    ../fplib/microlib/fpadd.c                0x00000000   Number         0  dadd.o ABSOLUTE
    ../fplib/microlib/fpdiv.c                0x00000000   Number         0  ddiv.o ABSOLUTE
    ../fplib/microlib/fpepilogue.c           0x00000000   Number         0  depilogue.o ABSOLUTE
    ../fplib/microlib/fpfix.c                0x00000000   Number         0  dfixui.o ABSOLUTE
    ../fplib/microlib/fpfix.c                0x00000000   Number         0  dfixul.o ABSOLUTE
    ../fplib/microlib/fpflt.c                0x00000000   Number         0  dflti.o ABSOLUTE
    ../fplib/microlib/fpflt.c                0x00000000   Number         0  dfltui.o ABSOLUTE
    ../fplib/microlib/fpmul.c                0x00000000   Number         0  dmul.o ABSOLUTE
    ..\..\Libraries\CMSIS\core_cm3.c         0x00000000   Number         0  core_cm3.o ABSOLUTE
    ..\..\Libraries\CMSIS\startup\startup_stm32f10x_hd.s 0x00000000   Number         0  startup_stm32f10x_hd.o ABSOLUTE
    ..\..\Libraries\CMSIS\system_stm32f10x.c 0x00000000   Number         0  system_stm32f10x.o ABSOLUTE
    ..\..\Libraries\FWlib\src\misc.c         0x00000000   Number         0  misc.o ABSOLUTE
    ..\..\Libraries\FWlib\src\stm32f10x_adc.c 0x00000000   Number         0  stm32f10x_adc.o ABSOLUTE
    ..\..\Libraries\FWlib\src\stm32f10x_bkp.c 0x00000000   Number         0  stm32f10x_bkp.o ABSOLUTE
    ..\..\Libraries\FWlib\src\stm32f10x_can.c 0x00000000   Number         0  stm32f10x_can.o ABSOLUTE
    ..\..\Libraries\FWlib\src\stm32f10x_cec.c 0x00000000   Number         0  stm32f10x_cec.o ABSOLUTE
    ..\..\Libraries\FWlib\src\stm32f10x_crc.c 0x00000000   Number         0  stm32f10x_crc.o ABSOLUTE
    ..\..\Libraries\FWlib\src\stm32f10x_dac.c 0x00000000   Number         0  stm32f10x_dac.o ABSOLUTE
    ..\..\Libraries\FWlib\src\stm32f10x_dbgmcu.c 0x00000000   Number         0  stm32f10x_dbgmcu.o ABSOLUTE
    ..\..\Libraries\FWlib\src\stm32f10x_dma.c 0x00000000   Number         0  stm32f10x_dma.o ABSOLUTE
    ..\..\Libraries\FWlib\src\stm32f10x_exti.c 0x00000000   Number         0  stm32f10x_exti.o ABSOLUTE
    ..\..\Libraries\FWlib\src\stm32f10x_flash.c 0x00000000   Number         0  stm32f10x_flash.o ABSOLUTE
    ..\..\Libraries\FWlib\src\stm32f10x_fsmc.c 0x00000000   Number         0  stm32f10x_fsmc.o ABSOLUTE
    ..\..\Libraries\FWlib\src\stm32f10x_gpio.c 0x00000000   Number         0  stm32f10x_gpio.o ABSOLUTE
    ..\..\Libraries\FWlib\src\stm32f10x_i2c.c 0x00000000   Number         0  stm32f10x_i2c.o ABSOLUTE
    ..\..\Libraries\FWlib\src\stm32f10x_iwdg.c 0x00000000   Number         0  stm32f10x_iwdg.o ABSOLUTE
    ..\..\Libraries\FWlib\src\stm32f10x_pwr.c 0x00000000   Number         0  stm32f10x_pwr.o ABSOLUTE
    ..\..\Libraries\FWlib\src\stm32f10x_rcc.c 0x00000000   Number         0  stm32f10x_rcc.o ABSOLUTE
    ..\..\Libraries\FWlib\src\stm32f10x_rtc.c 0x00000000   Number         0  stm32f10x_rtc.o ABSOLUTE
    ..\..\Libraries\FWlib\src\stm32f10x_sdio.c 0x00000000   Number         0  stm32f10x_sdio.o ABSOLUTE
    ..\..\Libraries\FWlib\src\stm32f10x_spi.c 0x00000000   Number         0  stm32f10x_spi.o ABSOLUTE
    ..\..\Libraries\FWlib\src\stm32f10x_tim.c 0x00000000   Number         0  stm32f10x_tim.o ABSOLUTE
    ..\..\Libraries\FWlib\src\stm32f10x_usart.c 0x00000000   Number         0  stm32f10x_usart.o ABSOLUTE
    ..\..\Libraries\FWlib\src\stm32f10x_wwdg.c 0x00000000   Number         0  stm32f10x_wwdg.o ABSOLUTE
    ..\..\User\RTC.c                         0x00000000   Number         0  rtc.o ABSOLUTE
    ..\..\User\adc.c                         0x00000000   Number         0  adc.o ABSOLUTE
    ..\..\User\bsp_xpt2046_lcd.c             0x00000000   Number         0  bsp_xpt2046_lcd.o ABSOLUTE
    ..\..\User\delay.c                       0x00000000   Number         0  delay.o ABSOLUTE
    ..\..\User\dht11.c                       0x00000000   Number         0  dht11.o ABSOLUTE
    ..\..\User\lcdtpv1.c                     0x00000000   Number         0  lcdtpv1.o ABSOLUTE
    ..\..\User\main.c                        0x00000000   Number         0  main.o ABSOLUTE
    ..\..\User\pwm.c                         0x00000000   Number         0  pwm.o ABSOLUTE
    ..\..\User\stm32f10x_it.c                0x00000000   Number         0  stm32f10x_it.o ABSOLUTE
    ..\..\User\sys.c                         0x00000000   Number         0  sys.o ABSOLUTE
    ..\..\User\usart2.c                      0x00000000   Number         0  usart2.o ABSOLUTE
    ..\\..\\Libraries\\CMSIS\\core_cm3.c     0x00000000   Number         0  core_cm3.o ABSOLUTE
    cdcmple.s                                0x00000000   Number         0  cdcmple.o ABSOLUTE
    cdrcmple.s                               0x00000000   Number         0  cdrcmple.o ABSOLUTE
    dc.s                                     0x00000000   Number         0  dc.o ABSOLUTE
    handlers.s                               0x00000000   Number         0  handlers.o ABSOLUTE
    init.s                                   0x00000000   Number         0  init.o ABSOLUTE
    RESET                                    0x08000000   Section      304  startup_stm32f10x_hd.o(RESET)
    .ARM.Collect$$$$00000000                 0x08000130   Section        0  entry.o(.ARM.Collect$$$$00000000)
    .ARM.Collect$$$$00000001                 0x08000130   Section        4  entry2.o(.ARM.Collect$$$$00000001)
    .ARM.Collect$$$$00000004                 0x08000134   Section        4  entry5.o(.ARM.Collect$$$$00000004)
    .ARM.Collect$$$$00000008                 0x08000138   Section        0  entry7b.o(.ARM.Collect$$$$00000008)
    .ARM.Collect$$$$0000000A                 0x08000138   Section        0  entry8b.o(.ARM.Collect$$$$0000000A)
    .ARM.Collect$$$$0000000B                 0x08000138   Section        8  entry9a.o(.ARM.Collect$$$$0000000B)
    .ARM.Collect$$$$0000000D                 0x08000140   Section        0  entry10a.o(.ARM.Collect$$$$0000000D)
    .ARM.Collect$$$$0000000F                 0x08000140   Section        0  entry11a.o(.ARM.Collect$$$$0000000F)
    .ARM.Collect$$$$00002712                 0x08000140   Section        4  entry2.o(.ARM.Collect$$$$00002712)
    __lit__00000000                          0x08000140   Data           4  entry2.o(.ARM.Collect$$$$00002712)
    .text                                    0x08000144   Section       36  startup_stm32f10x_hd.o(.text)
    .text                                    0x08000168   Section        0  rand.o(.text)
    .text                                    0x0800018c   Section        0  memseta.o(.text)
    .text                                    0x080001b0   Section        0  dadd.o(.text)
    .text                                    0x080002fe   Section        0  dmul.o(.text)
    .text                                    0x080003e2   Section        0  dfltui.o(.text)
    .text                                    0x080003fc   Section        0  dfixui.o(.text)
    .text                                    0x0800042e   Section        0  uidiv.o(.text)
    .text                                    0x0800045a   Section        0  llshl.o(.text)
    .text                                    0x08000478   Section        0  llushr.o(.text)
    .text                                    0x08000498   Section        0  llsshr.o(.text)
    .text                                    0x080004bc   Section        0  iusefp.o(.text)
    .text                                    0x080004bc   Section        0  depilogue.o(.text)
    .text                                    0x08000578   Section       36  init.o(.text)
    i.ADC_Cmd                                0x0800059c   Section        0  stm32f10x_adc.o(i.ADC_Cmd)
    i.ADC_DMACmd                             0x080005b0   Section        0  stm32f10x_adc.o(i.ADC_DMACmd)
    i.ADC_GetCalibrationStatus               0x080005c4   Section        0  stm32f10x_adc.o(i.ADC_GetCalibrationStatus)
    i.ADC_GetResetCalibrationStatus          0x080005d2   Section        0  stm32f10x_adc.o(i.ADC_GetResetCalibrationStatus)
    i.ADC_Init                               0x080005e0   Section        0  stm32f10x_adc.o(i.ADC_Init)
    i.ADC_RegularChannelConfig               0x08000628   Section        0  stm32f10x_adc.o(i.ADC_RegularChannelConfig)
    i.ADC_ResetCalibration                   0x0800069c   Section        0  stm32f10x_adc.o(i.ADC_ResetCalibration)
    i.ADC_SoftwareStartConvCmd               0x080006a6   Section        0  stm32f10x_adc.o(i.ADC_SoftwareStartConvCmd)
    i.ADC_StartCalibration                   0x080006ba   Section        0  stm32f10x_adc.o(i.ADC_StartCalibration)
    i.ADC_TempSensorVrefintCmd               0x080006c4   Section        0  stm32f10x_adc.o(i.ADC_TempSensorVrefintCmd)
    i.BKP_DeInit                             0x080006e0   Section        0  stm32f10x_bkp.o(i.BKP_DeInit)
    i.BKP_ReadBackupRegister                 0x080006f4   Section        0  stm32f10x_bkp.o(i.BKP_ReadBackupRegister)
    i.BKP_WriteBackupRegister                0x08000704   Section        0  stm32f10x_bkp.o(i.BKP_WriteBackupRegister)
    i.BusFault_Handler                       0x08000714   Section        0  stm32f10x_it.o(i.BusFault_Handler)
    i.Clock_config                           0x08000718   Section        0  bsp_xpt2046_lcd.o(i.Clock_config)
    i.DHT11_Init                             0x080007e0   Section        0  dht11.o(i.DHT11_Init)
    i.DMA_Cmd                                0x080007f6   Section        0  stm32f10x_dma.o(i.DMA_Cmd)
    i.DMA_DeInit                             0x0800080c   Section        0  stm32f10x_dma.o(i.DMA_DeInit)
    i.DMA_Init                               0x080008f0   Section        0  stm32f10x_dma.o(i.DMA_Init)
    i.DebugMon_Handler                       0x0800092a   Section        0  stm32f10x_it.o(i.DebugMon_Handler)
    i.Delay                                  0x0800092c   Section        0  lcdtpv1.o(i.Delay)
    i.Delay1                                 0x0800093c   Section        0  main.o(i.Delay1)
    i.Digital_clock                          0x0800094c   Section        0  bsp_xpt2046_lcd.o(i.Digital_clock)
    i.EXTI4_IRQHandler                       0x080009a4   Section        0  stm32f10x_it.o(i.EXTI4_IRQHandler)
    i.EXTI_ClearITPendingBit                 0x080009c8   Section        0  stm32f10x_exti.o(i.EXTI_ClearITPendingBit)
    i.EXTI_GetITStatus                       0x080009d4   Section        0  stm32f10x_exti.o(i.EXTI_GetITStatus)
    i.EXTI_Init                              0x080009f4   Section        0  stm32f10x_exti.o(i.EXTI_Init)
    i.FSMC_NORSRAMCmd                        0x08000a64   Section        0  stm32f10x_fsmc.o(i.FSMC_NORSRAMCmd)
    i.FSMC_NORSRAMInit                       0x08000a84   Section        0  stm32f10x_fsmc.o(i.FSMC_NORSRAMInit)
    i.GPIO_EXTILineConfig                    0x08000b4c   Section        0  stm32f10x_gpio.o(i.GPIO_EXTILineConfig)
    i.GPIO_Init                              0x08000b74   Section        0  stm32f10x_gpio.o(i.GPIO_Init)
    i.GPIO_ReadInputDataBit                  0x08000c16   Section        0  stm32f10x_gpio.o(i.GPIO_ReadInputDataBit)
    i.GPIO_ResetBits                         0x08000c24   Section        0  stm32f10x_gpio.o(i.GPIO_ResetBits)
    i.GPIO_SetBits                           0x08000c28   Section        0  stm32f10x_gpio.o(i.GPIO_SetBits)
    i.GPIO_WriteBit                          0x08000c2c   Section        0  stm32f10x_gpio.o(i.GPIO_WriteBit)
    i.HardFault_Handler                      0x08000c36   Section        0  stm32f10x_it.o(i.HardFault_Handler)
    i.Init_RTC                               0x08000c38   Section        0  rtc.o(i.Init_RTC)
    i.Is_Leap_Year                           0x08000cf8   Section        0  rtc.o(i.Is_Leap_Year)
    i.LCD_BackLed_Control                    0x08000d20   Section        0  lcdtpv1.o(i.LCD_BackLed_Control)
    i.LCD_Clear                              0x08000d38   Section        0  lcdtpv1.o(i.LCD_Clear)
    i.LCD_DrawChar                           0x08000d54   Section        0  lcdtpv1.o(i.LCD_DrawChar)
    i.LCD_DrawChar_Color                     0x08000da4   Section        0  lcdtpv1.o(i.LCD_DrawChar_Color)
    i.LCD_DrawString                         0x08000df0   Section        0  lcdtpv1.o(i.LCD_DrawString)
    i.LCD_DrawString_Color                   0x08000e30   Section        0  lcdtpv1.o(i.LCD_DrawString_Color)
    i.LCD_FSMC_Config                        0x08000e80   Section        0  lcdtpv1.o(i.LCD_FSMC_Config)
    i.LCD_FillColor                          0x08000edc   Section        0  lcdtpv1.o(i.LCD_FillColor)
    i.LCD_GPIO_Config                        0x08000ef8   Section        0  lcdtpv1.o(i.LCD_GPIO_Config)
    i.LCD_GramScan                           0x08000fd0   Section        0  lcdtpv1.o(i.LCD_GramScan)
    i.LCD_INIT                               0x08001058   Section        0  lcdtpv1.o(i.LCD_INIT)
    i.LCD_OpenWindow                         0x08001088   Section        0  lcdtpv1.o(i.LCD_OpenWindow)
    i.LCD_REG_Config                         0x080010c8   Section        0  lcdtpv1.o(i.LCD_REG_Config)
    i.LCD_Rst                                0x08001240   Section        0  lcdtpv1.o(i.LCD_Rst)
    i.MemManage_Handler                      0x08001274   Section        0  stm32f10x_it.o(i.MemManage_Handler)
    i.Menu_conf                              0x08001278   Section        0  bsp_xpt2046_lcd.o(i.Menu_conf)
    i.Menu_touch                             0x08001374   Section        0  bsp_xpt2046_lcd.o(i.Menu_touch)
    i.NMI_Handler                            0x0800140c   Section        0  stm32f10x_it.o(i.NMI_Handler)
    i.NVIC_Init                              0x08001410   Section        0  misc.o(i.NVIC_Init)
    i.NVIC_PriorityGroupConfig               0x08001474   Section        0  misc.o(i.NVIC_PriorityGroupConfig)
    i.NVIC_SetVectorTable                    0x08001488   Section        0  misc.o(i.NVIC_SetVectorTable)
    i.Next_touchkey                          0x0800149c   Section        0  bsp_xpt2046_lcd.o(i.Next_touchkey)
    i.PWM_INIT                               0x080014cc   Section        0  pwm.o(i.PWM_INIT)
    i.PWR_BackupAccessCmd                    0x08001564   Section        0  stm32f10x_pwr.o(i.PWR_BackupAccessCmd)
    i.PendSV_Handler                         0x08001570   Section        0  stm32f10x_it.o(i.PendSV_Handler)
    i.RCC_ADCCLKConfig                       0x08001574   Section        0  stm32f10x_rcc.o(i.RCC_ADCCLKConfig)
    i.RCC_AHBPeriphClockCmd                  0x08001588   Section        0  stm32f10x_rcc.o(i.RCC_AHBPeriphClockCmd)
    i.RCC_APB1PeriphClockCmd                 0x080015a0   Section        0  stm32f10x_rcc.o(i.RCC_APB1PeriphClockCmd)
    i.RCC_APB2PeriphClockCmd                 0x080015b8   Section        0  stm32f10x_rcc.o(i.RCC_APB2PeriphClockCmd)
    i.RCC_BackupResetCmd                     0x080015d0   Section        0  stm32f10x_rcc.o(i.RCC_BackupResetCmd)
    i.RCC_ClearFlag                          0x080015dc   Section        0  stm32f10x_rcc.o(i.RCC_ClearFlag)
    i.RCC_GetFlagStatus                      0x080015ec   Section        0  stm32f10x_rcc.o(i.RCC_GetFlagStatus)
    i.RCC_LSEConfig                          0x0800161c   Section        0  stm32f10x_rcc.o(i.RCC_LSEConfig)
    i.RCC_RTCCLKCmd                          0x0800163c   Section        0  stm32f10x_rcc.o(i.RCC_RTCCLKCmd)
    i.RCC_RTCCLKConfig                       0x08001648   Section        0  stm32f10x_rcc.o(i.RCC_RTCCLKConfig)
    i.RTC_ClearITPendingBit                  0x08001658   Section        0  stm32f10x_rtc.o(i.RTC_ClearITPendingBit)
    i.RTC_EnterConfigMode                    0x08001668   Section        0  stm32f10x_rtc.o(i.RTC_EnterConfigMode)
    i.RTC_ExitConfigMode                     0x08001678   Section        0  stm32f10x_rtc.o(i.RTC_ExitConfigMode)
    i.RTC_GetCounter                         0x08001688   Section        0  stm32f10x_rtc.o(i.RTC_GetCounter)
    i.RTC_GetITStatus                        0x0800169c   Section        0  stm32f10x_rtc.o(i.RTC_GetITStatus)
    i.RTC_Get_Week                           0x080016bc   Section        0  rtc.o(i.RTC_Get_Week)
    i.RTC_IRQHandler                         0x0800170c   Section        0  rtc.o(i.RTC_IRQHandler)
    i.RTC_ITConfig                           0x08001730   Section        0  stm32f10x_rtc.o(i.RTC_ITConfig)
    i.RTC_SetCounter                         0x08001748   Section        0  stm32f10x_rtc.o(i.RTC_SetCounter)
    i.RTC_SetPrescaler                       0x08001768   Section        0  stm32f10x_rtc.o(i.RTC_SetPrescaler)
    i.RTC_WaitForLastTask                    0x08001788   Section        0  stm32f10x_rtc.o(i.RTC_WaitForLastTask)
    i.RTC_WaitForSynchro                     0x08001798   Section        0  stm32f10x_rtc.o(i.RTC_WaitForSynchro)
    i.SVC_Handler                            0x080017b0   Section        0  stm32f10x_it.o(i.SVC_Handler)
    i.SetSysClockTo72                        0x080017b4   Section        0  system_stm32f10x.o(i.SetSysClockTo72)
    SetSysClockTo72                          0x080017b5   Thumb Code   160  system_stm32f10x.o(i.SetSysClockTo72)
    i.SysTick_Handler                        0x0800185c   Section        0  stm32f10x_it.o(i.SysTick_Handler)
    i.SystemInit                             0x08001860   Section        0  system_stm32f10x.o(i.SystemInit)
    i.TIM_ARRPreloadConfig                   0x080018b0   Section        0  stm32f10x_tim.o(i.TIM_ARRPreloadConfig)
    i.TIM_Cmd                                0x080018c4   Section        0  stm32f10x_tim.o(i.TIM_Cmd)
    i.TIM_CtrlPWMOutputs                     0x080018d8   Section        0  stm32f10x_tim.o(i.TIM_CtrlPWMOutputs)
    i.TIM_OC1Init                            0x080018f0   Section        0  stm32f10x_tim.o(i.TIM_OC1Init)
    i.TIM_OC1PreloadConfig                   0x08001970   Section        0  stm32f10x_tim.o(i.TIM_OC1PreloadConfig)
    i.TIM_TimeBaseInit                       0x0800197c   Section        0  stm32f10x_tim.o(i.TIM_TimeBaseInit)
    i.Time_Get                               0x08001a18   Section        0  rtc.o(i.Time_Get)
    i.Time_Set                               0x08001b64   Section        0  rtc.o(i.Time_Set)
    i.Time_Update                            0x08001b80   Section        0  rtc.o(i.Time_Update)
    i.UsageFault_Handler                     0x08001c40   Section        0  stm32f10x_it.o(i.UsageFault_Handler)
    i.XPT2046_DelayUS                        0x08001c42   Section        0  bsp_xpt2046_lcd.o(i.XPT2046_DelayUS)
    XPT2046_DelayUS                          0x08001c43   Thumb Code    24  bsp_xpt2046_lcd.o(i.XPT2046_DelayUS)
    i.XPT2046_GPIO_SPI_Config                0x08001c5c   Section        0  bsp_xpt2046_lcd.o(i.XPT2046_GPIO_SPI_Config)
    XPT2046_GPIO_SPI_Config                  0x08001c5d   Thumb Code   108  bsp_xpt2046_lcd.o(i.XPT2046_GPIO_SPI_Config)
    i.XPT2046_Get_TouchedPoint               0x08001cd0   Section        0  bsp_xpt2046_lcd.o(i.XPT2046_Get_TouchedPoint)
    i.XPT2046_Init                           0x08001d68   Section        0  bsp_xpt2046_lcd.o(i.XPT2046_Init)
    i.XPT2046_ReadAdc                        0x08001dd4   Section        0  bsp_xpt2046_lcd.o(i.XPT2046_ReadAdc)
    XPT2046_ReadAdc                          0x08001dd5   Thumb Code   156  bsp_xpt2046_lcd.o(i.XPT2046_ReadAdc)
    i.XPT2046_ReadAdc_Smooth_XY              0x08001e74   Section        0  bsp_xpt2046_lcd.o(i.XPT2046_ReadAdc_Smooth_XY)
    XPT2046_ReadAdc_Smooth_XY                0x08001e75   Thumb Code   306  bsp_xpt2046_lcd.o(i.XPT2046_ReadAdc_Smooth_XY)
    i.__0sprintf$3                           0x08001fb0   Section        0  printf3.o(i.__0sprintf$3)
    i.__scatterload_copy                     0x08001fd8   Section       14  handlers.o(i.__scatterload_copy)
    i.__scatterload_null                     0x08001fe6   Section        2  handlers.o(i.__scatterload_null)
    i.__scatterload_zeroinit                 0x08001fe8   Section       14  handlers.o(i.__scatterload_zeroinit)
    i._printf_core                           0x08001ff8   Section        0  printf3.o(i._printf_core)
    _printf_core                             0x08001ff9   Thumb Code   436  printf3.o(i._printf_core)
    i._sputc                                 0x080021b0   Section        0  printf3.o(i._sputc)
    _sputc                                   0x080021b1   Thumb Code    10  printf3.o(i._sputc)
    i.auto_light_mode                        0x080021bc   Section        0  bsp_xpt2046_lcd.o(i.auto_light_mode)
    i.date_adjust                            0x0800221c   Section        0  rtc.o(i.date_adjust)
    i.delay_m                                0x0800256c   Section        0  delay.o(i.delay_m)
    i.delay_u                                0x08002588   Section        0  delay.o(i.delay_u)
    i.dht11_dataRead                         0x080025c0   Section        0  bsp_xpt2046_lcd.o(i.dht11_dataRead)
    i.dht11_display                          0x080026b0   Section        0  bsp_xpt2046_lcd.o(i.dht11_display)
    i.init_adc1                              0x0800270c   Section        0  adc.o(i.init_adc1)
    i.init_adc2                              0x080027e4   Section        0  adc.o(i.init_adc2)
    i.led_intentsity_range                   0x080028bc   Section        0  bsp_xpt2046_lcd.o(i.led_intentsity_range)
    i.main                                   0x08002a04   Section        0  main.o(i.main)
    i.manual_control_mode                    0x08002b4c   Section        0  bsp_xpt2046_lcd.o(i.manual_control_mode)
    i.passive_control                        0x08002c1c   Section        0  bsp_xpt2046_lcd.o(i.passive_control)
    i.time_adjust                            0x08002ccc   Section        0  rtc.o(i.time_adjust)
    .constdata                               0x08003020   Section     1520  lcdtpv1.o(.constdata)
    .constdata                               0x08003610   Section       24  rtc.o(.constdata)
    .data                                    0x20000000   Section       16  main.o(.data)
    .data                                    0x20000010   Section       64  bsp_xpt2046_lcd.o(.data)
    .data                                    0x20000050   Section        4  bsp_xpt2046_lcd.o(.data)
    .data                                    0x20000054   Section        2  rtc.o(.data)
    daycnt                                   0x20000054   Data           2  rtc.o(.data)
    .data                                    0x20000058   Section        4  rand.o(.data)
    _rand_state                              0x20000058   Data           4  rand.o(.data)
    .bss                                     0x2000005c   Section       20  bsp_xpt2046_lcd.o(.bss)
    .bss                                     0x20000070   Section       50  rtc.o(.bss)
    STACK                                    0x200000a8   Section     1024  startup_stm32f10x_hd.o(STACK)

    Global Symbols

    Symbol Name                              Value     Ov Type        Size  Object(Section)

    BuildAttributes$$THM_ISAv4$P$D$K$B$S$PE$A:L22UL41UL21$X:L11$S22US41US21$IEEE1$IW$USESV6$~STKCKD$USESV7$~SHL$OSPACE$ROPI$EBA8$MICROLIB$REQ8$PRES8$EABIv2 0x00000000   Number         0  anon$$obj.o ABSOLUTE
    __ARM_use_no_argv                        0x00000000   Number         0  main.o ABSOLUTE
    _printf_a                                0x00000000   Number         0  stubs.o ABSOLUTE
    _printf_c                                0x00000000   Number         0  stubs.o ABSOLUTE
    _printf_charcount                        0x00000000   Number         0  stubs.o ABSOLUTE
    _printf_d                                0x00000000   Number         0  stubs.o ABSOLUTE
    _printf_e                                0x00000000   Number         0  stubs.o ABSOLUTE
    _printf_f                                0x00000000   Number         0  stubs.o ABSOLUTE
    _printf_flags                            0x00000000   Number         0  stubs.o ABSOLUTE
    _printf_fp_dec                           0x00000000   Number         0  stubs.o ABSOLUTE
    _printf_fp_hex                           0x00000000   Number         0  stubs.o ABSOLUTE
    _printf_g                                0x00000000   Number         0  stubs.o ABSOLUTE
    _printf_i                                0x00000000   Number         0  stubs.o ABSOLUTE
    _printf_int_dec                          0x00000000   Number         0  stubs.o ABSOLUTE
    _printf_l                                0x00000000   Number         0  stubs.o ABSOLUTE
    _printf_lc                               0x00000000   Number         0  stubs.o ABSOLUTE
    _printf_ll                               0x00000000   Number         0  stubs.o ABSOLUTE
    _printf_lld                              0x00000000   Number         0  stubs.o ABSOLUTE
    _printf_lli                              0x00000000   Number         0  stubs.o ABSOLUTE
    _printf_llo                              0x00000000   Number         0  stubs.o ABSOLUTE
    _printf_llu                              0x00000000   Number         0  stubs.o ABSOLUTE
    _printf_llx                              0x00000000   Number         0  stubs.o ABSOLUTE
    _printf_longlong_dec                     0x00000000   Number         0  stubs.o ABSOLUTE
    _printf_longlong_hex                     0x00000000   Number         0  stubs.o ABSOLUTE
    _printf_longlong_oct                     0x00000000   Number         0  stubs.o ABSOLUTE
    _printf_ls                               0x00000000   Number         0  stubs.o ABSOLUTE
    _printf_mbtowc                           0x00000000   Number         0  stubs.o ABSOLUTE
    _printf_n                                0x00000000   Number         0  stubs.o ABSOLUTE
    _printf_o                                0x00000000   Number         0  stubs.o ABSOLUTE
    _printf_p                                0x00000000   Number         0  stubs.o ABSOLUTE
    _printf_percent                          0x00000000   Number         0  stubs.o ABSOLUTE
    _printf_pre_padding                      0x00000000   Number         0  stubs.o ABSOLUTE
    _printf_return_value                     0x00000000   Number         0  stubs.o ABSOLUTE
    _printf_s                                0x00000000   Number         0  stubs.o ABSOLUTE
    _printf_sizespec                         0x00000000   Number         0  stubs.o ABSOLUTE
    _printf_str                              0x00000000   Number         0  stubs.o ABSOLUTE
    _printf_truncate_signed                  0x00000000   Number         0  stubs.o ABSOLUTE
    _printf_truncate_unsigned                0x00000000   Number         0  stubs.o ABSOLUTE
    _printf_u                                0x00000000   Number         0  stubs.o ABSOLUTE
    _printf_wc                               0x00000000   Number         0  stubs.o ABSOLUTE
    _printf_wctomb                           0x00000000   Number         0  stubs.o ABSOLUTE
    _printf_widthprec                        0x00000000   Number         0  stubs.o ABSOLUTE
    _printf_x                                0x00000000   Number         0  stubs.o ABSOLUTE
    __cpp_initialize__aeabi_                  - Undefined Weak Reference
    __cxa_finalize                            - Undefined Weak Reference
    __decompress                              - Undefined Weak Reference
    _clock_init                               - Undefined Weak Reference
    _microlib_exit                            - Undefined Weak Reference
    __Vectors_Size                           0x00000130   Number         0  startup_stm32f10x_hd.o ABSOLUTE
    __Vectors                                0x08000000   Data           4  startup_stm32f10x_hd.o(RESET)
    __Vectors_End                            0x08000130   Data           0  startup_stm32f10x_hd.o(RESET)
    __main                                   0x08000131   Thumb Code     0  entry.o(.ARM.Collect$$$$00000000)
    _main_stk                                0x08000131   Thumb Code     0  entry2.o(.ARM.Collect$$$$00000001)
    _main_scatterload                        0x08000135   Thumb Code     0  entry5.o(.ARM.Collect$$$$00000004)
    __main_after_scatterload                 0x08000139   Thumb Code     0  entry5.o(.ARM.Collect$$$$00000004)
    _main_clock                              0x08000139   Thumb Code     0  entry7b.o(.ARM.Collect$$$$00000008)
    _main_cpp_init                           0x08000139   Thumb Code     0  entry8b.o(.ARM.Collect$$$$0000000A)
    _main_init                               0x08000139   Thumb Code     0  entry9a.o(.ARM.Collect$$$$0000000B)
    __rt_final_cpp                           0x08000141   Thumb Code     0  entry10a.o(.ARM.Collect$$$$0000000D)
    __rt_final_exit                          0x08000141   Thumb Code     0  entry11a.o(.ARM.Collect$$$$0000000F)
    Reset_Handler                            0x08000145   Thumb Code     8  startup_stm32f10x_hd.o(.text)
    ADC1_2_IRQHandler                        0x0800015f   Thumb Code     0  startup_stm32f10x_hd.o(.text)
    ADC3_IRQHandler                          0x0800015f   Thumb Code     0  startup_stm32f10x_hd.o(.text)
    CAN1_RX1_IRQHandler                      0x0800015f   Thumb Code     0  startup_stm32f10x_hd.o(.text)
    CAN1_SCE_IRQHandler                      0x0800015f   Thumb Code     0  startup_stm32f10x_hd.o(.text)
    DMA1_Channel1_IRQHandler                 0x0800015f   Thumb Code     0  startup_stm32f10x_hd.o(.text)
    DMA1_Channel2_IRQHandler                 0x0800015f   Thumb Code     0  startup_stm32f10x_hd.o(.text)
    DMA1_Channel3_IRQHandler                 0x0800015f   Thumb Code     0  startup_stm32f10x_hd.o(.text)
    DMA1_Channel4_IRQHandler                 0x0800015f   Thumb Code     0  startup_stm32f10x_hd.o(.text)
    DMA1_Channel5_IRQHandler                 0x0800015f   Thumb Code     0  startup_stm32f10x_hd.o(.text)
    DMA1_Channel6_IRQHandler                 0x0800015f   Thumb Code     0  startup_stm32f10x_hd.o(.text)
    DMA1_Channel7_IRQHandler                 0x0800015f   Thumb Code     0  startup_stm32f10x_hd.o(.text)
    DMA2_Channel1_IRQHandler                 0x0800015f   Thumb Code     0  startup_stm32f10x_hd.o(.text)
    DMA2_Channel2_IRQHandler                 0x0800015f   Thumb Code     0  startup_stm32f10x_hd.o(.text)
    DMA2_Channel3_IRQHandler                 0x0800015f   Thumb Code     0  startup_stm32f10x_hd.o(.text)
    DMA2_Channel4_5_IRQHandler               0x0800015f   Thumb Code     0  startup_stm32f10x_hd.o(.text)
    EXTI0_IRQHandler                         0x0800015f   Thumb Code     0  startup_stm32f10x_hd.o(.text)
    EXTI15_10_IRQHandler                     0x0800015f   Thumb Code     0  startup_stm32f10x_hd.o(.text)
    EXTI1_IRQHandler                         0x0800015f   Thumb Code     0  startup_stm32f10x_hd.o(.text)
    EXTI2_IRQHandler                         0x0800015f   Thumb Code     0  startup_stm32f10x_hd.o(.text)
    EXTI3_IRQHandler                         0x0800015f   Thumb Code     0  startup_stm32f10x_hd.o(.text)
    EXTI9_5_IRQHandler                       0x0800015f   Thumb Code     0  startup_stm32f10x_hd.o(.text)
    FLASH_IRQHandler                         0x0800015f   Thumb Code     0  startup_stm32f10x_hd.o(.text)
    FSMC_IRQHandler                          0x0800015f   Thumb Code     0  startup_stm32f10x_hd.o(.text)
    I2C1_ER_IRQHandler                       0x0800015f   Thumb Code     0  startup_stm32f10x_hd.o(.text)
    I2C1_EV_IRQHandler                       0x0800015f   Thumb Code     0  startup_stm32f10x_hd.o(.text)
    I2C2_ER_IRQHandler                       0x0800015f   Thumb Code     0  startup_stm32f10x_hd.o(.text)
    I2C2_EV_IRQHandler                       0x0800015f   Thumb Code     0  startup_stm32f10x_hd.o(.text)
    PVD_IRQHandler                           0x0800015f   Thumb Code     0  startup_stm32f10x_hd.o(.text)
    RCC_IRQHandler                           0x0800015f   Thumb Code     0  startup_stm32f10x_hd.o(.text)
    RTCAlarm_IRQHandler                      0x0800015f   Thumb Code     0  startup_stm32f10x_hd.o(.text)
    SDIO_IRQHandler                          0x0800015f   Thumb Code     0  startup_stm32f10x_hd.o(.text)
    SPI1_IRQHandler                          0x0800015f   Thumb Code     0  startup_stm32f10x_hd.o(.text)
    SPI2_IRQHandler                          0x0800015f   Thumb Code     0  startup_stm32f10x_hd.o(.text)
    SPI3_IRQHandler                          0x0800015f   Thumb Code     0  startup_stm32f10x_hd.o(.text)
    TAMPER_IRQHandler                        0x0800015f   Thumb Code     0  startup_stm32f10x_hd.o(.text)
    TIM1_BRK_IRQHandler                      0x0800015f   Thumb Code     0  startup_stm32f10x_hd.o(.text)
    TIM1_CC_IRQHandler                       0x0800015f   Thumb Code     0  startup_stm32f10x_hd.o(.text)
    TIM1_TRG_COM_IRQHandler                  0x0800015f   Thumb Code     0  startup_stm32f10x_hd.o(.text)
    TIM1_UP_IRQHandler                       0x0800015f   Thumb Code     0  startup_stm32f10x_hd.o(.text)
    TIM2_IRQHandler                          0x0800015f   Thumb Code     0  startup_stm32f10x_hd.o(.text)
    TIM3_IRQHandler                          0x0800015f   Thumb Code     0  startup_stm32f10x_hd.o(.text)
    TIM4_IRQHandler                          0x0800015f   Thumb Code     0  startup_stm32f10x_hd.o(.text)
    TIM5_IRQHandler                          0x0800015f   Thumb Code     0  startup_stm32f10x_hd.o(.text)
    TIM6_IRQHandler                          0x0800015f   Thumb Code     0  startup_stm32f10x_hd.o(.text)
    TIM7_IRQHandler                          0x0800015f   Thumb Code     0  startup_stm32f10x_hd.o(.text)
    TIM8_BRK_IRQHandler                      0x0800015f   Thumb Code     0  startup_stm32f10x_hd.o(.text)
    TIM8_CC_IRQHandler                       0x0800015f   Thumb Code     0  startup_stm32f10x_hd.o(.text)
    TIM8_TRG_COM_IRQHandler                  0x0800015f   Thumb Code     0  startup_stm32f10x_hd.o(.text)
    TIM8_UP_IRQHandler                       0x0800015f   Thumb Code     0  startup_stm32f10x_hd.o(.text)
    UART4_IRQHandler                         0x0800015f   Thumb Code     0  startup_stm32f10x_hd.o(.text)
    UART5_IRQHandler                         0x0800015f   Thumb Code     0  startup_stm32f10x_hd.o(.text)
    USART1_IRQHandler                        0x0800015f   Thumb Code     0  startup_stm32f10x_hd.o(.text)
    USART2_IRQHandler                        0x0800015f   Thumb Code     0  startup_stm32f10x_hd.o(.text)
    USART3_IRQHandler                        0x0800015f   Thumb Code     0  startup_stm32f10x_hd.o(.text)
    USBWakeUp_IRQHandler                     0x0800015f   Thumb Code     0  startup_stm32f10x_hd.o(.text)
    USB_HP_CAN1_TX_IRQHandler                0x0800015f   Thumb Code     0  startup_stm32f10x_hd.o(.text)
    USB_LP_CAN1_RX0_IRQHandler               0x0800015f   Thumb Code     0  startup_stm32f10x_hd.o(.text)
    WWDG_IRQHandler                          0x0800015f   Thumb Code     0  startup_stm32f10x_hd.o(.text)
    rand                                     0x08000169   Thumb Code    20  rand.o(.text)
    srand                                    0x0800017d   Thumb Code     6  rand.o(.text)
    __aeabi_memset                           0x0800018d   Thumb Code    14  memseta.o(.text)
    __aeabi_memset4                          0x0800018d   Thumb Code     0  memseta.o(.text)
    __aeabi_memset8                          0x0800018d   Thumb Code     0  memseta.o(.text)
    __aeabi_memclr                           0x0800019b   Thumb Code     4  memseta.o(.text)
    __aeabi_memclr4                          0x0800019b   Thumb Code     0  memseta.o(.text)
    __aeabi_memclr8                          0x0800019b   Thumb Code     0  memseta.o(.text)
    _memset$wrapper                          0x0800019f   Thumb Code    18  memseta.o(.text)
    __aeabi_dadd                             0x080001b1   Thumb Code   322  dadd.o(.text)
    __aeabi_dsub                             0x080002f3   Thumb Code     6  dadd.o(.text)
    __aeabi_drsub                            0x080002f9   Thumb Code     6  dadd.o(.text)
    __aeabi_dmul                             0x080002ff   Thumb Code   228  dmul.o(.text)
    __aeabi_ui2d                             0x080003e3   Thumb Code    26  dfltui.o(.text)
    __aeabi_d2uiz                            0x080003fd   Thumb Code    50  dfixui.o(.text)
    __aeabi_uidiv                            0x0800042f   Thumb Code     0  uidiv.o(.text)
    __aeabi_uidivmod                         0x0800042f   Thumb Code    44  uidiv.o(.text)
    __aeabi_llsl                             0x0800045b   Thumb Code    30  llshl.o(.text)
    _ll_shift_l                              0x0800045b   Thumb Code     0  llshl.o(.text)
    __aeabi_llsr                             0x08000479   Thumb Code    32  llushr.o(.text)
    _ll_ushift_r                             0x08000479   Thumb Code     0  llushr.o(.text)
    __aeabi_lasr                             0x08000499   Thumb Code    36  llsshr.o(.text)
    _ll_sshift_r                             0x08000499   Thumb Code     0  llsshr.o(.text)
    __I$use$fp                               0x080004bd   Thumb Code     0  iusefp.o(.text)
    _double_round                            0x080004bd   Thumb Code    30  depilogue.o(.text)
    _double_epilogue                         0x080004db   Thumb Code   156  depilogue.o(.text)
    __scatterload                            0x08000579   Thumb Code    28  init.o(.text)
    __scatterload_rt2                        0x08000579   Thumb Code     0  init.o(.text)
    ADC_Cmd                                  0x0800059d   Thumb Code    20  stm32f10x_adc.o(i.ADC_Cmd)
    ADC_DMACmd                               0x080005b1   Thumb Code    20  stm32f10x_adc.o(i.ADC_DMACmd)
    ADC_GetCalibrationStatus                 0x080005c5   Thumb Code    14  stm32f10x_adc.o(i.ADC_GetCalibrationStatus)
    ADC_GetResetCalibrationStatus            0x080005d3   Thumb Code    14  stm32f10x_adc.o(i.ADC_GetResetCalibrationStatus)
    ADC_Init                                 0x080005e1   Thumb Code    62  stm32f10x_adc.o(i.ADC_Init)
    ADC_RegularChannelConfig                 0x08000629   Thumb Code   116  stm32f10x_adc.o(i.ADC_RegularChannelConfig)
    ADC_ResetCalibration                     0x0800069d   Thumb Code    10  stm32f10x_adc.o(i.ADC_ResetCalibration)
    ADC_SoftwareStartConvCmd                 0x080006a7   Thumb Code    20  stm32f10x_adc.o(i.ADC_SoftwareStartConvCmd)
    ADC_StartCalibration                     0x080006bb   Thumb Code    10  stm32f10x_adc.o(i.ADC_StartCalibration)
    ADC_TempSensorVrefintCmd                 0x080006c5   Thumb Code    22  stm32f10x_adc.o(i.ADC_TempSensorVrefintCmd)
    BKP_DeInit                               0x080006e1   Thumb Code    18  stm32f10x_bkp.o(i.BKP_DeInit)
    BKP_ReadBackupRegister                   0x080006f5   Thumb Code    12  stm32f10x_bkp.o(i.BKP_ReadBackupRegister)
    BKP_WriteBackupRegister                  0x08000705   Thumb Code    12  stm32f10x_bkp.o(i.BKP_WriteBackupRegister)
    BusFault_Handler                         0x08000715   Thumb Code     2  stm32f10x_it.o(i.BusFault_Handler)
    Clock_config                             0x08000719   Thumb Code    98  bsp_xpt2046_lcd.o(i.Clock_config)
    DHT11_Init                               0x080007e1   Thumb Code    22  dht11.o(i.DHT11_Init)
    DMA_Cmd                                  0x080007f7   Thumb Code    22  stm32f10x_dma.o(i.DMA_Cmd)
    DMA_DeInit                               0x0800080d   Thumb Code   218  stm32f10x_dma.o(i.DMA_DeInit)
    DMA_Init                                 0x080008f1   Thumb Code    58  stm32f10x_dma.o(i.DMA_Init)
    DebugMon_Handler                         0x0800092b   Thumb Code     2  stm32f10x_it.o(i.DebugMon_Handler)
    Delay                                    0x0800092d   Thumb Code    16  lcdtpv1.o(i.Delay)
    Delay1                                   0x0800093d   Thumb Code    16  main.o(i.Delay1)
    Digital_clock                            0x0800094d   Thumb Code    84  bsp_xpt2046_lcd.o(i.Digital_clock)
    EXTI4_IRQHandler                         0x080009a5   Thumb Code    30  stm32f10x_it.o(i.EXTI4_IRQHandler)
    EXTI_ClearITPendingBit                   0x080009c9   Thumb Code     6  stm32f10x_exti.o(i.EXTI_ClearITPendingBit)
    EXTI_GetITStatus                         0x080009d5   Thumb Code    28  stm32f10x_exti.o(i.EXTI_GetITStatus)
    EXTI_Init                                0x080009f5   Thumb Code   108  stm32f10x_exti.o(i.EXTI_Init)
    FSMC_NORSRAMCmd                          0x08000a65   Thumb Code    26  stm32f10x_fsmc.o(i.FSMC_NORSRAMCmd)
    FSMC_NORSRAMInit                         0x08000a85   Thumb Code   200  stm32f10x_fsmc.o(i.FSMC_NORSRAMInit)
    GPIO_EXTILineConfig                      0x08000b4d   Thumb Code    34  stm32f10x_gpio.o(i.GPIO_EXTILineConfig)
    GPIO_Init                                0x08000b75   Thumb Code   162  stm32f10x_gpio.o(i.GPIO_Init)
    GPIO_ReadInputDataBit                    0x08000c17   Thumb Code    14  stm32f10x_gpio.o(i.GPIO_ReadInputDataBit)
    GPIO_ResetBits                           0x08000c25   Thumb Code     4  stm32f10x_gpio.o(i.GPIO_ResetBits)
    GPIO_SetBits                             0x08000c29   Thumb Code     4  stm32f10x_gpio.o(i.GPIO_SetBits)
    GPIO_WriteBit                            0x08000c2d   Thumb Code    10  stm32f10x_gpio.o(i.GPIO_WriteBit)
    HardFault_Handler                        0x08000c37   Thumb Code     2  stm32f10x_it.o(i.HardFault_Handler)
    Init_RTC                                 0x08000c39   Thumb Code   192  rtc.o(i.Init_RTC)
    Is_Leap_Year                             0x08000cf9   Thumb Code    38  rtc.o(i.Is_Leap_Year)
    LCD_BackLed_Control                      0x08000d21   Thumb Code    20  lcdtpv1.o(i.LCD_BackLed_Control)
    LCD_Clear                                0x08000d39   Thumb Code    26  lcdtpv1.o(i.LCD_Clear)
    LCD_DrawChar                             0x08000d55   Thumb Code    70  lcdtpv1.o(i.LCD_DrawChar)
    LCD_DrawChar_Color                       0x08000da5   Thumb Code    68  lcdtpv1.o(i.LCD_DrawChar_Color)
    LCD_DrawString                           0x08000df1   Thumb Code    64  lcdtpv1.o(i.LCD_DrawString)
    LCD_DrawString_Color                     0x08000e31   Thumb Code    80  lcdtpv1.o(i.LCD_DrawString_Color)
    LCD_FSMC_Config                          0x08000e81   Thumb Code    90  lcdtpv1.o(i.LCD_FSMC_Config)
    LCD_FillColor                            0x08000edd   Thumb Code    24  lcdtpv1.o(i.LCD_FillColor)
    LCD_GPIO_Config                          0x08000ef9   Thumb Code   208  lcdtpv1.o(i.LCD_GPIO_Config)
    LCD_GramScan                             0x08000fd1   Thumb Code   132  lcdtpv1.o(i.LCD_GramScan)
    LCD_INIT                                 0x08001059   Thumb Code    46  lcdtpv1.o(i.LCD_INIT)
    LCD_OpenWindow                           0x08001089   Thumb Code    58  lcdtpv1.o(i.LCD_OpenWindow)
    LCD_REG_Config                           0x080010c9   Thumb Code   368  lcdtpv1.o(i.LCD_REG_Config)
    LCD_Rst                                  0x08001241   Thumb Code    42  lcdtpv1.o(i.LCD_Rst)
    MemManage_Handler                        0x08001275   Thumb Code     2  stm32f10x_it.o(i.MemManage_Handler)
    Menu_conf                                0x08001279   Thumb Code   140  bsp_xpt2046_lcd.o(i.Menu_conf)
    Menu_touch                               0x08001375   Thumb Code   146  bsp_xpt2046_lcd.o(i.Menu_touch)
    NMI_Handler                              0x0800140d   Thumb Code     2  stm32f10x_it.o(i.NMI_Handler)
    NVIC_Init                                0x08001411   Thumb Code    94  misc.o(i.NVIC_Init)
    NVIC_PriorityGroupConfig                 0x08001475   Thumb Code    10  misc.o(i.NVIC_PriorityGroupConfig)
    NVIC_SetVectorTable                      0x08001489   Thumb Code    12  misc.o(i.NVIC_SetVectorTable)
    Next_touchkey                            0x0800149d   Thumb Code    44  bsp_xpt2046_lcd.o(i.Next_touchkey)
    PWM_INIT                                 0x080014cd   Thumb Code   142  pwm.o(i.PWM_INIT)
    PWR_BackupAccessCmd                      0x08001565   Thumb Code     6  stm32f10x_pwr.o(i.PWR_BackupAccessCmd)
    PendSV_Handler                           0x08001571   Thumb Code     2  stm32f10x_it.o(i.PendSV_Handler)
    RCC_ADCCLKConfig                         0x08001575   Thumb Code    14  stm32f10x_rcc.o(i.RCC_ADCCLKConfig)
    RCC_AHBPeriphClockCmd                    0x08001589   Thumb Code    18  stm32f10x_rcc.o(i.RCC_AHBPeriphClockCmd)
    RCC_APB1PeriphClockCmd                   0x080015a1   Thumb Code    18  stm32f10x_rcc.o(i.RCC_APB1PeriphClockCmd)
    RCC_APB2PeriphClockCmd                   0x080015b9   Thumb Code    18  stm32f10x_rcc.o(i.RCC_APB2PeriphClockCmd)
    RCC_BackupResetCmd                       0x080015d1   Thumb Code     6  stm32f10x_rcc.o(i.RCC_BackupResetCmd)
    RCC_ClearFlag                            0x080015dd   Thumb Code    12  stm32f10x_rcc.o(i.RCC_ClearFlag)
    RCC_GetFlagStatus                        0x080015ed   Thumb Code    44  stm32f10x_rcc.o(i.RCC_GetFlagStatus)
    RCC_LSEConfig                            0x0800161d   Thumb Code    28  stm32f10x_rcc.o(i.RCC_LSEConfig)
    RCC_RTCCLKCmd                            0x0800163d   Thumb Code     6  stm32f10x_rcc.o(i.RCC_RTCCLKCmd)
    RCC_RTCCLKConfig                         0x08001649   Thumb Code    10  stm32f10x_rcc.o(i.RCC_RTCCLKConfig)
    RTC_ClearITPendingBit                    0x08001659   Thumb Code    10  stm32f10x_rtc.o(i.RTC_ClearITPendingBit)
    RTC_EnterConfigMode                      0x08001669   Thumb Code    12  stm32f10x_rtc.o(i.RTC_EnterConfigMode)
    RTC_ExitConfigMode                       0x08001679   Thumb Code    12  stm32f10x_rtc.o(i.RTC_ExitConfigMode)
    RTC_GetCounter                           0x08001689   Thumb Code    16  stm32f10x_rtc.o(i.RTC_GetCounter)
    RTC_GetITStatus                          0x0800169d   Thumb Code    28  stm32f10x_rtc.o(i.RTC_GetITStatus)
    RTC_Get_Week                             0x080016bd   Thumb Code    76  rtc.o(i.RTC_Get_Week)
    RTC_IRQHandler                           0x0800170d   Thumb Code    36  rtc.o(i.RTC_IRQHandler)
    RTC_ITConfig                             0x08001731   Thumb Code    18  stm32f10x_rtc.o(i.RTC_ITConfig)
    RTC_SetCounter                           0x08001749   Thumb Code    26  stm32f10x_rtc.o(i.RTC_SetCounter)
    RTC_SetPrescaler                         0x08001769   Thumb Code    28  stm32f10x_rtc.o(i.RTC_SetPrescaler)
    RTC_WaitForLastTask                      0x08001789   Thumb Code    10  stm32f10x_rtc.o(i.RTC_WaitForLastTask)
    RTC_WaitForSynchro                       0x08001799   Thumb Code    18  stm32f10x_rtc.o(i.RTC_WaitForSynchro)
    SVC_Handler                              0x080017b1   Thumb Code     2  stm32f10x_it.o(i.SVC_Handler)
    SysTick_Handler                          0x0800185d   Thumb Code     2  stm32f10x_it.o(i.SysTick_Handler)
    SystemInit                               0x08001861   Thumb Code    64  system_stm32f10x.o(i.SystemInit)
    TIM_ARRPreloadConfig                     0x080018b1   Thumb Code    20  stm32f10x_tim.o(i.TIM_ARRPreloadConfig)
    TIM_Cmd                                  0x080018c5   Thumb Code    20  stm32f10x_tim.o(i.TIM_Cmd)
    TIM_CtrlPWMOutputs                       0x080018d9   Thumb Code    22  stm32f10x_tim.o(i.TIM_CtrlPWMOutputs)
    TIM_OC1Init                              0x080018f1   Thumb Code   106  stm32f10x_tim.o(i.TIM_OC1Init)
    TIM_OC1PreloadConfig                     0x08001971   Thumb Code    12  stm32f10x_tim.o(i.TIM_OC1PreloadConfig)
    TIM_TimeBaseInit                         0x0800197d   Thumb Code   114  stm32f10x_tim.o(i.TIM_TimeBaseInit)
    Time_Get                                 0x08001a19   Thumb Code   276  rtc.o(i.Time_Get)
    Time_Set                                 0x08001b65   Thumb Code    26  rtc.o(i.Time_Set)
    Time_Update                              0x08001b81   Thumb Code   174  rtc.o(i.Time_Update)
    UsageFault_Handler                       0x08001c41   Thumb Code     2  stm32f10x_it.o(i.UsageFault_Handler)
    XPT2046_Get_TouchedPoint                 0x08001cd1   Thumb Code   150  bsp_xpt2046_lcd.o(i.XPT2046_Get_TouchedPoint)
    XPT2046_Init                             0x08001d69   Thumb Code   102  bsp_xpt2046_lcd.o(i.XPT2046_Init)
    __0sprintf$3                             0x08001fb1   Thumb Code    34  printf3.o(i.__0sprintf$3)
    __1sprintf$3                             0x08001fb1   Thumb Code     0  printf3.o(i.__0sprintf$3)
    __2sprintf                               0x08001fb1   Thumb Code     0  printf3.o(i.__0sprintf$3)
    __scatterload_copy                       0x08001fd9   Thumb Code    14  handlers.o(i.__scatterload_copy)
    __scatterload_null                       0x08001fe7   Thumb Code     2  handlers.o(i.__scatterload_null)
    __scatterload_zeroinit                   0x08001fe9   Thumb Code    14  handlers.o(i.__scatterload_zeroinit)
    auto_light_mode                          0x080021bd   Thumb Code    58  bsp_xpt2046_lcd.o(i.auto_light_mode)
    date_adjust                              0x0800221d   Thumb Code   702  rtc.o(i.date_adjust)
    delay_m                                  0x0800256d   Thumb Code    28  delay.o(i.delay_m)
    delay_u                                  0x08002589   Thumb Code    54  delay.o(i.delay_u)
    dht11_dataRead                           0x080025c1   Thumb Code   182  bsp_xpt2046_lcd.o(i.dht11_dataRead)
    dht11_display                            0x080026b1   Thumb Code    58  bsp_xpt2046_lcd.o(i.dht11_display)
    init_adc1                                0x0800270d   Thumb Code   204  adc.o(i.init_adc1)
    init_adc2                                0x080027e5   Thumb Code   204  adc.o(i.init_adc2)
    led_intentsity_range                     0x080028bd   Thumb Code   318  bsp_xpt2046_lcd.o(i.led_intentsity_range)
    main                                     0x08002a05   Thumb Code   256  main.o(i.main)
    manual_control_mode                      0x08002b4d   Thumb Code   120  bsp_xpt2046_lcd.o(i.manual_control_mode)
    passive_control                          0x08002c1d   Thumb Code   164  bsp_xpt2046_lcd.o(i.passive_control)
    time_adjust                              0x08002ccd   Thumb Code   690  rtc.o(i.time_adjust)
    ucAscii_1608                             0x08003020   Data        1520  lcdtpv1.o(.constdata)
    table_week                               0x08003610   Data          12  rtc.o(.constdata)
    mon_table                                0x0800361c   Data          12  rtc.o(.constdata)
    Region$$Table$$Base                      0x08003628   Number         0  anon$$obj.o(Region$$Table)
    Region$$Table$$Limit                     0x08003648   Number         0  anon$$obj.o(Region$$Table)
    pStr0                                    0x20000000   Data           4  main.o(.data)
    pStr1                                    0x20000004   Data           4  main.o(.data)
    pStr2                                    0x20000008   Data           4  main.o(.data)
    pStr3                                    0x2000000c   Data           4  main.o(.data)
    ucXPT2046_TouchFlag                      0x20000010   Data           1  bsp_xpt2046_lcd.o(.data)
    custom_temp                              0x20000011   Data           1  bsp_xpt2046_lcd.o(.data)
    custom_hum                               0x20000012   Data           1  bsp_xpt2046_lcd.o(.data)
    function_flag                            0x20000014   Data           4  bsp_xpt2046_lcd.o(.data)
    ADCConvertedValue1                       0x20000018   Data           4  bsp_xpt2046_lcd.o(.data)
    strXPT2046_TouchPara                     0x20000020   Data          48  bsp_xpt2046_lcd.o(.data)
    ADCConvertedValue2                       0x20000050   Data           4  bsp_xpt2046_lcd.o(.data)
    stringTemp                               0x2000005c   Data          10  bsp_xpt2046_lcd.o(.bss)
    stringHum                                0x20000066   Data          10  bsp_xpt2046_lcd.o(.bss)
    timer                                    0x20000070   Data          10  rtc.o(.bss)
    time_clock                               0x2000007a   Data          20  rtc.o(.bss)
    time_date                                0x2000008e   Data          20  rtc.o(.bss)
    __initial_sp                             0x200004a8   Data           0  startup_stm32f10x_hd.o(STACK)



==============================================================================

Memory Map of the image

  Image Entry point : 0x08000131

  Load Region LR_IROM1 (Base: 0x08000000, Size: 0x000036a4, Max: 0x00080000, ABSOLUTE)

    Execution Region ER_IROM1 (Base: 0x08000000, Size: 0x00003648, Max: 0x00080000, ABSOLUTE)

    Base Addr    Size         Type   Attr      Idx    E Section Name        Object

    0x08000000   0x00000130   Data   RO            3    RESET               startup_stm32f10x_hd.o
    0x08000130   0x00000000   Code   RO         3736  * .ARM.Collect$$$$00000000  mc_w.l(entry.o)
    0x08000130   0x00000004   Code   RO         4021    .ARM.Collect$$$$00000001  mc_w.l(entry2.o)
    0x08000134   0x00000004   Code   RO         4024    .ARM.Collect$$$$00000004  mc_w.l(entry5.o)
    0x08000138   0x00000000   Code   RO         4026    .ARM.Collect$$$$00000008  mc_w.l(entry7b.o)
    0x08000138   0x00000000   Code   RO         4028    .ARM.Collect$$$$0000000A  mc_w.l(entry8b.o)
    0x08000138   0x00000008   Code   RO         4029    .ARM.Collect$$$$0000000B  mc_w.l(entry9a.o)
    0x08000140   0x00000000   Code   RO         4031    .ARM.Collect$$$$0000000D  mc_w.l(entry10a.o)
    0x08000140   0x00000000   Code   RO         4033    .ARM.Collect$$$$0000000F  mc_w.l(entry11a.o)
    0x08000140   0x00000004   Code   RO         4022    .ARM.Collect$$$$00002712  mc_w.l(entry2.o)
    0x08000144   0x00000024   Code   RO            4    .text               startup_stm32f10x_hd.o
    0x08000168   0x00000024   Code   RO         3739    .text               mc_w.l(rand.o)
    0x0800018c   0x00000024   Code   RO         3742    .text               mc_w.l(memseta.o)
    0x080001b0   0x0000014e   Code   RO         4007    .text               mf_w.l(dadd.o)
    0x080002fe   0x000000e4   Code   RO         4009    .text               mf_w.l(dmul.o)
    0x080003e2   0x0000001a   Code   RO         4015    .text               mf_w.l(dfltui.o)
    0x080003fc   0x00000032   Code   RO         4017    .text               mf_w.l(dfixui.o)
    0x0800042e   0x0000002c   Code   RO         4036    .text               mc_w.l(uidiv.o)
    0x0800045a   0x0000001e   Code   RO         4040    .text               mc_w.l(llshl.o)
    0x08000478   0x00000020   Code   RO         4042    .text               mc_w.l(llushr.o)
    0x08000498   0x00000024   Code   RO         4044    .text               mc_w.l(llsshr.o)
    0x080004bc   0x00000000   Code   RO         4046    .text               mc_w.l(iusefp.o)
    0x080004bc   0x000000ba   Code   RO         4047    .text               mf_w.l(depilogue.o)
    0x08000576   0x00000002   PAD
    0x08000578   0x00000024   Code   RO         4053    .text               mc_w.l(init.o)
    0x0800059c   0x00000014   Code   RO          178    i.ADC_Cmd           stm32f10x_adc.o
    0x080005b0   0x00000014   Code   RO          179    i.ADC_DMACmd        stm32f10x_adc.o
    0x080005c4   0x0000000e   Code   RO          186    i.ADC_GetCalibrationStatus  stm32f10x_adc.o
    0x080005d2   0x0000000e   Code   RO          192    i.ADC_GetResetCalibrationStatus  stm32f10x_adc.o
    0x080005e0   0x00000048   Code   RO          196    i.ADC_Init          stm32f10x_adc.o
    0x08000628   0x00000074   Code   RO          200    i.ADC_RegularChannelConfig  stm32f10x_adc.o
    0x0800069c   0x0000000a   Code   RO          201    i.ADC_ResetCalibration  stm32f10x_adc.o
    0x080006a6   0x00000014   Code   RO          203    i.ADC_SoftwareStartConvCmd  stm32f10x_adc.o
    0x080006ba   0x0000000a   Code   RO          205    i.ADC_StartCalibration  stm32f10x_adc.o
    0x080006c4   0x0000001c   Code   RO          207    i.ADC_TempSensorVrefintCmd  stm32f10x_adc.o
    0x080006e0   0x00000012   Code   RO          396    i.BKP_DeInit        stm32f10x_bkp.o
    0x080006f2   0x00000002   PAD
    0x080006f4   0x00000010   Code   RO          401    i.BKP_ReadBackupRegister  stm32f10x_bkp.o
    0x08000704   0x00000010   Code   RO          405    i.BKP_WriteBackupRegister  stm32f10x_bkp.o
    0x08000714   0x00000002   Code   RO         3139    i.BusFault_Handler  stm32f10x_it.o
    0x08000716   0x00000002   PAD
    0x08000718   0x000000c8   Code   RO         3363    i.Clock_config      bsp_xpt2046_lcd.o
    0x080007e0   0x00000016   Code   RO         3566    i.DHT11_Init        dht11.o
    0x080007f6   0x00000016   Code   RO          863    i.DMA_Cmd           stm32f10x_dma.o
    0x0800080c   0x000000e4   Code   RO          864    i.DMA_DeInit        stm32f10x_dma.o
    0x080008f0   0x0000003a   Code   RO          869    i.DMA_Init          stm32f10x_dma.o
    0x0800092a   0x00000002   Code   RO         3140    i.DebugMon_Handler  stm32f10x_it.o
    0x0800092c   0x00000010   Code   RO         3208    i.Delay             lcdtpv1.o
    0x0800093c   0x00000010   Code   RO         3085    i.Delay1            main.o
    0x0800094c   0x00000058   Code   RO         3364    i.Digital_clock     bsp_xpt2046_lcd.o
    0x080009a4   0x00000024   Code   RO         3141    i.EXTI4_IRQHandler  stm32f10x_it.o
    0x080009c8   0x0000000c   Code   RO          934    i.EXTI_ClearITPendingBit  stm32f10x_exti.o
    0x080009d4   0x00000020   Code   RO          938    i.EXTI_GetITStatus  stm32f10x_exti.o
    0x080009f4   0x00000070   Code   RO          939    i.EXTI_Init         stm32f10x_exti.o
    0x08000a64   0x00000020   Code   RO         1170    i.FSMC_NORSRAMCmd   stm32f10x_fsmc.o
    0x08000a84   0x000000c8   Code   RO         1172    i.FSMC_NORSRAMInit  stm32f10x_fsmc.o
    0x08000b4c   0x00000028   Code   RO         1282    i.GPIO_EXTILineConfig  stm32f10x_gpio.o
    0x08000b74   0x000000a2   Code   RO         1285    i.GPIO_Init         stm32f10x_gpio.o
    0x08000c16   0x0000000e   Code   RO         1289    i.GPIO_ReadInputDataBit  stm32f10x_gpio.o
    0x08000c24   0x00000004   Code   RO         1292    i.GPIO_ResetBits    stm32f10x_gpio.o
    0x08000c28   0x00000004   Code   RO         1293    i.GPIO_SetBits      stm32f10x_gpio.o
    0x08000c2c   0x0000000a   Code   RO         1296    i.GPIO_WriteBit     stm32f10x_gpio.o
    0x08000c36   0x00000002   Code   RO         3142    i.HardFault_Handler  stm32f10x_it.o
    0x08000c38   0x000000c0   Code   RO         3634    i.Init_RTC          rtc.o
    0x08000cf8   0x00000026   Code   RO         3635    i.Is_Leap_Year      rtc.o
    0x08000d1e   0x00000002   PAD
    0x08000d20   0x00000018   Code   RO         3209    i.LCD_BackLed_Control  lcdtpv1.o
    0x08000d38   0x0000001a   Code   RO         3210    i.LCD_Clear         lcdtpv1.o
    0x08000d52   0x00000002   PAD
    0x08000d54   0x00000050   Code   RO         3211    i.LCD_DrawChar      lcdtpv1.o
    0x08000da4   0x0000004c   Code   RO         3212    i.LCD_DrawChar_Color  lcdtpv1.o
    0x08000df0   0x00000040   Code   RO         3217    i.LCD_DrawString    lcdtpv1.o
    0x08000e30   0x00000050   Code   RO         3218    i.LCD_DrawString_Color  lcdtpv1.o
    0x08000e80   0x0000005a   Code   RO         3219    i.LCD_FSMC_Config   lcdtpv1.o
    0x08000eda   0x00000002   PAD
    0x08000edc   0x0000001c   Code   RO         3220    i.LCD_FillColor     lcdtpv1.o
    0x08000ef8   0x000000d8   Code   RO         3221    i.LCD_GPIO_Config   lcdtpv1.o
    0x08000fd0   0x00000088   Code   RO         3223    i.LCD_GramScan      lcdtpv1.o
    0x08001058   0x0000002e   Code   RO         3224    i.LCD_INIT          lcdtpv1.o
    0x08001086   0x00000002   PAD
    0x08001088   0x00000040   Code   RO         3225    i.LCD_OpenWindow    lcdtpv1.o
    0x080010c8   0x00000178   Code   RO         3226    i.LCD_REG_Config    lcdtpv1.o
    0x08001240   0x00000034   Code   RO         3229    i.LCD_Rst           lcdtpv1.o
    0x08001274   0x00000002   Code   RO         3143    i.MemManage_Handler  stm32f10x_it.o
    0x08001276   0x00000002   PAD
    0x08001278   0x000000fc   Code   RO         3365    i.Menu_conf         bsp_xpt2046_lcd.o
    0x08001374   0x00000098   Code   RO         3366    i.Menu_touch        bsp_xpt2046_lcd.o
    0x0800140c   0x00000002   Code   RO         3144    i.NMI_Handler       stm32f10x_it.o
    0x0800140e   0x00000002   PAD
    0x08001410   0x00000064   Code   RO          132    i.NVIC_Init         misc.o
    0x08001474   0x00000014   Code   RO          133    i.NVIC_PriorityGroupConfig  misc.o
    0x08001488   0x00000014   Code   RO          134    i.NVIC_SetVectorTable  misc.o
    0x0800149c   0x00000030   Code   RO         3367    i.Next_touchkey     bsp_xpt2046_lcd.o
    0x080014cc   0x00000098   Code   RO         3616    i.PWM_INIT          pwm.o
    0x08001564   0x0000000c   Code   RO         1639    i.PWR_BackupAccessCmd  stm32f10x_pwr.o
    0x08001570   0x00000002   Code   RO         3145    i.PendSV_Handler    stm32f10x_it.o
    0x08001572   0x00000002   PAD
    0x08001574   0x00000014   Code   RO         1699    i.RCC_ADCCLKConfig  stm32f10x_rcc.o
    0x08001588   0x00000018   Code   RO         1700    i.RCC_AHBPeriphClockCmd  stm32f10x_rcc.o
    0x080015a0   0x00000018   Code   RO         1701    i.RCC_APB1PeriphClockCmd  stm32f10x_rcc.o
    0x080015b8   0x00000018   Code   RO         1703    i.RCC_APB2PeriphClockCmd  stm32f10x_rcc.o
    0x080015d0   0x0000000c   Code   RO         1706    i.RCC_BackupResetCmd  stm32f10x_rcc.o
    0x080015dc   0x00000010   Code   RO         1707    i.RCC_ClearFlag     stm32f10x_rcc.o
    0x080015ec   0x00000030   Code   RO         1712    i.RCC_GetFlagStatus  stm32f10x_rcc.o
    0x0800161c   0x00000020   Code   RO         1719    i.RCC_LSEConfig     stm32f10x_rcc.o
    0x0800163c   0x0000000c   Code   RO         1726    i.RCC_RTCCLKCmd     stm32f10x_rcc.o
    0x08001648   0x00000010   Code   RO         1727    i.RCC_RTCCLKConfig  stm32f10x_rcc.o
    0x08001658   0x00000010   Code   RO         1900    i.RTC_ClearITPendingBit  stm32f10x_rtc.o
    0x08001668   0x00000010   Code   RO         1901    i.RTC_EnterConfigMode  stm32f10x_rtc.o
    0x08001678   0x00000010   Code   RO         1902    i.RTC_ExitConfigMode  stm32f10x_rtc.o
    0x08001688   0x00000014   Code   RO         1903    i.RTC_GetCounter    stm32f10x_rtc.o
    0x0800169c   0x00000020   Code   RO         1906    i.RTC_GetITStatus   stm32f10x_rtc.o
    0x080016bc   0x00000050   Code   RO         3636    i.RTC_Get_Week      rtc.o
    0x0800170c   0x00000024   Code   RO         3637    i.RTC_IRQHandler    rtc.o
    0x08001730   0x00000018   Code   RO         1907    i.RTC_ITConfig      stm32f10x_rtc.o
    0x08001748   0x00000020   Code   RO         1909    i.RTC_SetCounter    stm32f10x_rtc.o
    0x08001768   0x00000020   Code   RO         1910    i.RTC_SetPrescaler  stm32f10x_rtc.o
    0x08001788   0x00000010   Code   RO         1911    i.RTC_WaitForLastTask  stm32f10x_rtc.o
    0x08001798   0x00000018   Code   RO         1912    i.RTC_WaitForSynchro  stm32f10x_rtc.o
    0x080017b0   0x00000002   Code   RO         3146    i.SVC_Handler       stm32f10x_it.o
    0x080017b2   0x00000002   PAD
    0x080017b4   0x000000a8   Code   RO           24    i.SetSysClockTo72   system_stm32f10x.o
    0x0800185c   0x00000002   Code   RO         3147    i.SysTick_Handler   stm32f10x_it.o
    0x0800185e   0x00000002   PAD
    0x08001860   0x00000050   Code   RO           26    i.SystemInit        system_stm32f10x.o
    0x080018b0   0x00000014   Code   RO         2320    i.TIM_ARRPreloadConfig  stm32f10x_tim.o
    0x080018c4   0x00000014   Code   RO         2332    i.TIM_Cmd           stm32f10x_tim.o
    0x080018d8   0x00000016   Code   RO         2334    i.TIM_CtrlPWMOutputs  stm32f10x_tim.o
    0x080018ee   0x00000002   PAD
    0x080018f0   0x00000080   Code   RO         2361    i.TIM_OC1Init       stm32f10x_tim.o
    0x08001970   0x0000000c   Code   RO         2364    i.TIM_OC1PreloadConfig  stm32f10x_tim.o
    0x0800197c   0x0000009c   Code   RO         2403    i.TIM_TimeBaseInit  stm32f10x_tim.o
    0x08001a18   0x0000014c   Code   RO         3638    i.Time_Get          rtc.o
    0x08001b64   0x0000001a   Code   RO         3639    i.Time_Set          rtc.o
    0x08001b7e   0x00000002   PAD
    0x08001b80   0x000000c0   Code   RO         3640    i.Time_Update       rtc.o
    0x08001c40   0x00000002   Code   RO         3148    i.UsageFault_Handler  stm32f10x_it.o
    0x08001c42   0x00000018   Code   RO         3369    i.XPT2046_DelayUS   bsp_xpt2046_lcd.o
    0x08001c5a   0x00000002   PAD
    0x08001c5c   0x00000074   Code   RO         3370    i.XPT2046_GPIO_SPI_Config  bsp_xpt2046_lcd.o
    0x08001cd0   0x00000096   Code   RO         3371    i.XPT2046_Get_TouchedPoint  bsp_xpt2046_lcd.o
    0x08001d66   0x00000002   PAD
    0x08001d68   0x0000006c   Code   RO         3372    i.XPT2046_Init      bsp_xpt2046_lcd.o
    0x08001dd4   0x000000a0   Code   RO         3373    i.XPT2046_ReadAdc   bsp_xpt2046_lcd.o
    0x08001e74   0x0000013c   Code   RO         3374    i.XPT2046_ReadAdc_Smooth_XY  bsp_xpt2046_lcd.o
    0x08001fb0   0x00000028   Code   RO         3837    i.__0sprintf$3      mc_w.l(printf3.o)
    0x08001fd8   0x0000000e   Code   RO         4057    i.__scatterload_copy  mc_w.l(handlers.o)
    0x08001fe6   0x00000002   Code   RO         4058    i.__scatterload_null  mc_w.l(handlers.o)
    0x08001fe8   0x0000000e   Code   RO         4059    i.__scatterload_zeroinit  mc_w.l(handlers.o)
    0x08001ff6   0x00000002   PAD
    0x08001ff8   0x000001b8   Code   RO         3842    i._printf_core      mc_w.l(printf3.o)
    0x080021b0   0x0000000a   Code   RO         3844    i._sputc            mc_w.l(printf3.o)
    0x080021ba   0x00000002   PAD
    0x080021bc   0x00000060   Code   RO         3376    i.auto_light_mode   bsp_xpt2046_lcd.o
    0x0800221c   0x00000350   Code   RO         3641    i.date_adjust       rtc.o
    0x0800256c   0x0000001c   Code   RO         3538    i.delay_m           delay.o
    0x08002588   0x00000036   Code   RO         3539    i.delay_u           delay.o
    0x080025be   0x00000002   PAD
    0x080025c0   0x000000f0   Code   RO         3377    i.dht11_dataRead    bsp_xpt2046_lcd.o
    0x080026b0   0x0000005c   Code   RO         3378    i.dht11_display     bsp_xpt2046_lcd.o
    0x0800270c   0x000000d8   Code   RO         3503    i.init_adc1         adc.o
    0x080027e4   0x000000d8   Code   RO         3504    i.init_adc2         adc.o
    0x080028bc   0x00000148   Code   RO         3380    i.led_intentsity_range  bsp_xpt2046_lcd.o
    0x08002a04   0x00000148   Code   RO         3086    i.main              main.o
    0x08002b4c   0x000000d0   Code   RO         3381    i.manual_control_mode  bsp_xpt2046_lcd.o
    0x08002c1c   0x000000b0   Code   RO         3382    i.passive_control   bsp_xpt2046_lcd.o
    0x08002ccc   0x00000354   Code   RO         3642    i.time_adjust       rtc.o
    0x08003020   0x000005f0   Data   RO         3233    .constdata          lcdtpv1.o
    0x08003610   0x00000018   Data   RO         3644    .constdata          rtc.o
    0x08003628   0x00000020   Data   RO         4055    Region$$Table       anon$$obj.o


    Execution Region RW_IRAM1 (Base: 0x20000000, Size: 0x000004a8, Max: 0x00010000, ABSOLUTE)

    Base Addr    Size         Type   Attr      Idx    E Section Name        Object

    0x20000000   0x00000010   Data   RW         3087    .data               main.o
    0x20000010   0x00000040   Data   RW         3384    .data               bsp_xpt2046_lcd.o
    0x20000050   0x00000004   Data   RW         3385    .data               bsp_xpt2046_lcd.o
    0x20000054   0x00000002   Data   RW         3645    .data               rtc.o
    0x20000056   0x00000002   PAD
    0x20000058   0x00000004   Data   RW         3740    .data               mc_w.l(rand.o)
    0x2000005c   0x00000014   Zero   RW         3383    .bss                bsp_xpt2046_lcd.o
    0x20000070   0x00000032   Zero   RW         3643    .bss                rtc.o
    0x200000a2   0x00000006   PAD
    0x200000a8   0x00000400   Zero   RW            1    STACK               startup_stm32f10x_hd.o


==============================================================================

Image component sizes


      Code (inc. data)   RO Data    RW Data    ZI Data      Debug   Object Name

       432         24          0          0          0       1296   adc.o
      2754        496          0         68         20      14427   bsp_xpt2046_lcd.o
         0          0          0          0          0       4508   core_cm3.o
        82          0          0          0          0       1052   delay.o
        22          0          0          0          0        457   dht11.o
      1374         62       1520          0          0      14726   lcdtpv1.o
       344         72          0         16          0       4480   main.o
       140         24          0          0          0       2077   misc.o
       152         10          0          0          0        647   pwm.o
      2596        386         24          2         50       8092   rtc.o
        36          8        304          0       1024        872   startup_stm32f10x_hd.o
       324         16          0          0          0       8104   stm32f10x_adc.o
        50          8          0          0          0       2700   stm32f10x_bkp.o
       308         10          0          0          0       3634   stm32f10x_dma.o
       156         14          0          0          0       2216   stm32f10x_exti.o
       232          6          0          0          0       1917   stm32f10x_fsmc.o
       234          6          0          0          0       4874   stm32f10x_gpio.o
        54          6          0          0          0       4445   stm32f10x_it.o
        12          6          0          0          0        518   stm32f10x_pwr.o
       228         54          0          0          0       5577   stm32f10x_rcc.o
       228         50          0          0          0       5746   stm32f10x_rtc.o
       358         64          0          0          0       5129   stm32f10x_tim.o
       248         24          0          0          0     264317   system_stm32f10x.o

    ----------------------------------------------------------------------
     10396       1346       1880         88       1100     361811   Object Totals
         0          0         32          0          0          0   (incl. Generated)
        32          0          0          2          6          0   (incl. Padding)

    ----------------------------------------------------------------------

      Code (inc. data)   RO Data    RW Data    ZI Data      Debug   Library Member Name

         0          0          0          0          0          0   entry.o
         0          0          0          0          0          0   entry10a.o
         0          0          0          0          0          0   entry11a.o
         8          4          0          0          0          0   entry2.o
         4          0          0          0          0          0   entry5.o
         0          0          0          0          0          0   entry7b.o
         0          0          0          0          0          0   entry8b.o
         8          4          0          0          0          0   entry9a.o
        30          0          0          0          0          0   handlers.o
        36          8          0          0          0         68   init.o
         0          0          0          0          0          0   iusefp.o
        30          0          0          0          0         68   llshl.o
        36          0          0          0          0         68   llsshr.o
        32          0          0          0          0         68   llushr.o
        36          0          0          0          0        108   memseta.o
       490         10          0          0          0        252   printf3.o
        36         10          0          4          0        136   rand.o
        44          0          0          0          0         80   uidiv.o
       334          0          0          0          0        148   dadd.o
       186          0          0          0          0        176   depilogue.o
        50          0          0          0          0         76   dfixui.o
        26          0          0          0          0         76   dfltui.o
       228          0          0          0          0         96   dmul.o

    ----------------------------------------------------------------------
      1620         36          0          4          0       1420   Library Totals
         6          0          0          0          0          0   (incl. Padding)

    ----------------------------------------------------------------------

      Code (inc. data)   RO Data    RW Data    ZI Data      Debug   Library Name

       790         36          0          4          0        848   mc_w.l
       824          0          0          0          0        572   mf_w.l

    ----------------------------------------------------------------------
      1620         36          0          4          0       1420   Library Totals

    ----------------------------------------------------------------------

==============================================================================


      Code (inc. data)   RO Data    RW Data    ZI Data      Debug   

     12016       1382       1880         92       1100     356831   Grand Totals
     12016       1382       1880         92       1100     356831   ELF Image Totals
     12016       1382       1880         92          0          0   ROM Totals

==============================================================================

    Total RO  Size (Code + RO Data)                13896 (  13.57kB)
    Total RW  Size (RW Data + ZI Data)              1192 (   1.16kB)
    Total ROM Size (Code + RO Data + RW Data)      13988 (  13.66kB)

==============================================================================

