Component: ARM Compiler 5.06 update 4 (build 422) Tool: armlink [4d35d2]

==============================================================================

Section Cross References

    startup_stm32f10x_hd.o(RESET) refers to startup_stm32f10x_hd.o(STACK) for __initial_sp
    startup_stm32f10x_hd.o(RESET) refers to startup_stm32f10x_hd.o(.text) for Reset_Handler
    startup_stm32f10x_hd.o(RESET) refers to stm32f10x_it.o(i.NMI_Handler) for NMI_Handler
    startup_stm32f10x_hd.o(RESET) refers to stm32f10x_it.o(i.HardFault_Handler) for HardFault_Handler
    startup_stm32f10x_hd.o(RESET) refers to stm32f10x_it.o(i.MemManage_Handler) for MemManage_Handler
    startup_stm32f10x_hd.o(RESET) refers to stm32f10x_it.o(i.BusFault_Handler) for BusFault_Handler
    startup_stm32f10x_hd.o(RESET) refers to stm32f10x_it.o(i.UsageFault_Handler) for UsageFault_Handler
    startup_stm32f10x_hd.o(RESET) refers to stm32f10x_it.o(i.SVC_Handler) for SVC_Handler
    startup_stm32f10x_hd.o(RESET) refers to stm32f10x_it.o(i.DebugMon_Handler) for DebugMon_Handler
    startup_stm32f10x_hd.o(RESET) refers to stm32f10x_it.o(i.PendSV_Handler) for PendSV_Handler
    startup_stm32f10x_hd.o(RESET) refers to stm32f10x_it.o(i.SysTick_Handler) for SysTick_Handler
    startup_stm32f10x_hd.o(RESET) refers to stm32f10x_it.o(i.EXTI4_IRQHandler) for EXTI4_IRQHandler
    startup_stm32f10x_hd.o(RESET) refers to stm32f10x_it.o(i.USART1_IRQHandler) for USART1_IRQHandler
    startup_stm32f10x_hd.o(RESET) refers to stm32f10x_it.o(i.SDIO_IRQHandler) for SDIO_IRQHandler
    startup_stm32f10x_hd.o(.text) refers to system_stm32f10x.o(i.SystemInit) for SystemInit
    startup_stm32f10x_hd.o(.text) refers to entry.o(.ARM.Collect$$$$00000000) for __main
    system_stm32f10x.o(i.SetSysClock) refers to system_stm32f10x.o(i.SetSysClockTo72) for SetSysClockTo72
    system_stm32f10x.o(i.SystemCoreClockUpdate) refers to system_stm32f10x.o(.data) for SystemCoreClock
    system_stm32f10x.o(i.SystemInit) refers to system_stm32f10x.o(i.SetSysClock) for SetSysClock
    stm32f10x_adc.o(i.ADC_DeInit) refers to stm32f10x_rcc.o(i.RCC_APB2PeriphResetCmd) for RCC_APB2PeriphResetCmd
    stm32f10x_bkp.o(i.BKP_DeInit) refers to stm32f10x_rcc.o(i.RCC_BackupResetCmd) for RCC_BackupResetCmd
    stm32f10x_can.o(i.CAN_DeInit) refers to stm32f10x_rcc.o(i.RCC_APB1PeriphResetCmd) for RCC_APB1PeriphResetCmd
    stm32f10x_can.o(i.CAN_GetITStatus) refers to stm32f10x_can.o(i.CheckITStatus) for CheckITStatus
    stm32f10x_cec.o(i.CEC_DeInit) refers to stm32f10x_rcc.o(i.RCC_APB1PeriphResetCmd) for RCC_APB1PeriphResetCmd
    stm32f10x_dac.o(i.DAC_DeInit) refers to stm32f10x_rcc.o(i.RCC_APB1PeriphResetCmd) for RCC_APB1PeriphResetCmd
    stm32f10x_flash.o(i.FLASH_EnableWriteProtection) refers to stm32f10x_flash.o(i.FLASH_WaitForLastOperation) for FLASH_WaitForLastOperation
    stm32f10x_flash.o(i.FLASH_EraseAllBank1Pages) refers to stm32f10x_flash.o(i.FLASH_WaitForLastBank1Operation) for FLASH_WaitForLastBank1Operation
    stm32f10x_flash.o(i.FLASH_EraseAllPages) refers to stm32f10x_flash.o(i.FLASH_WaitForLastOperation) for FLASH_WaitForLastOperation
    stm32f10x_flash.o(i.FLASH_EraseOptionBytes) refers to stm32f10x_flash.o(i.FLASH_GetReadOutProtectionStatus) for FLASH_GetReadOutProtectionStatus
    stm32f10x_flash.o(i.FLASH_EraseOptionBytes) refers to stm32f10x_flash.o(i.FLASH_WaitForLastOperation) for FLASH_WaitForLastOperation
    stm32f10x_flash.o(i.FLASH_ErasePage) refers to stm32f10x_flash.o(i.FLASH_WaitForLastOperation) for FLASH_WaitForLastOperation
    stm32f10x_flash.o(i.FLASH_ProgramHalfWord) refers to stm32f10x_flash.o(i.FLASH_WaitForLastOperation) for FLASH_WaitForLastOperation
    stm32f10x_flash.o(i.FLASH_ProgramOptionByteData) refers to stm32f10x_flash.o(i.FLASH_WaitForLastOperation) for FLASH_WaitForLastOperation
    stm32f10x_flash.o(i.FLASH_ProgramWord) refers to stm32f10x_flash.o(i.FLASH_WaitForLastOperation) for FLASH_WaitForLastOperation
    stm32f10x_flash.o(i.FLASH_ReadOutProtection) refers to stm32f10x_flash.o(i.FLASH_WaitForLastOperation) for FLASH_WaitForLastOperation
    stm32f10x_flash.o(i.FLASH_UserOptionByteConfig) refers to stm32f10x_flash.o(i.FLASH_WaitForLastOperation) for FLASH_WaitForLastOperation
    stm32f10x_flash.o(i.FLASH_WaitForLastBank1Operation) refers to stm32f10x_flash.o(i.FLASH_GetBank1Status) for FLASH_GetBank1Status
    stm32f10x_flash.o(i.FLASH_WaitForLastOperation) refers to stm32f10x_flash.o(i.FLASH_GetBank1Status) for FLASH_GetBank1Status
    stm32f10x_gpio.o(i.GPIO_AFIODeInit) refers to stm32f10x_rcc.o(i.RCC_APB2PeriphResetCmd) for RCC_APB2PeriphResetCmd
    stm32f10x_gpio.o(i.GPIO_DeInit) refers to stm32f10x_rcc.o(i.RCC_APB2PeriphResetCmd) for RCC_APB2PeriphResetCmd
    stm32f10x_i2c.o(i.I2C_DeInit) refers to stm32f10x_rcc.o(i.RCC_APB1PeriphResetCmd) for RCC_APB1PeriphResetCmd
    stm32f10x_i2c.o(i.I2C_Init) refers to stm32f10x_rcc.o(i.RCC_GetClocksFreq) for RCC_GetClocksFreq
[...]
    ..\..\Libraries\CMSIS\core_cm3.c         0x00000000   Number         0  core_cm3.o ABSOLUTE
    ..\..\Libraries\CMSIS\startup\startup_stm32f10x_hd.s 0x00000000   Number         0  startup_stm32f10x_hd.o ABSOLUTE
    ..\..\Libraries\CMSIS\system_stm32f10x.c 0x00000000   Number         0  system_stm32f10x.o ABSOLUTE
    ..\..\Libraries\FWlib\src\misc.c         0x00000000   Number         0  misc.o ABSOLUTE
    ..\..\Libraries\FWlib\src\stm32f10x_adc.c 0x00000000   Number         0  stm32f10x_adc.o ABSOLUTE
    ..\..\Libraries\FWlib\src\stm32f10x_bkp.c 0x00000000   Number         0  stm32f10x_bkp.o ABSOLUTE
    ..\..\Libraries\FWlib\src\stm32f10x_can.c 0x00000000   Number         0  stm32f10x_can.o ABSOLUTE
    ..\..\Libraries\FWlib\src\stm32f10x_cec.c 0x00000000   Number         0  stm32f10x_cec.o ABSOLUTE
    ..\..\Libraries\FWlib\src\stm32f10x_crc.c 0x00000000   Number         0  stm32f10x_crc.o ABSOLUTE
    ..\..\Libraries\FWlib\src\stm32f10x_dac.c 0x00000000   Number         0  stm32f10x_dac.o ABSOLUTE
    ..\..\Libraries\FWlib\src\stm32f10x_dbgmcu.c 0x00000000   Number         0  stm32f10x_dbgmcu.o ABSOLUTE
    ..\..\Libraries\FWlib\src\stm32f10x_dma.c 0x00000000   Number         0  stm32f10x_dma.o ABSOLUTE
    ..\..\Libraries\FWlib\src\stm32f10x_exti.c 0x00000000   Number         0  stm32f10x_exti.o ABSOLUTE
    ..\..\Libraries\FWlib\src\stm32f10x_flash.c 0x00000000   Number         0  stm32f10x_flash.o ABSOLUTE
    ..\..\Libraries\FWlib\src\stm32f10x_fsmc.c 0x00000000   Number         0  stm32f10x_fsmc.o ABSOLUTE
    ..\..\Libraries\FWlib\src\stm32f10x_gpio.c 0x00000000   Number         0  stm32f10x_gpio.o ABSOLUTE
    ..\..\Libraries\FWlib\src\stm32f10x_i2c.c 0x00000000   Number         0  stm32f10x_i2c.o ABSOLUTE
    ..\..\Libraries\FWlib\src\stm32f10x_iwdg.c 0x00000000   Number         0  stm32f10x_iwdg.o ABSOLUTE
    ..\..\Libraries\FWlib\src\stm32f10x_pwr.c 0x00000000   Number         0  stm32f10x_pwr.o ABSOLUTE
    ..\..\Libraries\FWlib\src\stm32f10x_rcc.c 0x00000000   Number         0  stm32f10x_rcc.o ABSOLUTE
    ..\..\Libraries\FWlib\src\stm32f10x_rtc.c 0x00000000   Number         0  stm32f10x_rtc.o ABSOLUTE
    ..\..\Libraries\FWlib\src\stm32f10x_sdio.c 0x00000000   Number         0  stm32f10x_sdio.o ABSOLUTE
    ..\..\Libraries\FWlib\src\stm32f10x_spi.c 0x00000000   Number         0  stm32f10x_spi.o ABSOLUTE
    ..\..\Libraries\FWlib\src\stm32f10x_tim.c 0x00000000   Number         0  stm32f10x_tim.o ABSOLUTE
    ..\..\Libraries\FWlib\src\stm32f10x_usart.c 0x00000000   Number         0  stm32f10x_usart.o ABSOLUTE
    ..\..\Libraries\FWlib\src\stm32f10x_wwdg.c 0x00000000   Number         0  stm32f10x_wwdg.o ABSOLUTE
    ..\..\User\BMP\bsp_bmp.c                 0x00000000   Number         0  bsp_bmp.o ABSOLUTE
    ..\..\User\Lcd\bsp_ili9341_lcd.c         0x00000000   Number         0  bsp_ili9341_lcd.o ABSOLUTE
    ..\..\User\TouchLed\bsp_TouchLed.c       0x00000000   Number         0  bsp_touchled.o ABSOLUTE
    ..\..\User\ff9\diskio.c                  0x00000000   Number         0  diskio.o ABSOLUTE
    ..\..\User\ff9\ff.c                      0x00000000   Number         0  ff.o ABSOLUTE
    ..\..\User\lcd\bsp_lcd.c                 0x00000000   Number         0  bsp_lcd.o ABSOLUTE
    ..\..\User\lcd\bsp_xpt2046_lcd.c         0x00000000   Number         0  bsp_xpt2046_lcd.o ABSOLUTE
    ..\..\User\led\bsp_led.c                 0x00000000   Number         0  bsp_led.o ABSOLUTE
    ..\..\User\main.c                        0x00000000   Number         0  main.o ABSOLUTE
    ..\..\User\sdcard\bsp_sdfs_app.c         0x00000000   Number         0  bsp_sdfs_app.o ABSOLUTE
    ..\..\User\sdcard\bsp_sdio_sdcard.c      0x00000000   Number         0  bsp_sdio_sdcard.o ABSOLUTE
    ..\..\User\spi_flash\bsp_spi_flash.c     0x00000000   Number         0  bsp_spi_flash.o ABSOLUTE
    ..\..\User\stm32f10x_it.c                0x00000000   Number         0  stm32f10x_it.o ABSOLUTE
    ..\..\User\usart\bsp_usart1.c            0x00000000   Number         0  bsp_usart1.o ABSOLUTE
    ..\\..\\Libraries\\CMSIS\\core_cm3.c     0x00000000   Number         0  core_cm3.o ABSOLUTE
    cdcmple.s                                0x00000000   Number         0  cdcmple.o ABSOLUTE
    cdrcmple.s                               0x00000000   Number         0  cdrcmple.o ABSOLUTE
    dc.s                                     0x00000000   Number         0  dc.o ABSOLUTE
    handlers.s                               0x00000000   Number         0  handlers.o ABSOLUTE
    init.s                                   0x00000000   Number         0  init.o ABSOLUTE
    RESET                                    0x08000000   Section      304  startup_stm32f10x_hd.o(RESET)
    .ARM.Collect$$$$00000000                 0x08000130   Section        0  entry.o(.ARM.Collect$$$$00000000)
    .ARM.Collect$$$$00000001                 0x08000130   Section        4  entry2.o(.ARM.Collect$$$$00000001)
    .ARM.Collect$$$$00000004                 0x08000134   Section        4  entry5.o(.ARM.Collect$$$$00000004)
    .ARM.Collect$$$$00000008                 0x08000138   Section        0  entry7b.o(.ARM.Collect$$$$00000008)
    .ARM.Collect$$$$0000000A                 0x08000138   Section        0  entry8b.o(.ARM.Collect$$$$0000000A)
    .ARM.Collect$$$$0000000B                 0x08000138   Section        8  entry9a.o(.ARM.Collect$$$$0000000B)
    .ARM.Collect$$$$0000000D                 0x08000140   Section        0  entry10a.o(.ARM.Collect$$$$0000000D)
    .ARM.Collect$$$$0000000F                 0x08000140   Section        0  entry11a.o(.ARM.Collect$$$$0000000F)
    .ARM.Collect$$$$00002712                 0x08000140   Section        4  entry2.o(.ARM.Collect$$$$00002712)
    __lit__00000000                          0x08000140   Data           4  entry2.o(.ARM.Collect$$$$00002712)
    .text                                    0x08000144   Section       36  startup_stm32f10x_hd.o(.text)
    .text                                    0x08000168   Section        0  memcpya.o(.text)
    .text                                    0x0800018c   Section        0  memseta.o(.text)
    .text                                    0x080001b0   Section        0  strlen.o(.text)
    .text                                    0x080001be   Section        0  dadd.o(.text)
    .text                                    0x0800030c   Section        0  dmul.o(.text)
    .text                                    0x080003f0   Section        0  ddiv.o(.text)
    .text                                    0x080004ce   Section        0  dflti.o(.text)
    .text                                    0x080004f0   Section        0  dfltui.o(.text)
    .text                                    0x0800050a   Section        0  dfixui.o(.text)
    .text                                    0x0800053c   Section       48  cdcmple.o(.text)
    .text                                    0x0800056c   Section        0  uidiv.o(.text)
    .text                                    0x08000598   Section        0  llshl.o(.text)
    .text                                    0x080005b6   Section        0  llushr.o(.text)
    .text                                    0x080005d6   Section        0  llsshr.o(.text)
    .text                                    0x080005fa   Section        0  depilogue.o(.text)
    .text                                    0x080005fa   Section        0  iusefp.o(.text)
    .text                                    0x080006b4   Section       36  init.o(.text)
    .text                                    0x080006d8   Section        0  __dczerorl.o(.text)
    i.BusFault_Handler                       0x08000712   Section        0  stm32f10x_it.o(i.BusFault_Handler)
    i.Check_TouchLed                         0x08000718   Section        0  bsp_touchled.o(i.Check_TouchLed)
    i.CmdError                               0x0800078c   Section        0  bsp_sdio_sdcard.o(i.CmdError)
    CmdError                                 0x0800078d   Thumb Code    44  bsp_sdio_sdcard.o(i.CmdError)
    i.CmdResp1Error                          0x080007b8   Section        0  bsp_sdio_sdcard.o(i.CmdResp1Error)
    CmdResp1Error                            0x080007b9   Thumb Code    36  bsp_sdio_sdcard.o(i.CmdResp1Error)
    i.CmdResp2Error                          0x080007e0   Section        0  bsp_sdio_sdcard.o(i.CmdResp2Error)
    CmdResp2Error                            0x080007e1   Thumb Code    70  bsp_sdio_sdcard.o(i.CmdResp2Error)
    i.CmdResp3Error                          0x0800082c   Section        0  bsp_sdio_sdcard.o(i.CmdResp3Error)
    CmdResp3Error                            0x0800082d   Thumb Code    52  bsp_sdio_sdcard.o(i.CmdResp3Error)
    i.CmdResp6Error                          0x08000864   Section        0  bsp_sdio_sdcard.o(i.CmdResp6Error)
    CmdResp6Error                            0x08000865   Thumb Code   152  bsp_sdio_sdcard.o(i.CmdResp6Error)
    i.CmdResp7Error                          0x08000900   Section        0  bsp_sdio_sdcard.o(i.CmdResp7Error)
    CmdResp7Error                            0x08000901   Thumb Code    72  bsp_sdio_sdcard.o(i.CmdResp7Error)
    i.DMA_ClearFlag                          0x0800094c   Section        0  stm32f10x_dma.o(i.DMA_ClearFlag)
    i.DMA_Cmd                                0x08000968   Section        0  stm32f10x_dma.o(i.DMA_Cmd)
    i.DMA_GetFlagStatus                      0x08000980   Section        0  stm32f10x_dma.o(i.DMA_GetFlagStatus)
    i.DMA_Init                               0x080009ac   Section        0  stm32f10x_dma.o(i.DMA_Init)
    i.DebugMon_Handler                       0x080009e8   Section        0  stm32f10x_it.o(i.DebugMon_Handler)
    i.EXTI4_IRQHandler                       0x080009ec   Section        0  stm32f10x_it.o(i.EXTI4_IRQHandler)
    i.EXTI_ClearITPendingBit                 0x08000a08   Section        0  stm32f10x_exti.o(i.EXTI_ClearITPendingBit)
    i.EXTI_GetITStatus                       0x08000a14   Section        0  stm32f10x_exti.o(i.EXTI_GetITStatus)
    i.EXTI_Init                              0x08000a3c   Section        0  stm32f10x_exti.o(i.EXTI_Init)
    i.FSMC_NORSRAMCmd                        0x08000ad0   Section        0  stm32f10x_fsmc.o(i.FSMC_NORSRAMCmd)
    i.FSMC_NORSRAMInit                       0x08000b04   Section        0  stm32f10x_fsmc.o(i.FSMC_NORSRAMInit)
    i.FindSCR                                0x08000bec   Section        0  bsp_sdio_sdcard.o(i.FindSCR)
    FindSCR                                  0x08000bed   Thumb Code   394  bsp_sdio_sdcard.o(i.FindSCR)
    i.Flash_TouchCalibrate                   0x08000d88   Section        0  bsp_touchled.o(i.Flash_TouchCalibrate)
    i.GPIO_Configuration                     0x08000de0   Section        0  bsp_sdio_sdcard.o(i.GPIO_Configuration)
    GPIO_Configuration                       0x08000de1   Thumb Code    70  bsp_sdio_sdcard.o(i.GPIO_Configuration)
    i.GPIO_EXTILineConfig                    0x08000e30   Section        0  stm32f10x_gpio.o(i.GPIO_EXTILineConfig)
    i.GPIO_Init                              0x08000e70   Section        0  stm32f10x_gpio.o(i.GPIO_Init)
    i.GPIO_ReadInputDataBit                  0x08000f86   Section        0  stm32f10x_gpio.o(i.GPIO_ReadInputDataBit)
    i.GPIO_ResetBits                         0x08000f98   Section        0  stm32f10x_gpio.o(i.GPIO_ResetBits)
    i.GPIO_SetBits                           0x08000f9c   Section        0  stm32f10x_gpio.o(i.GPIO_SetBits)
    i.GetGBKCode_from_sd                     0x08000fa0   Section        0  bsp_sdfs_app.o(i.GetGBKCode_from_sd)
    i.HardFault_Handler                      0x08001028   Section        0  stm32f10x_it.o(i.HardFault_Handler)
    i.ILI9341_BackLed_Control                0x0800102c   Section        0  bsp_ili9341_lcd.o(i.ILI9341_BackLed_Control)
    i.ILI9341_Clear                          0x08001050   Section        0  bsp_ili9341_lcd.o(i.ILI9341_Clear)
    i.ILI9341_Delay                          0x0800107a   Section        0  bsp_ili9341_lcd.o(i.ILI9341_Delay)
    ILI9341_Delay                            0x0800107b   Thumb Code    18  bsp_ili9341_lcd.o(i.ILI9341_Delay)
    i.ILI9341_DispChar_CH                    0x0800108c   Section        0  bsp_ili9341_lcd.o(i.ILI9341_DispChar_CH)
    i.ILI9341_DispChar_EN                    0x08001114   Section        0  bsp_ili9341_lcd.o(i.ILI9341_DispChar_EN)
    i.ILI9341_DispString_EN                  0x08001180   Section        0  bsp_ili9341_lcd.o(i.ILI9341_DispString_EN)
    i.ILI9341_DispString_EN_CH               0x080011ce   Section        0  bsp_ili9341_lcd.o(i.ILI9341_DispString_EN_CH)
    i.ILI9341_DrawCross                      0x08001260   Section        0  bsp_xpt2046_lcd.o(i.ILI9341_DrawCross)
    ILI9341_DrawCross                        0x08001261   Thumb Code    52  bsp_xpt2046_lcd.o(i.ILI9341_DrawCross)
    i.ILI9341_FSMC_Config                    0x08001294   Section        0  bsp_ili9341_lcd.o(i.ILI9341_FSMC_Config)
    ILI9341_FSMC_Config                      0x08001295   Thumb Code   100  bsp_ili9341_lcd.o(i.ILI9341_FSMC_Config)
    i.ILI9341_FillColor                      0x080012f8   Section        0  bsp_ili9341_lcd.o(i.ILI9341_FillColor)
    ILI9341_FillColor                        0x080012f9   Thumb Code    32  bsp_ili9341_lcd.o(i.ILI9341_FillColor)
    i.ILI9341_GPIO_Config                    0x08001318   Section        0  bsp_ili9341_lcd.o(i.ILI9341_GPIO_Config)
    ILI9341_GPIO_Config                      0x08001319   Thumb Code   220  bsp_ili9341_lcd.o(i.ILI9341_GPIO_Config)
    i.ILI9341_GramScan                       0x080013fc   Section        0  bsp_ili9341_lcd.o(i.ILI9341_GramScan)
    i.ILI9341_Init                           0x08001544   Section        0  bsp_ili9341_lcd.o(i.ILI9341_Init)
    i.ILI9341_OpenWindow                     0x0800155e   Section        0  bsp_ili9341_lcd.o(i.ILI9341_OpenWindow)
    i.ILI9341_REG_Config                     0x080015c0   Section        0  bsp_ili9341_lcd.o(i.ILI9341_REG_Config)
    ILI9341_REG_Config                       0x080015c1   Thumb Code   556  bsp_ili9341_lcd.o(i.ILI9341_REG_Config)
    i.ILI9341_Rst                            0x080017f0   Section        0  bsp_ili9341_lcd.o(i.ILI9341_Rst)
    i.ILI9341_SetCursor                      0x08001818   Section        0  bsp_ili9341_lcd.o(i.ILI9341_SetCursor)
    ILI9341_SetCursor                        0x08001819   Thumb Code    20  bsp_ili9341_lcd.o(i.ILI9341_SetCursor)
    i.ILI9341_SetPointPixel                  0x0800182c   Section        0  bsp_ili9341_lcd.o(i.ILI9341_SetPointPixel)
    i.ILI9341_Write_Cmd                      0x0800184e   Section        0  bsp_ili9341_lcd.o(i.ILI9341_Write_Cmd)
    i.ILI9341_Write_Data                     0x08001858   Section        0  bsp_ili9341_lcd.o(i.ILI9341_Write_Data)
    i.LCD_Init                               0x08001864   Section        0  bsp_lcd.o(i.LCD_Init)
    i.LED_GPIO_Config                        0x08001870   Section        0  bsp_led.o(i.LED_GPIO_Config)
    i.MemManage_Handler                      0x080018d0   Section        0  stm32f10x_it.o(i.MemManage_Handler)
    i.NMI_Handler                            0x080018d4   Section        0  stm32f10x_it.o(i.NMI_Handler)
    i.NVIC_Init                              0x080018d8   Section        0  misc.o(i.NVIC_Init)
    i.NVIC_PriorityGroupConfig               0x08001948   Section        0  misc.o(i.NVIC_PriorityGroupConfig)
    i.PendSV_Handler                         0x0800195c   Section        0  stm32f10x_it.o(i.PendSV_Handler)
    i.Process_TouchLed                       0x08001960   Section        0  bsp_touchled.o(i.Process_TouchLed)
    i.RCC_AHBPeriphClockCmd                  0x080019f8   Section        0  stm32f10x_rcc.o(i.RCC_AHBPeriphClockCmd)
    i.RCC_APB2PeriphClockCmd                 0x08001a18   Section        0  stm32f10x_rcc.o(i.RCC_APB2PeriphClockCmd)
    i.SDEnWideBus                            0x08001a38   Section        0  bsp_sdio_sdcard.o(i.SDEnWideBus)
    SDEnWideBus                              0x08001a39   Thumb Code   274  bsp_sdio_sdcard.o(i.SDEnWideBus)
    i.SDIO_ClearFlag                         0x08001b54   Section        0  stm32f10x_sdio.o(i.SDIO_ClearFlag)
    i.SDIO_ClearITPendingBit                 0x08001b60   Section        0  stm32f10x_sdio.o(i.SDIO_ClearITPendingBit)
    i.SDIO_ClockCmd                          0x08001b6c   Section        0  stm32f10x_sdio.o(i.SDIO_ClockCmd)
    i.SDIO_DMACmd                            0x08001b78   Section        0  stm32f10x_sdio.o(i.SDIO_DMACmd)
    i.SDIO_DataConfig                        0x08001b84   Section        0  stm32f10x_sdio.o(i.SDIO_DataConfig)
    i.SDIO_DeInit                            0x08001bb4   Section        0  stm32f10x_sdio.o(i.SDIO_DeInit)
    i.SDIO_GetCommandResponse                0x08001bd8   Section        0  stm32f10x_sdio.o(i.SDIO_GetCommandResponse)
    i.SDIO_GetFlagStatus                     0x08001be4   Section        0  stm32f10x_sdio.o(i.SDIO_GetFlagStatus)
    i.SDIO_GetPowerState                     0x08001bfc   Section        0  stm32f10x_sdio.o(i.SDIO_GetPowerState)
    i.SDIO_GetResponse                       0x08001c0c   Section        0  stm32f10x_sdio.o(i.SDIO_GetResponse)
    i.SDIO_IRQHandler                        0x08001c24   Section        0  stm32f10x_it.o(i.SDIO_IRQHandler)
    i.SDIO_ITConfig                          0x08001c2c   Section        0  stm32f10x_sdio.o(i.SDIO_ITConfig)
    i.SDIO_Init                              0x08001c4c   Section        0  stm32f10x_sdio.o(i.SDIO_Init)
    i.SDIO_ReadData                          0x08001c7c   Section        0  stm32f10x_sdio.o(i.SDIO_ReadData)
    i.SDIO_SendCommand                       0x08001c88   Section        0  stm32f10x_sdio.o(i.SDIO_SendCommand)
    i.SDIO_SetPowerState                     0x08001cb4   Section        0  stm32f10x_sdio.o(i.SDIO_SetPowerState)
    i.SD_DMAEndOfTransferStatus              0x08001cd0   Section        0  bsp_sdio_sdcard.o(i.SD_DMAEndOfTransferStatus)
    SD_DMAEndOfTransferStatus                0x08001cd1   Thumb Code    10  bsp_sdio_sdcard.o(i.SD_DMAEndOfTransferStatus)
    i.SD_DMA_RxConfig                        0x08001ce0   Section        0  bsp_sdio_sdcard.o(i.SD_DMA_RxConfig)
    SD_DMA_RxConfig                          0x08001ce1   Thumb Code    86  bsp_sdio_sdcard.o(i.SD_DMA_RxConfig)
    i.SD_DMA_TxConfig                        0x08001d44   Section        0  bsp_sdio_sdcard.o(i.SD_DMA_TxConfig)
    SD_DMA_TxConfig                          0x08001d45   Thumb Code    86  bsp_sdio_sdcard.o(i.SD_DMA_TxConfig)
    i.SD_EnableWideBusOperation              0x08001da8   Section        0  bsp_sdio_sdcard.o(i.SD_EnableWideBusOperation)
    i.SD_GetCardInfo                         0x08001e3c   Section        0  bsp_sdio_sdcard.o(i.SD_GetCardInfo)
    i.SD_GetState                            0x08002108   Section        0  bsp_sdio_sdcard.o(i.SD_GetState)
    i.SD_GetStatus                           0x08002122   Section        0  bsp_sdio_sdcard.o(i.SD_GetStatus)
    i.SD_Init                                0x08002140   Section        0  bsp_sdio_sdcard.o(i.SD_Init)
    i.SD_InitializeCards                     0x080021b0   Section        0  bsp_sdio_sdcard.o(i.SD_InitializeCards)
    i.SD_PowerON                             0x080022ec   Section        0  bsp_sdio_sdcard.o(i.SD_PowerON)
    i.SD_ProcessIRQSrc                       0x08002474   Section        0  bsp_sdio_sdcard.o(i.SD_ProcessIRQSrc)
    i.SD_ReadBlock                           0x080024cc   Section        0  bsp_sdio_sdcard.o(i.SD_ReadBlock)
    i.SD_ReadMultiBlocks                     0x080025a8   Section        0  bsp_sdio_sdcard.o(i.SD_ReadMultiBlocks)
    i.SD_SelectDeselect                      0x08002690   Section        0  bsp_sdio_sdcard.o(i.SD_SelectDeselect)
    i.SD_SendStatus                          0x080026c4   Section        0  bsp_sdio_sdcard.o(i.SD_SendStatus)
    i.SD_WaitReadOperation                   0x080026fc   Section        0  bsp_sdio_sdcard.o(i.SD_WaitReadOperation)
    i.SD_WaitWriteOperation                  0x08002730   Section        0  bsp_sdio_sdcard.o(i.SD_WaitWriteOperation)
    i.SD_WriteBlock                          0x0800276c   Section        0  bsp_sdio_sdcard.o(i.SD_WriteBlock)
    i.SD_WriteMultiBlocks                    0x08002848   Section        0  bsp_sdio_sdcard.o(i.SD_WriteMultiBlocks)
    i.SPI_Cmd                                0x08002990   Section        0  stm32f10x_spi.o(i.SPI_Cmd)
    i.SPI_FLASH_BufferRead                   0x080029a8   Section        0  bsp_spi_flash.o(i.SPI_FLASH_BufferRead)
    i.SPI_FLASH_BufferWrite                  0x080029f8   Section        0  bsp_spi_flash.o(i.SPI_FLASH_BufferWrite)
    i.SPI_FLASH_Init                         0x08002b1c   Section        0  bsp_spi_flash.o(i.SPI_FLASH_Init)
    i.SPI_FLASH_PageWrite                    0x08002bf4   Section        0  bsp_spi_flash.o(i.SPI_FLASH_PageWrite)
    i.SPI_FLASH_ReadDeviceID                 0x08002c54   Section        0  bsp_spi_flash.o(i.SPI_FLASH_ReadDeviceID)
    i.SPI_FLASH_SectorErase                  0x08002c90   Section        0  bsp_spi_flash.o(i.SPI_FLASH_SectorErase)
    i.SPI_FLASH_SendByte                     0x08002cd4   Section        0  bsp_spi_flash.o(i.SPI_FLASH_SendByte)
    i.SPI_FLASH_WaitForWriteEnd              0x08002d0c   Section        0  bsp_spi_flash.o(i.SPI_FLASH_WaitForWriteEnd)
    i.SPI_FLASH_WriteEnable                  0x08002d40   Section        0  bsp_spi_flash.o(i.SPI_FLASH_WriteEnable)
    i.SPI_Flash_PowerDown                    0x08002d60   Section        0  bsp_spi_flash.o(i.SPI_Flash_PowerDown)
    i.SPI_I2S_GetFlagStatus                  0x08002d80   Section        0  stm32f10x_spi.o(i.SPI_I2S_GetFlagStatus)
    i.SPI_I2S_ReceiveData                    0x08002d92   Section        0  stm32f10x_spi.o(i.SPI_I2S_ReceiveData)
    i.SPI_I2S_SendData                       0x08002d98   Section        0  stm32f10x_spi.o(i.SPI_I2S_SendData)
    i.SPI_Init                               0x08002d9c   Section        0  stm32f10x_spi.o(i.SPI_Init)
    i.SVC_Handler                            0x08002dd8   Section        0  stm32f10x_it.o(i.SVC_Handler)
    i.SetSysClock                            0x08002dda   Section        0  system_stm32f10x.o(i.SetSysClock)
    SetSysClock                              0x08002ddb   Thumb Code     8  system_stm32f10x.o(i.SetSysClock)
    i.SetSysClockTo72                        0x08002de4   Section        0  system_stm32f10x.o(i.SetSysClockTo72)
    SetSysClockTo72                          0x08002de5   Thumb Code   214  system_stm32f10x.o(i.SetSysClockTo72)
    i.SysTick_Handler                        0x08002ec4   Section        0  stm32f10x_it.o(i.SysTick_Handler)
    i.SystemInit                             0x08002ec8   Section        0  system_stm32f10x.o(i.SystemInit)
    i.TouchLed_Interface_Init                0x08002f28   Section        0  bsp_touchled.o(i.TouchLed_Interface_Init)
    i.USART1_IRQHandler                      0x08002f30   Section        0  stm32f10x_it.o(i.USART1_IRQHandler)
    i.USART_GetITStatus                      0x08002f84   Section        0  stm32f10x_usart.o(i.USART_GetITStatus)
    i.USART_ReceiveData                      0x08002fd8   Section        0  stm32f10x_usart.o(i.USART_ReceiveData)
    i.UsageFault_Handler                     0x08002fe2   Section        0  stm32f10x_it.o(i.UsageFault_Handler)
    i.XPT2046_Calculate_CalibrationFactor    0x08002fe6   Section        0  bsp_xpt2046_lcd.o(i.XPT2046_Calculate_CalibrationFactor)
    XPT2046_Calculate_CalibrationFactor      0x08002fe7   Thumb Code   356  bsp_xpt2046_lcd.o(i.XPT2046_Calculate_CalibrationFactor)
    i.XPT2046_DelayUS                        0x0800314a   Section        0  bsp_xpt2046_lcd.o(i.XPT2046_DelayUS)
    XPT2046_DelayUS                          0x0800314b   Thumb Code    30  bsp_xpt2046_lcd.o(i.XPT2046_DelayUS)
    i.XPT2046_EXTI_Config                    0x08003168   Section        0  bsp_xpt2046_lcd.o(i.XPT2046_EXTI_Config)
    XPT2046_EXTI_Config                      0x08003169   Thumb Code    72  bsp_xpt2046_lcd.o(i.XPT2046_EXTI_Config)
    i.XPT2046_EXTI_NVIC_Config               0x080031b4   Section        0  bsp_xpt2046_lcd.o(i.XPT2046_EXTI_NVIC_Config)
    XPT2046_EXTI_NVIC_Config                 0x080031b5   Thumb Code    40  bsp_xpt2046_lcd.o(i.XPT2046_EXTI_NVIC_Config)
    i.XPT2046_GPIO_SPI_Config                0x080031dc   Section        0  bsp_xpt2046_lcd.o(i.XPT2046_GPIO_SPI_Config)
    XPT2046_GPIO_SPI_Config                  0x080031dd   Thumb Code   114  bsp_xpt2046_lcd.o(i.XPT2046_GPIO_SPI_Config)
    i.XPT2046_Get_TouchedPoint               0x08003258   Section        0  bsp_xpt2046_lcd.o(i.XPT2046_Get_TouchedPoint)
    i.XPT2046_Init                           0x08003322   Section        0  bsp_xpt2046_lcd.o(i.XPT2046_Init)
    i.XPT2046_ReadAdc                        0x0800332e   Section        0  bsp_xpt2046_lcd.o(i.XPT2046_ReadAdc)
    XPT2046_ReadAdc                          0x0800332f   Thumb Code    16  bsp_xpt2046_lcd.o(i.XPT2046_ReadAdc)
    i.XPT2046_ReadAdc_Smooth_XY              0x08003340   Section        0  bsp_xpt2046_lcd.o(i.XPT2046_ReadAdc_Smooth_XY)
    XPT2046_ReadAdc_Smooth_XY                0x08003341   Thumb Code   336  bsp_xpt2046_lcd.o(i.XPT2046_ReadAdc_Smooth_XY)
    i.XPT2046_ReadAdc_XY                     0x08003498   Section        0  bsp_xpt2046_lcd.o(i.XPT2046_ReadAdc_XY)
    XPT2046_ReadAdc_XY                       0x08003499   Thumb Code    38  bsp_xpt2046_lcd.o(i.XPT2046_ReadAdc_XY)
    i.XPT2046_ReadCMD                        0x080034c0   Section        0  bsp_xpt2046_lcd.o(i.XPT2046_ReadCMD)
    XPT2046_ReadCMD                          0x080034c1   Thumb Code    74  bsp_xpt2046_lcd.o(i.XPT2046_ReadCMD)
    i.XPT2046_Touch_Calibrate                0x08003510   Section        0  bsp_xpt2046_lcd.o(i.XPT2046_Touch_Calibrate)
    i.XPT2046_WriteCMD                       0x0800390c   Section        0  bsp_xpt2046_lcd.o(i.XPT2046_WriteCMD)
    XPT2046_WriteCMD                         0x0800390d   Thumb Code    94  bsp_xpt2046_lcd.o(i.XPT2046_WriteCMD)
    i.__0sprintf$3                           0x08003970   Section        0  printf3.o(i.__0sprintf$3)
    i.__scatterload_copy                     0x08003998   Section       14  handlers.o(i.__scatterload_copy)
    i.__scatterload_null                     0x080039a6   Section        2  handlers.o(i.__scatterload_null)
    i.__scatterload_zeroinit                 0x080039a8   Section       14  handlers.o(i.__scatterload_zeroinit)
    i._printf_core                           0x080039b8   Section        0  printf3.o(i._printf_core)
    _printf_core                             0x080039b9   Thumb Code   436  printf3.o(i._printf_core)
    i._sputc                                 0x08003b70   Section        0  printf3.o(i._sputc)
    _sputc                                   0x08003b71   Thumb Code    10  printf3.o(i._sputc)
    i.check_fs                               0x08003b7c   Section        0  ff.o(i.check_fs)
    check_fs                                 0x08003b7d   Thumb Code   138  ff.o(i.check_fs)
    i.chk_chr                                0x08003c0c   Section        0  ff.o(i.chk_chr)
    chk_chr                                  0x08003c0d   Thumb Code    20  ff.o(i.chk_chr)
    i.chk_mounted                            0x08003c20   Section        0  ff.o(i.chk_mounted)
    chk_mounted                              0x08003c21   Thumb Code   898  ff.o(i.chk_mounted)
    i.clust2sect                             0x08003fb4   Section        0  ff.o(i.clust2sect)
    i.cmp_lfn                                0x08003fd0   Section        0  ff.o(i.cmp_lfn)
    cmp_lfn                                  0x08003fd1   Thumb Code    94  ff.o(i.cmp_lfn)
    i.create_chain                           0x08004034   Section        0  ff.o(i.create_chain)
    create_chain                             0x08004035   Thumb Code   202  ff.o(i.create_chain)
    i.create_name                            0x08004100   Section        0  ff.o(i.create_name)
    create_name                              0x08004101   Thumb Code   534  ff.o(i.create_name)
    i.dir_find                               0x0800432c   Section        0  ff.o(i.dir_find)
    dir_find                                 0x0800432d   Thumb Code   222  ff.o(i.dir_find)
    i.dir_next                               0x0800440a   Section        0  ff.o(i.dir_next)
    dir_next                                 0x0800440b   Thumb Code   280  ff.o(i.dir_next)
    i.dir_register                           0x08004522   Section        0  ff.o(i.dir_register)
    dir_register                             0x08004523   Thumb Code   396  ff.o(i.dir_register)
    i.dir_sdi                                0x080046ae   Section        0  ff.o(i.dir_sdi)
    dir_sdi                                  0x080046af   Thumb Code   156  ff.o(i.dir_sdi)
    i.disk_initialize                        0x0800474a   Section        0  diskio.o(i.disk_initialize)
    i.disk_ioctl                             0x08004764   Section        0  diskio.o(i.disk_ioctl)
    i.disk_read                              0x0800476c   Section        0  diskio.o(i.disk_read)
    i.disk_status                            0x08004800   Section        0  diskio.o(i.disk_status)
    i.disk_write                             0x08004808   Section        0  diskio.o(i.disk_write)
    i.f_close                                0x0800489c   Section        0  ff.o(i.f_close)
    i.f_lseek                                0x080048b2   Section        0  ff.o(i.f_lseek)
    i.f_mount                                0x08004a64   Section        0  ff.o(i.f_mount)
    i.f_open                                 0x08004a90   Section        0  ff.o(i.f_open)
    i.f_read                                 0x08004c04   Section        0  ff.o(i.f_read)
    i.f_sync                                 0x08004dd2   Section        0  ff.o(i.f_sync)
    i.fit_lfn                                0x08004e8c   Section        0  ff.o(i.fit_lfn)
    fit_lfn                                  0x08004e8d   Thumb Code   122  ff.o(i.fit_lfn)
    i.follow_path                            0x08004f0c   Section        0  ff.o(i.follow_path)
    follow_path                              0x08004f0d   Thumb Code   158  ff.o(i.follow_path)
    i.gen_numname                            0x08004faa   Section        0  ff.o(i.gen_numname)
    i.get_fat                                0x08005068   Section        0  ff.o(i.get_fat)
    i.get_fattime                            0x0800514c   Section        0  diskio.o(i.get_fattime)
    i.main                                   0x08005150   Section        0  main.o(i.main)
    i.mem_cmp                                0x08005220   Section        0  ff.o(i.mem_cmp)
    mem_cmp                                  0x08005221   Thumb Code    38  ff.o(i.mem_cmp)
    i.mem_cpy                                0x08005246   Section        0  ff.o(i.mem_cpy)
    mem_cpy                                  0x08005247   Thumb Code    26  ff.o(i.mem_cpy)
    i.mem_set                                0x08005260   Section        0  ff.o(i.mem_set)
    mem_set                                  0x08005261   Thumb Code    20  ff.o(i.mem_set)
    i.move_window                            0x08005274   Section        0  ff.o(i.move_window)
    move_window                              0x08005275   Thumb Code   114  ff.o(i.move_window)
    i.put_fat                                0x080052e6   Section        0  ff.o(i.put_fat)
    i.remove_chain                           0x0800541c   Section        0  ff.o(i.remove_chain)
    remove_chain                             0x0800541d   Thumb Code   104  ff.o(i.remove_chain)
    i.sum_sfn                                0x08005484   Section        0  ff.o(i.sum_sfn)
    sum_sfn                                  0x08005485   Thumb Code    32  ff.o(i.sum_sfn)
    i.sync                                   0x080054a4   Section        0  ff.o(i.sync)
    sync                                     0x080054a5   Thumb Code   202  ff.o(i.sync)
    i.validate                               0x0800556e   Section        0  ff.o(i.validate)
    validate                                 0x0800556f   Thumb Code    42  ff.o(i.validate)
    .constdata                               0x08005598   Section     1520  bsp_ili9341_lcd.o(.constdata)
    .constdata                               0x08005b88   Section       13  ff.o(.constdata)
    LfnOfs                                   0x08005b88   Data          13  ff.o(.constdata)
    .data                                    0x20000000   Section        2  stm32f10x_it.o(.data)
    usStrLength                              0x20000000   Data           2  stm32f10x_it.o(.data)
    .data                                    0x20000008   Section       49  bsp_xpt2046_lcd.o(.data)
    .data                                    0x2000003c   Section     1040  bsp_sdfs_app.o(.data)
    .data                                    0x2000044c   Section       20  bsp_sdio_sdcard.o(.data)
    CardType                                 0x2000044c   Data           4  bsp_sdio_sdcard.o(.data)
    RCA                                      0x20000450   Data           4  bsp_sdio_sdcard.o(.data)
    .data                                    0x20000460   Section        3  bsp_touchled.o(.data)
    enumLed1                                 0x20000460   Data           1  bsp_touchled.o(.data)
    enumLed2                                 0x20000461   Data           1  bsp_touchled.o(.data)
    enumLed3                                 0x20000462   Data           1  bsp_touchled.o(.data)
    .data                                    0x20000463   Section        1  bsp_usart1.o(.data)
    .data                                    0x20000464   Section        6  ff.o(.data)
    FatFs                                    0x20000464   Data           4  ff.o(.data)
    Fsid                                     0x20000468   Data           2  ff.o(.data)
    .bss                                     0x2000046c   Section     3240  bsp_sdfs_app.o(.bss)
    .bss                                     0x20001114   Section      196  bsp_sdio_sdcard.o(.bss)
    CSD_Tab                                  0x20001114   Data          16  bsp_sdio_sdcard.o(.bss)
    CID_Tab                                  0x20001124   Data          16  bsp_sdio_sdcard.o(.bss)
    SDSTATUS_Tab                             0x20001134   Data          16  bsp_sdio_sdcard.o(.bss)
    .bss                                     0x200011d8   Section      500  bsp_usart1.o(.bss)
    .bss                                     0x200013cc   Section      512  diskio.o(.bss)
    STACK                                    0x200015d0   Section     1024  startup_stm32f10x_hd.o(STACK)

    Global Symbols

    Symbol Name                              Value     Ov Type        Size  Object(Section)

    BuildAttributes$$THM_ISAv4$P$D$K$B$S$PE$A:L22UL41UL21$X:L11$S22US41US21$IEEE1$IW$USESV6$~STKCKD$USESV7$~SHL$OSPACE$ROPI$EBA8$MICROLIB$REQ8$PRES8$EABIv2 0x00000000   Number         0  anon$$obj.o ABSOLUTE
    __ARM_use_no_argv                        0x00000000   Number         0  main.o ABSOLUTE
    _printf_a                                0x00000000   Number         0  stubs.o ABSOLUTE
    _printf_c                                0x00000000   Number         0  stubs.o ABSOLUTE
    _printf_charcount                        0x00000000   Number         0  stubs.o ABSOLUTE
    _printf_d                                0x00000000   Number         0  stubs.o ABSOLUTE
    _printf_e                                0x00000000   Number         0  stubs.o ABSOLUTE
    _printf_f                                0x00000000   Number         0  stubs.o ABSOLUTE
    _printf_flags                            0x00000000   Number         0  stubs.o ABSOLUTE
    _printf_fp_dec                           0x00000000   Number         0  stubs.o ABSOLUTE
    _printf_fp_hex                           0x00000000   Number         0  stubs.o ABSOLUTE
    _printf_g                                0x00000000   Number         0  stubs.o ABSOLUTE
    _printf_i                                0x00000000   Number         0  stubs.o ABSOLUTE
    _printf_int_dec                          0x00000000   Number         0  stubs.o ABSOLUTE
    _printf_l                                0x00000000   Number         0  stubs.o ABSOLUTE
    _printf_lc                               0x00000000   Number         0  stubs.o ABSOLUTE
    _printf_ll                               0x00000000   Number         0  stubs.o ABSOLUTE
    _printf_lld                              0x00000000   Number         0  stubs.o ABSOLUTE
    _printf_lli                              0x00000000   Number         0  stubs.o ABSOLUTE
    _printf_llo                              0x00000000   Number         0  stubs.o ABSOLUTE
    _printf_llu                              0x00000000   Number         0  stubs.o ABSOLUTE
    _printf_llx                              0x00000000   Number         0  stubs.o ABSOLUTE
    _printf_longlong_dec                     0x00000000   Number         0  stubs.o ABSOLUTE
    _printf_longlong_hex                     0x00000000   Number         0  stubs.o ABSOLUTE
    _printf_longlong_oct                     0x00000000   Number         0  stubs.o ABSOLUTE
    _printf_ls                               0x00000000   Number         0  stubs.o ABSOLUTE
    _printf_mbtowc                           0x00000000   Number         0  stubs.o ABSOLUTE
    _printf_n                                0x00000000   Number         0  stubs.o ABSOLUTE
    _printf_o                                0x00000000   Number         0  stubs.o ABSOLUTE
    _printf_p                                0x00000000   Number         0  stubs.o ABSOLUTE
    _printf_percent                          0x00000000   Number         0  stubs.o ABSOLUTE
    _printf_pre_padding                      0x00000000   Number         0  stubs.o ABSOLUTE
    _printf_return_value                     0x00000000   Number         0  stubs.o ABSOLUTE
    _printf_s                                0x00000000   Number         0  stubs.o ABSOLUTE
    _printf_sizespec                         0x00000000   Number         0  stubs.o ABSOLUTE
    _printf_str                              0x00000000   Number         0  stubs.o ABSOLUTE
    _printf_truncate_signed                  0x00000000   Number         0  stubs.o ABSOLUTE
    _printf_truncate_unsigned                0x00000000   Number         0  stubs.o ABSOLUTE
    _printf_u                                0x00000000   Number         0  stubs.o ABSOLUTE
    _printf_wc                               0x00000000   Number         0  stubs.o ABSOLUTE
    _printf_wctomb                           0x00000000   Number         0  stubs.o ABSOLUTE
    _printf_widthprec                        0x00000000   Number         0  stubs.o ABSOLUTE
    _printf_x                                0x00000000   Number         0  stubs.o ABSOLUTE
    __cpp_initialize__aeabi_                  - Undefined Weak Reference
    __cxa_finalize                            - Undefined Weak Reference
    _clock_init                               - Undefined Weak Reference
    _microlib_exit                            - Undefined Weak Reference
    __Vectors_Size                           0x00000130   Number         0  startup_stm32f10x_hd.o ABSOLUTE
    __Vectors                                0x08000000   Data           4  startup_stm32f10x_hd.o(RESET)
    __Vectors_End                            0x08000130   Data           0  startup_stm32f10x_hd.o(RESET)
    __main                                   0x08000131   Thumb Code     0  entry.o(.ARM.Collect$$$$00000000)
    _main_stk                                0x08000131   Thumb Code     0  entry2.o(.ARM.Collect$$$$00000001)
    _main_scatterload                        0x08000135   Thumb Code     0  entry5.o(.ARM.Collect$$$$00000004)
    __main_after_scatterload                 0x08000139   Thumb Code     0  entry5.o(.ARM.Collect$$$$00000004)
    _main_clock                              0x08000139   Thumb Code     0  entry7b.o(.ARM.Collect$$$$00000008)
    _main_cpp_init                           0x08000139   Thumb Code     0  entry8b.o(.ARM.Collect$$$$0000000A)
    _main_init                               0x08000139   Thumb Code     0  entry9a.o(.ARM.Collect$$$$0000000B)
    __rt_final_cpp                           0x08000141   Thumb Code     0  entry10a.o(.ARM.Collect$$$$0000000D)
    __rt_final_exit                          0x08000141   Thumb Code     0  entry11a.o(.ARM.Collect$$$$0000000F)
    Reset_Handler                            0x08000145   Thumb Code     8  startup_stm32f10x_hd.o(.text)
    ADC1_2_IRQHandler                        0x0800015f   Thumb Code     0  startup_stm32f10x_hd.o(.text)
    ADC3_IRQHandler                          0x0800015f   Thumb Code     0  startup_stm32f10x_hd.o(.text)
    CAN1_RX1_IRQHandler                      0x0800015f   Thumb Code     0  startup_stm32f10x_hd.o(.text)
    CAN1_SCE_IRQHandler                      0x0800015f   Thumb Code     0  startup_stm32f10x_hd.o(.text)
    DMA1_Channel1_IRQHandler                 0x0800015f   Thumb Code     0  startup_stm32f10x_hd.o(.text)
    DMA1_Channel2_IRQHandler                 0x0800015f   Thumb Code     0  startup_stm32f10x_hd.o(.text)
    DMA1_Channel3_IRQHandler                 0x0800015f   Thumb Code     0  startup_stm32f10x_hd.o(.text)
    DMA1_Channel4_IRQHandler                 0x0800015f   Thumb Code     0  startup_stm32f10x_hd.o(.text)
    DMA1_Channel5_IRQHandler                 0x0800015f   Thumb Code     0  startup_stm32f10x_hd.o(.text)
    DMA1_Channel6_IRQHandler                 0x0800015f   Thumb Code     0  startup_stm32f10x_hd.o(.text)
    DMA1_Channel7_IRQHandler                 0x0800015f   Thumb Code     0  startup_stm32f10x_hd.o(.text)
    DMA2_Channel1_IRQHandler                 0x0800015f   Thumb Code     0  startup_stm32f10x_hd.o(.text)
    DMA2_Channel2_IRQHandler                 0x0800015f   Thumb Code     0  startup_stm32f10x_hd.o(.text)
    DMA2_Channel3_IRQHandler                 0x0800015f   Thumb Code     0  startup_stm32f10x_hd.o(.text)
    DMA2_Channel4_5_IRQHandler               0x0800015f   Thumb Code     0  startup_stm32f10x_hd.o(.text)
    EXTI0_IRQHandler                         0x0800015f   Thumb Code     0  startup_stm32f10x_hd.o(.text)
    EXTI15_10_IRQHandler                     0x0800015f   Thumb Code     0  startup_stm32f10x_hd.o(.text)
    EXTI1_IRQHandler                         0x0800015f   Thumb Code     0  startup_stm32f10x_hd.o(.text)
    EXTI2_IRQHandler                         0x0800015f   Thumb Code     0  startup_stm32f10x_hd.o(.text)
    EXTI3_IRQHandler                         0x0800015f   Thumb Code     0  startup_stm32f10x_hd.o(.text)
    EXTI9_5_IRQHandler                       0x0800015f   Thumb Code     0  startup_stm32f10x_hd.o(.text)
    FLASH_IRQHandler                         0x0800015f   Thumb Code     0  startup_stm32f10x_hd.o(.text)
    FSMC_IRQHandler                          0x0800015f   Thumb Code     0  startup_stm32f10x_hd.o(.text)
    I2C1_ER_IRQHandler                       0x0800015f   Thumb Code     0  startup_stm32f10x_hd.o(.text)
    I2C1_EV_IRQHandler                       0x0800015f   Thumb Code     0  startup_stm32f10x_hd.o(.text)
    I2C2_ER_IRQHandler                       0x0800015f   Thumb Code     0  startup_stm32f10x_hd.o(.text)
    I2C2_EV_IRQHandler                       0x0800015f   Thumb Code     0  startup_stm32f10x_hd.o(.text)
    PVD_IRQHandler                           0x0800015f   Thumb Code     0  startup_stm32f10x_hd.o(.text)
    RCC_IRQHandler                           0x0800015f   Thumb Code     0  startup_stm32f10x_hd.o(.text)
    RTCAlarm_IRQHandler                      0x0800015f   Thumb Code     0  startup_stm32f10x_hd.o(.text)
    RTC_IRQHandler                           0x0800015f   Thumb Code     0  startup_stm32f10x_hd.o(.text)
    SPI1_IRQHandler                          0x0800015f   Thumb Code     0  startup_stm32f10x_hd.o(.text)
    SPI2_IRQHandler                          0x0800015f   Thumb Code     0  startup_stm32f10x_hd.o(.text)
    SPI3_IRQHandler                          0x0800015f   Thumb Code     0  startup_stm32f10x_hd.o(.text)
    TAMPER_IRQHandler                        0x0800015f   Thumb Code     0  startup_stm32f10x_hd.o(.text)
    TIM1_BRK_IRQHandler                      0x0800015f   Thumb Code     0  startup_stm32f10x_hd.o(.text)
    TIM1_CC_IRQHandler                       0x0800015f   Thumb Code     0  startup_stm32f10x_hd.o(.text)
    TIM1_TRG_COM_IRQHandler                  0x0800015f   Thumb Code     0  startup_stm32f10x_hd.o(.text)
    TIM1_UP_IRQHandler                       0x0800015f   Thumb Code     0  startup_stm32f10x_hd.o(.text)
    TIM2_IRQHandler                          0x0800015f   Thumb Code     0  startup_stm32f10x_hd.o(.text)
    TIM3_IRQHandler                          0x0800015f   Thumb Code     0  startup_stm32f10x_hd.o(.text)
    TIM4_IRQHandler                          0x0800015f   Thumb Code     0  startup_stm32f10x_hd.o(.text)
    TIM5_IRQHandler                          0x0800015f   Thumb Code     0  startup_stm32f10x_hd.o(.text)
    TIM6_IRQHandler                          0x0800015f   Thumb Code     0  startup_stm32f10x_hd.o(.text)
    TIM7_IRQHandler                          0x0800015f   Thumb Code     0  startup_stm32f10x_hd.o(.text)
    TIM8_BRK_IRQHandler                      0x0800015f   Thumb Code     0  startup_stm32f10x_hd.o(.text)
    TIM8_CC_IRQHandler                       0x0800015f   Thumb Code     0  startup_stm32f10x_hd.o(.text)
    TIM8_TRG_COM_IRQHandler                  0x0800015f   Thumb Code     0  startup_stm32f10x_hd.o(.text)
    TIM8_UP_IRQHandler                       0x0800015f   Thumb Code     0  startup_stm32f10x_hd.o(.text)
    UART4_IRQHandler                         0x0800015f   Thumb Code     0  startup_stm32f10x_hd.o(.text)
    UART5_IRQHandler                         0x0800015f   Thumb Code     0  startup_stm32f10x_hd.o(.text)
    USART2_IRQHandler                        0x0800015f   Thumb Code     0  startup_stm32f10x_hd.o(.text)
    USART3_IRQHandler                        0x0800015f   Thumb Code     0  startup_stm32f10x_hd.o(.text)
    USBWakeUp_IRQHandler                     0x0800015f   Thumb Code     0  startup_stm32f10x_hd.o(.text)
    USB_HP_CAN1_TX_IRQHandler                0x0800015f   Thumb Code     0  startup_stm32f10x_hd.o(.text)
    USB_LP_CAN1_RX0_IRQHandler               0x0800015f   Thumb Code     0  startup_stm32f10x_hd.o(.text)
    WWDG_IRQHandler                          0x0800015f   Thumb Code     0  startup_stm32f10x_hd.o(.text)
    __aeabi_memcpy                           0x08000169   Thumb Code    36  memcpya.o(.text)
    __aeabi_memcpy4                          0x08000169   Thumb Code     0  memcpya.o(.text)
    __aeabi_memcpy8                          0x08000169   Thumb Code     0  memcpya.o(.text)
    __aeabi_memset                           0x0800018d   Thumb Code    14  memseta.o(.text)
    __aeabi_memset4                          0x0800018d   Thumb Code     0  memseta.o(.text)
    __aeabi_memset8                          0x0800018d   Thumb Code     0  memseta.o(.text)
    __aeabi_memclr                           0x0800019b   Thumb Code     4  memseta.o(.text)
    __aeabi_memclr4                          0x0800019b   Thumb Code     0  memseta.o(.text)
    __aeabi_memclr8                          0x0800019b   Thumb Code     0  memseta.o(.text)
    _memset$wrapper                          0x0800019f   Thumb Code    18  memseta.o(.text)
    strlen                                   0x080001b1   Thumb Code    14  strlen.o(.text)
    __aeabi_dadd                             0x080001bf   Thumb Code   322  dadd.o(.text)
    __aeabi_dsub                             0x08000301   Thumb Code     6  dadd.o(.text)
    __aeabi_drsub                            0x08000307   Thumb Code     6  dadd.o(.text)
    __aeabi_dmul                             0x0800030d   Thumb Code   228  dmul.o(.text)
    __aeabi_ddiv                             0x080003f1   Thumb Code   222  ddiv.o(.text)
    __aeabi_i2d                              0x080004cf   Thumb Code    34  dflti.o(.text)
    __aeabi_ui2d                             0x080004f1   Thumb Code    26  dfltui.o(.text)
    __aeabi_d2uiz                            0x0800050b   Thumb Code    50  dfixui.o(.text)
    __aeabi_cdcmpeq                          0x0800053d   Thumb Code     0  cdcmple.o(.text)
    __aeabi_cdcmple                          0x0800053d   Thumb Code    48  cdcmple.o(.text)
    __aeabi_uidiv                            0x0800056d   Thumb Code     0  uidiv.o(.text)
    __aeabi_uidivmod                         0x0800056d   Thumb Code    44  uidiv.o(.text)
    __aeabi_llsl                             0x08000599   Thumb Code    30  llshl.o(.text)
    _ll_shift_l                              0x08000599   Thumb Code     0  llshl.o(.text)
    __aeabi_llsr                             0x080005b7   Thumb Code    32  llushr.o(.text)
    _ll_ushift_r                             0x080005b7   Thumb Code     0  llushr.o(.text)
    __aeabi_lasr                             0x080005d7   Thumb Code    36  llsshr.o(.text)
    _ll_sshift_r                             0x080005d7   Thumb Code     0  llsshr.o(.text)
    __I$use$fp                               0x080005fb   Thumb Code     0  iusefp.o(.text)
    _double_round                            0x080005fb   Thumb Code    30  depilogue.o(.text)
    _double_epilogue                         0x08000619   Thumb Code   156  depilogue.o(.text)
    __scatterload                            0x080006b5   Thumb Code    28  init.o(.text)
    __scatterload_rt2                        0x080006b5   Thumb Code     0  init.o(.text)
    __decompress                             0x080006d9   Thumb Code     0  __dczerorl.o(.text)
    __decompress0                            0x080006d9   Thumb Code    58  __dczerorl.o(.text)
    BusFault_Handler                         0x08000713   Thumb Code     4  stm32f10x_it.o(i.BusFault_Handler)
    Check_TouchLed                           0x08000719   Thumb Code   110  bsp_touchled.o(i.Check_TouchLed)
    DMA_ClearFlag                            0x0800094d   Thumb Code    18  stm32f10x_dma.o(i.DMA_ClearFlag)
    DMA_Cmd                                  0x08000969   Thumb Code    24  stm32f10x_dma.o(i.DMA_Cmd)
    DMA_GetFlagStatus                        0x08000981   Thumb Code    36  stm32f10x_dma.o(i.DMA_GetFlagStatus)
    DMA_Init                                 0x080009ad   Thumb Code    60  stm32f10x_dma.o(i.DMA_Init)
    DebugMon_Handler                         0x080009e9   Thumb Code     2  stm32f10x_it.o(i.DebugMon_Handler)
    EXTI4_IRQHandler                         0x080009ed   Thumb Code    24  stm32f10x_it.o(i.EXTI4_IRQHandler)
    EXTI_ClearITPendingBit                   0x08000a09   Thumb Code     6  stm32f10x_exti.o(i.EXTI_ClearITPendingBit)
    EXTI_GetITStatus                         0x08000a15   Thumb Code    34  stm32f10x_exti.o(i.EXTI_GetITStatus)
    EXTI_Init                                0x08000a3d   Thumb Code   142  stm32f10x_exti.o(i.EXTI_Init)
    FSMC_NORSRAMCmd                          0x08000ad1   Thumb Code    46  stm32f10x_fsmc.o(i.FSMC_NORSRAMCmd)
    FSMC_NORSRAMInit                         0x08000b05   Thumb Code   230  stm32f10x_fsmc.o(i.FSMC_NORSRAMInit)
    Flash_TouchCalibrate                     0x08000d89   Thumb Code    82  bsp_touchled.o(i.Flash_TouchCalibrate)
    GPIO_EXTILineConfig                      0x08000e31   Thumb Code    60  stm32f10x_gpio.o(i.GPIO_EXTILineConfig)
    GPIO_Init                                0x08000e71   Thumb Code   278  stm32f10x_gpio.o(i.GPIO_Init)
    GPIO_ReadInputDataBit                    0x08000f87   Thumb Code    18  stm32f10x_gpio.o(i.GPIO_ReadInputDataBit)
    GPIO_ResetBits                           0x08000f99   Thumb Code     4  stm32f10x_gpio.o(i.GPIO_ResetBits)
    GPIO_SetBits                             0x08000f9d   Thumb Code     4  stm32f10x_gpio.o(i.GPIO_SetBits)
    GetGBKCode_from_sd                       0x08000fa1   Thumb Code   104  bsp_sdfs_app.o(i.GetGBKCode_from_sd)
    HardFault_Handler                        0x08001029   Thumb Code     4  stm32f10x_it.o(i.HardFault_Handler)
    ILI9341_BackLed_Control                  0x0800102d   Thumb Code    30  bsp_ili9341_lcd.o(i.ILI9341_BackLed_Control)
    ILI9341_Clear                            0x08001051   Thumb Code    42  bsp_ili9341_lcd.o(i.ILI9341_Clear)
    ILI9341_DispChar_CH                      0x0800108d   Thumb Code   136  bsp_ili9341_lcd.o(i.ILI9341_DispChar_CH)
    ILI9341_DispChar_EN                      0x08001115   Thumb Code   104  bsp_ili9341_lcd.o(i.ILI9341_DispChar_EN)
    ILI9341_DispString_EN                    0x08001181   Thumb Code    78  bsp_ili9341_lcd.o(i.ILI9341_DispString_EN)
    ILI9341_DispString_EN_CH                 0x080011cf   Thumb Code   146  bsp_ili9341_lcd.o(i.ILI9341_DispString_EN_CH)
    ILI9341_GramScan                         0x080013fd   Thumb Code   328  bsp_ili9341_lcd.o(i.ILI9341_GramScan)
    ILI9341_Init                             0x08001545   Thumb Code    26  bsp_ili9341_lcd.o(i.ILI9341_Init)
    ILI9341_OpenWindow                       0x0800155f   Thumb Code    96  bsp_ili9341_lcd.o(i.ILI9341_OpenWindow)
    ILI9341_Rst                              0x080017f1   Thumb Code    32  bsp_ili9341_lcd.o(i.ILI9341_Rst)
    ILI9341_SetPointPixel                    0x0800182d   Thumb Code    34  bsp_ili9341_lcd.o(i.ILI9341_SetPointPixel)
    ILI9341_Write_Cmd                        0x0800184f   Thumb Code     8  bsp_ili9341_lcd.o(i.ILI9341_Write_Cmd)
    ILI9341_Write_Data                       0x08001859   Thumb Code     6  bsp_ili9341_lcd.o(i.ILI9341_Write_Data)
    LCD_Init                                 0x08001865   Thumb Code    12  bsp_lcd.o(i.LCD_Init)
    LED_GPIO_Config                          0x08001871   Thumb Code    90  bsp_led.o(i.LED_GPIO_Config)
    MemManage_Handler                        0x080018d1   Thumb Code     4  stm32f10x_it.o(i.MemManage_Handler)
    NMI_Handler                              0x080018d5   Thumb Code     2  stm32f10x_it.o(i.NMI_Handler)
    NVIC_Init                                0x080018d9   Thumb Code   100  misc.o(i.NVIC_Init)
    NVIC_PriorityGroupConfig                 0x08001949   Thumb Code    10  misc.o(i.NVIC_PriorityGroupConfig)
    PendSV_Handler                           0x0800195d   Thumb Code     2  stm32f10x_it.o(i.PendSV_Handler)
    Process_TouchLed                         0x08001961   Thumb Code   134  bsp_touchled.o(i.Process_TouchLed)
    RCC_AHBPeriphClockCmd                    0x080019f9   Thumb Code    26  stm32f10x_rcc.o(i.RCC_AHBPeriphClockCmd)
    RCC_APB2PeriphClockCmd                   0x08001a19   Thumb Code    26  stm32f10x_rcc.o(i.RCC_APB2PeriphClockCmd)
    SDIO_ClearFlag                           0x08001b55   Thumb Code     6  stm32f10x_sdio.o(i.SDIO_ClearFlag)
    SDIO_ClearITPendingBit                   0x08001b61   Thumb Code     6  stm32f10x_sdio.o(i.SDIO_ClearITPendingBit)
    SDIO_ClockCmd                            0x08001b6d   Thumb Code     6  stm32f10x_sdio.o(i.SDIO_ClockCmd)
    SDIO_DMACmd                              0x08001b79   Thumb Code     6  stm32f10x_sdio.o(i.SDIO_DMACmd)
    SDIO_DataConfig                          0x08001b85   Thumb Code    42  stm32f10x_sdio.o(i.SDIO_DataConfig)
    SDIO_DeInit                              0x08001bb5   Thumb Code    28  stm32f10x_sdio.o(i.SDIO_DeInit)
    SDIO_GetCommandResponse                  0x08001bd9   Thumb Code     8  stm32f10x_sdio.o(i.SDIO_GetCommandResponse)
    SDIO_GetFlagStatus                       0x08001be5   Thumb Code    20  stm32f10x_sdio.o(i.SDIO_GetFlagStatus)
    SDIO_GetPowerState                       0x08001bfd   Thumb Code    10  stm32f10x_sdio.o(i.SDIO_GetPowerState)
    SDIO_GetResponse                         0x08001c0d   Thumb Code    20  stm32f10x_sdio.o(i.SDIO_GetResponse)
    SDIO_IRQHandler                          0x08001c25   Thumb Code     8  stm32f10x_it.o(i.SDIO_IRQHandler)
    SDIO_ITConfig                            0x08001c2d   Thumb Code    26  stm32f10x_sdio.o(i.SDIO_ITConfig)
    SDIO_Init                                0x08001c4d   Thumb Code    42  stm32f10x_sdio.o(i.SDIO_Init)
    SDIO_ReadData                            0x08001c7d   Thumb Code     6  stm32f10x_sdio.o(i.SDIO_ReadData)
    SDIO_SendCommand                         0x08001c89   Thumb Code    38  stm32f10x_sdio.o(i.SDIO_SendCommand)
    SDIO_SetPowerState                       0x08001cb5   Thumb Code    22  stm32f10x_sdio.o(i.SDIO_SetPowerState)
    SD_EnableWideBusOperation                0x08001da9   Thumb Code   140  bsp_sdio_sdcard.o(i.SD_EnableWideBusOperation)
    SD_GetCardInfo                           0x08001e3d   Thumb Code   700  bsp_sdio_sdcard.o(i.SD_GetCardInfo)
    SD_GetState                              0x08002109   Thumb Code    26  bsp_sdio_sdcard.o(i.SD_GetState)
    SD_GetStatus                             0x08002123   Thumb Code    30  bsp_sdio_sdcard.o(i.SD_GetStatus)
    SD_Init                                  0x08002141   Thumb Code   102  bsp_sdio_sdcard.o(i.SD_Init)
    SD_InitializeCards                       0x080021b1   Thumb Code   294  bsp_sdio_sdcard.o(i.SD_InitializeCards)
    SD_PowerON                               0x080022ed   Thumb Code   374  bsp_sdio_sdcard.o(i.SD_PowerON)
    SD_ProcessIRQSrc                         0x08002475   Thumb Code    70  bsp_sdio_sdcard.o(i.SD_ProcessIRQSrc)
    SD_ReadBlock                             0x080024cd   Thumb Code   192  bsp_sdio_sdcard.o(i.SD_ReadBlock)
    SD_ReadMultiBlocks                       0x080025a9   Thumb Code   202  bsp_sdio_sdcard.o(i.SD_ReadMultiBlocks)
    SD_SelectDeselect                        0x08002691   Thumb Code    48  bsp_sdio_sdcard.o(i.SD_SelectDeselect)
    SD_SendStatus                            0x080026c5   Thumb Code    46  bsp_sdio_sdcard.o(i.SD_SendStatus)
    SD_WaitReadOperation                     0x080026fd   Thumb Code    42  bsp_sdio_sdcard.o(i.SD_WaitReadOperation)
    SD_WaitWriteOperation                    0x08002731   Thumb Code    50  bsp_sdio_sdcard.o(i.SD_WaitWriteOperation)
    SD_WriteBlock                            0x0800276d   Thumb Code   190  bsp_sdio_sdcard.o(i.SD_WriteBlock)
    SD_WriteMultiBlocks                      0x08002849   Thumb Code   294  bsp_sdio_sdcard.o(i.SD_WriteMultiBlocks)
    SPI_Cmd                                  0x08002991   Thumb Code    24  stm32f10x_spi.o(i.SPI_Cmd)
    SPI_FLASH_BufferRead                     0x080029a9   Thumb Code    76  bsp_spi_flash.o(i.SPI_FLASH_BufferRead)
    SPI_FLASH_BufferWrite                    0x080029f9   Thumb Code   290  bsp_spi_flash.o(i.SPI_FLASH_BufferWrite)
    SPI_FLASH_Init                           0x08002b1d   Thumb Code   202  bsp_spi_flash.o(i.SPI_FLASH_Init)
    SPI_FLASH_PageWrite                      0x08002bf5   Thumb Code    92  bsp_spi_flash.o(i.SPI_FLASH_PageWrite)
    SPI_FLASH_ReadDeviceID                   0x08002c55   Thumb Code    56  bsp_spi_flash.o(i.SPI_FLASH_ReadDeviceID)
    SPI_FLASH_SectorErase                    0x08002c91   Thumb Code    62  bsp_spi_flash.o(i.SPI_FLASH_SectorErase)
    SPI_FLASH_SendByte                       0x08002cd5   Thumb Code    50  bsp_spi_flash.o(i.SPI_FLASH_SendByte)
    SPI_FLASH_WaitForWriteEnd                0x08002d0d   Thumb Code    46  bsp_spi_flash.o(i.SPI_FLASH_WaitForWriteEnd)
    SPI_FLASH_WriteEnable                    0x08002d41   Thumb Code    26  bsp_spi_flash.o(i.SPI_FLASH_WriteEnable)
    SPI_Flash_PowerDown                      0x08002d61   Thumb Code    26  bsp_spi_flash.o(i.SPI_Flash_PowerDown)
    SPI_I2S_GetFlagStatus                    0x08002d81   Thumb Code    18  stm32f10x_spi.o(i.SPI_I2S_GetFlagStatus)
    SPI_I2S_ReceiveData                      0x08002d93   Thumb Code     6  stm32f10x_spi.o(i.SPI_I2S_ReceiveData)
    SPI_I2S_SendData                         0x08002d99   Thumb Code     4  stm32f10x_spi.o(i.SPI_I2S_SendData)
    SPI_Init                                 0x08002d9d   Thumb Code    60  stm32f10x_spi.o(i.SPI_Init)
    SVC_Handler                              0x08002dd9   Thumb Code     2  stm32f10x_it.o(i.SVC_Handler)
    SysTick_Handler                          0x08002ec5   Thumb Code     2  stm32f10x_it.o(i.SysTick_Handler)
    SystemInit                               0x08002ec9   Thumb Code    78  system_stm32f10x.o(i.SystemInit)
    TouchLed_Interface_Init                  0x08002f29   Thumb Code     8  bsp_touchled.o(i.TouchLed_Interface_Init)
    USART1_IRQHandler                        0x08002f31   Thumb Code    68  stm32f10x_it.o(i.USART1_IRQHandler)
    USART_GetITStatus                        0x08002f85   Thumb Code    84  stm32f10x_usart.o(i.USART_GetITStatus)
    USART_ReceiveData                        0x08002fd9   Thumb Code    10  stm32f10x_usart.o(i.USART_ReceiveData)
    UsageFault_Handler                       0x08002fe3   Thumb Code     4  stm32f10x_it.o(i.UsageFault_Handler)
    XPT2046_Get_TouchedPoint                 0x08003259   Thumb Code   202  bsp_xpt2046_lcd.o(i.XPT2046_Get_TouchedPoint)
    XPT2046_Init                             0x08003323   Thumb Code    12  bsp_xpt2046_lcd.o(i.XPT2046_Init)
    XPT2046_Touch_Calibrate                  0x08003511   Thumb Code   922  bsp_xpt2046_lcd.o(i.XPT2046_Touch_Calibrate)
    __0sprintf$3                             0x08003971   Thumb Code    34  printf3.o(i.__0sprintf$3)
    __1sprintf$3                             0x08003971   Thumb Code     0  printf3.o(i.__0sprintf$3)
    __2sprintf                               0x08003971   Thumb Code     0  printf3.o(i.__0sprintf$3)
    __scatterload_copy                       0x08003999   Thumb Code    14  handlers.o(i.__scatterload_copy)
    __scatterload_null                       0x080039a7   Thumb Code     2  handlers.o(i.__scatterload_null)
    __scatterload_zeroinit                   0x080039a9   Thumb Code    14  handlers.o(i.__scatterload_zeroinit)
    clust2sect                               0x08003fb5   Thumb Code    26  ff.o(i.clust2sect)
    disk_initialize                          0x0800474b   Thumb Code    26  diskio.o(i.disk_initialize)
    disk_ioctl                               0x08004765   Thumb Code     6  diskio.o(i.disk_ioctl)
    disk_read                                0x0800476d   Thumb Code   144  diskio.o(i.disk_read)
    disk_status                              0x08004801   Thumb Code     6  diskio.o(i.disk_status)
    disk_write                               0x08004809   Thumb Code   144  diskio.o(i.disk_write)
    f_close                                  0x0800489d   Thumb Code    22  ff.o(i.f_close)
    f_lseek                                  0x080048b3   Thumb Code   432  ff.o(i.f_lseek)
    f_mount                                  0x08004a65   Thumb Code    38  ff.o(i.f_mount)
    f_open                                   0x08004a91   Thumb Code   372  ff.o(i.f_open)
    f_read                                   0x08004c05   Thumb Code   462  ff.o(i.f_read)
    f_sync                                   0x08004dd3   Thumb Code   184  ff.o(i.f_sync)
    gen_numname                              0x08004fab   Thumb Code   190  ff.o(i.gen_numname)
    get_fat                                  0x08005069   Thumb Code   228  ff.o(i.get_fat)
    get_fattime                              0x0800514d   Thumb Code     4  diskio.o(i.get_fattime)
    main                                     0x08005151   Thumb Code   182  main.o(i.main)
    put_fat                                  0x080052e7   Thumb Code   310  ff.o(i.put_fat)
    ucAscii_1608                             0x08005598   Data        1520  bsp_ili9341_lcd.o(.constdata)
    Region$$Table$$Base                      0x08005b98   Number         0  anon$$obj.o(Region$$Table)
    Region$$Table$$Limit                     0x08005bb8   Number         0  anon$$obj.o(Region$$Table)
    strXPT2046_TouchPara                     0x20000008   Data          48  bsp_xpt2046_lcd.o(.data)
    ucXPT2046_TouchFlag                      0x20000038   Data           1  bsp_xpt2046_lcd.o(.data)
    myres                                    0x2000003c   Data           1  bsp_sdfs_app.o(.data)
    mystring                                 0x2000003d   Data         512  bsp_sdfs_app.o(.data)
    mybr                                     0x20000240   Data           4  bsp_sdfs_app.o(.data)
    mybw                                     0x20000244   Data           4  bsp_sdfs_app.o(.data)
    mya                                      0x20000248   Data           4  bsp_sdfs_app.o(.data)
    mypath                                   0x2000024c   Data         512  bsp_sdfs_app.o(.data)
    StopCondition                            0x20000454   Data           4  bsp_sdio_sdcard.o(.data)
    TransferError                            0x20000458   Data           1  bsp_sdio_sdcard.o(.data)
    TransferEnd                              0x2000045c   Data           4  bsp_sdio_sdcard.o(.data)
    ucStr_FinishFlag                         0x20000463   Data           1  bsp_usart1.o(.data)
    myfs                                     0x2000046c   Data        1120  bsp_sdfs_app.o(.bss)
    myfsrc                                   0x200008cc   Data         548  bsp_sdfs_app.o(.bss)
    myfdst                                   0x20000af0   Data         548  bsp_sdfs_app.o(.bss)
    mybuffer                                 0x20000d14   Data         512  bsp_sdfs_app.o(.bss)
    my_latest_buffer                         0x20000f14   Data         512  bsp_sdfs_app.o(.bss)
    SDCardInfo                               0x20001144   Data          80  bsp_sdio_sdcard.o(.bss)
    SDIO_InitStructure                       0x20001194   Data          24  bsp_sdio_sdcard.o(.bss)
    SDIO_CmdInitStructure                    0x200011ac   Data          20  bsp_sdio_sdcard.o(.bss)
    SDIO_DataInitStructure                   0x200011c0   Data          24  bsp_sdio_sdcard.o(.bss)
    ucStr_PC                                 0x200011d8   Data         500  bsp_usart1.o(.bss)
    align_buffer                             0x200013cc   Data         512  diskio.o(.bss)
    __initial_sp                             0x200019d0   Data           0  startup_stm32f10x_hd.o(STACK)



==============================================================================

Memory Map of the image

  Image Entry point : 0x08000131

  Load Region LR_IROM1 (Base: 0x08000000, Size: 0x00006024, Max: 0x00080000, ABSOLUTE, COMPRESSED[0x00005c20])

    Execution Region ER_IROM1 (Base: 0x08000000, Size: 0x00005bb8, Max: 0x00080000, ABSOLUTE)

    Base Addr    Size         Type   Attr      Idx    E Section Name        Object

    0x08000000   0x00000130   Data   RO            3    RESET               startup_stm32f10x_hd.o
    0x08000130   0x00000000   Code   RO         4295  * .ARM.Collect$$$$00000000  mc_w.l(entry.o)
    0x08000130   0x00000004   Code   RO         4581    .ARM.Collect$$$$00000001  mc_w.l(entry2.o)
    0x08000134   0x00000004   Code   RO         4584    .ARM.Collect$$$$00000004  mc_w.l(entry5.o)
    0x08000138   0x00000000   Code   RO         4586    .ARM.Collect$$$$00000008  mc_w.l(entry7b.o)
    0x08000138   0x00000000   Code   RO         4588    .ARM.Collect$$$$0000000A  mc_w.l(entry8b.o)
    0x08000138   0x00000008   Code   RO         4589    .ARM.Collect$$$$0000000B  mc_w.l(entry9a.o)
    0x08000140   0x00000000   Code   RO         4591    .ARM.Collect$$$$0000000D  mc_w.l(entry10a.o)
    0x08000140   0x00000000   Code   RO         4593    .ARM.Collect$$$$0000000F  mc_w.l(entry11a.o)
    0x08000140   0x00000004   Code   RO         4582    .ARM.Collect$$$$00002712  mc_w.l(entry2.o)
    0x08000144   0x00000024   Code   RO            4    .text               startup_stm32f10x_hd.o
    0x08000168   0x00000024   Code   RO         4298    .text               mc_w.l(memcpya.o)
    0x0800018c   0x00000024   Code   RO         4300    .text               mc_w.l(memseta.o)
    0x080001b0   0x0000000e   Code   RO         4302    .text               mc_w.l(strlen.o)
    0x080001be   0x0000014e   Code   RO         4567    .text               mf_w.l(dadd.o)
    0x0800030c   0x000000e4   Code   RO         4569    .text               mf_w.l(dmul.o)
    0x080003f0   0x000000de   Code   RO         4571    .text               mf_w.l(ddiv.o)
    0x080004ce   0x00000022   Code   RO         4573    .text               mf_w.l(dflti.o)
    0x080004f0   0x0000001a   Code   RO         4575    .text               mf_w.l(dfltui.o)
    0x0800050a   0x00000032   Code   RO         4577    .text               mf_w.l(dfixui.o)
    0x0800053c   0x00000030   Code   RO         4579    .text               mf_w.l(cdcmple.o)
    0x0800056c   0x0000002c   Code   RO         4596    .text               mc_w.l(uidiv.o)
    0x08000598   0x0000001e   Code   RO         4600    .text               mc_w.l(llshl.o)
    0x080005b6   0x00000020   Code   RO         4602    .text               mc_w.l(llushr.o)
    0x080005d6   0x00000024   Code   RO         4604    .text               mc_w.l(llsshr.o)
    0x080005fa   0x00000000   Code   RO         4606    .text               mc_w.l(iusefp.o)
    0x080005fa   0x000000ba   Code   RO         4607    .text               mf_w.l(depilogue.o)
    0x080006b4   0x00000024   Code   RO         4613    .text               mc_w.l(init.o)
    0x080006d8   0x0000003a   Code   RO         4623    .text               mc_w.l(__dczerorl.o)
    0x08000712   0x00000004   Code   RO         3169    i.BusFault_Handler  stm32f10x_it.o
    0x08000716   0x00000002   PAD
    0x08000718   0x00000074   Code   RO         3969    i.Check_TouchLed    bsp_touchled.o
    0x0800078c   0x0000002c   Code   RO         3741    i.CmdError          bsp_sdio_sdcard.o
    0x080007b8   0x00000028   Code   RO         3742    i.CmdResp1Error     bsp_sdio_sdcard.o
    0x080007e0   0x0000004c   Code   RO         3743    i.CmdResp2Error     bsp_sdio_sdcard.o
    0x0800082c   0x00000038   Code   RO         3744    i.CmdResp3Error     bsp_sdio_sdcard.o
    0x08000864   0x0000009c   Code   RO         3745    i.CmdResp6Error     bsp_sdio_sdcard.o
    0x08000900   0x0000004c   Code   RO         3746    i.CmdResp7Error     bsp_sdio_sdcard.o
    0x0800094c   0x0000001c   Code   RO          866    i.DMA_ClearFlag     stm32f10x_dma.o
    0x08000968   0x00000018   Code   RO          868    i.DMA_Cmd           stm32f10x_dma.o
    0x08000980   0x0000002c   Code   RO          871    i.DMA_GetFlagStatus  stm32f10x_dma.o
    0x080009ac   0x0000003c   Code   RO          874    i.DMA_Init          stm32f10x_dma.o
    0x080009e8   0x00000002   Code   RO         3170    i.DebugMon_Handler  stm32f10x_it.o
    0x080009ea   0x00000002   PAD
    0x080009ec   0x0000001c   Code   RO         3171    i.EXTI4_IRQHandler  stm32f10x_it.o
    0x08000a08   0x0000000c   Code   RO          939    i.EXTI_ClearITPendingBit  stm32f10x_exti.o
    0x08000a14   0x00000028   Code   RO          943    i.EXTI_GetITStatus  stm32f10x_exti.o
    0x08000a3c   0x00000094   Code   RO          944    i.EXTI_Init         stm32f10x_exti.o
    0x08000ad0   0x00000034   Code   RO         1177    i.FSMC_NORSRAMCmd   stm32f10x_fsmc.o
    0x08000b04   0x000000e6   Code   RO         1179    i.FSMC_NORSRAMInit  stm32f10x_fsmc.o
    0x08000bea   0x00000002   PAD
    0x08000bec   0x0000019c   Code   RO         3747    i.FindSCR           bsp_sdio_sdcard.o
    0x08000d88   0x00000058   Code   RO         3970    i.Flash_TouchCalibrate  bsp_touchled.o
    0x08000de0   0x00000050   Code   RO         3748    i.GPIO_Configuration  bsp_sdio_sdcard.o
    0x08000e30   0x00000040   Code   RO         1289    i.GPIO_EXTILineConfig  stm32f10x_gpio.o
    0x08000e70   0x00000116   Code   RO         1292    i.GPIO_Init         stm32f10x_gpio.o
    0x08000f86   0x00000012   Code   RO         1296    i.GPIO_ReadInputDataBit  stm32f10x_gpio.o
    0x08000f98   0x00000004   Code   RO         1299    i.GPIO_ResetBits    stm32f10x_gpio.o
    0x08000f9c   0x00000004   Code   RO         1300    i.GPIO_SetBits      stm32f10x_gpio.o
    0x08000fa0   0x00000088   Code   RO         3689    i.GetGBKCode_from_sd  bsp_sdfs_app.o
    0x08001028   0x00000004   Code   RO         3172    i.HardFault_Handler  stm32f10x_it.o
    0x0800102c   0x00000024   Code   RO         3254    i.ILI9341_BackLed_Control  bsp_ili9341_lcd.o
    0x08001050   0x0000002a   Code   RO         3255    i.ILI9341_Clear     bsp_ili9341_lcd.o
    0x0800107a   0x00000012   Code   RO         3256    i.ILI9341_Delay     bsp_ili9341_lcd.o
    0x0800108c   0x00000088   Code   RO         3257    i.ILI9341_DispChar_CH  bsp_ili9341_lcd.o
    0x08001114   0x0000006c   Code   RO         3258    i.ILI9341_DispChar_EN  bsp_ili9341_lcd.o
    0x08001180   0x0000004e   Code   RO         3260    i.ILI9341_DispString_EN  bsp_ili9341_lcd.o
    0x080011ce   0x00000092   Code   RO         3261    i.ILI9341_DispString_EN_CH  bsp_ili9341_lcd.o
    0x08001260   0x00000034   Code   RO         3421    i.ILI9341_DrawCross  bsp_xpt2046_lcd.o
    0x08001294   0x00000064   Code   RO         3265    i.ILI9341_FSMC_Config  bsp_ili9341_lcd.o
    0x080012f8   0x00000020   Code   RO         3266    i.ILI9341_FillColor  bsp_ili9341_lcd.o
    0x08001318   0x000000e4   Code   RO         3267    i.ILI9341_GPIO_Config  bsp_ili9341_lcd.o
    0x080013fc   0x00000148   Code   RO         3269    i.ILI9341_GramScan  bsp_ili9341_lcd.o
    0x08001544   0x0000001a   Code   RO         3270    i.ILI9341_Init      bsp_ili9341_lcd.o
    0x0800155e   0x00000060   Code   RO         3271    i.ILI9341_OpenWindow  bsp_ili9341_lcd.o
    0x080015be   0x00000002   PAD
    0x080015c0   0x00000230   Code   RO         3272    i.ILI9341_REG_Config  bsp_ili9341_lcd.o
    0x080017f0   0x00000028   Code   RO         3274    i.ILI9341_Rst       bsp_ili9341_lcd.o
    0x08001818   0x00000014   Code   RO         3275    i.ILI9341_SetCursor  bsp_ili9341_lcd.o
    0x0800182c   0x00000022   Code   RO         3276    i.ILI9341_SetPointPixel  bsp_ili9341_lcd.o
    0x0800184e   0x00000008   Code   RO         3391    i.ILI9341_Write_Cmd  bsp_ili9341_lcd.o
    0x08001856   0x00000002   PAD
    0x08001858   0x0000000c   Code   RO         3396    i.ILI9341_Write_Data  bsp_ili9341_lcd.o
    0x08001864   0x0000000c   Code   RO         3509    i.LCD_Init          bsp_lcd.o
    0x08001870   0x00000060   Code   RO         3677    i.LED_GPIO_Config   bsp_led.o
    0x080018d0   0x00000004   Code   RO         3173    i.MemManage_Handler  stm32f10x_it.o
    0x080018d4   0x00000002   Code   RO         3174    i.NMI_Handler       stm32f10x_it.o
    0x080018d6   0x00000002   PAD
    0x080018d8   0x00000070   Code   RO          137    i.NVIC_Init         misc.o
    0x08001948   0x00000014   Code   RO          138    i.NVIC_PriorityGroupConfig  misc.o
    0x0800195c   0x00000002   Code   RO         3175    i.PendSV_Handler    stm32f10x_it.o
    0x0800195e   0x00000002   PAD
    0x08001960   0x00000098   Code   RO         3971    i.Process_TouchLed  bsp_touchled.o
    0x080019f8   0x00000020   Code   RO         1707    i.RCC_AHBPeriphClockCmd  stm32f10x_rcc.o
    0x08001a18   0x00000020   Code   RO         1710    i.RCC_APB2PeriphClockCmd  stm32f10x_rcc.o
    0x08001a38   0x0000011c   Code   RO         3750    i.SDEnWideBus       bsp_sdio_sdcard.o
    0x08001b54   0x0000000c   Code   RO         1997    i.SDIO_ClearFlag    stm32f10x_sdio.o
    0x08001b60   0x0000000c   Code   RO         1998    i.SDIO_ClearITPendingBit  stm32f10x_sdio.o
    0x08001b6c   0x0000000c   Code   RO         1999    i.SDIO_ClockCmd     stm32f10x_sdio.o
    0x08001b78   0x0000000c   Code   RO         2002    i.SDIO_DMACmd       stm32f10x_sdio.o
    0x08001b84   0x00000030   Code   RO         2003    i.SDIO_DataConfig   stm32f10x_sdio.o
    0x08001bb4   0x00000024   Code   RO         2005    i.SDIO_DeInit       stm32f10x_sdio.o
    0x08001bd8   0x0000000c   Code   RO         2006    i.SDIO_GetCommandResponse  stm32f10x_sdio.o
    0x08001be4   0x00000018   Code   RO         2009    i.SDIO_GetFlagStatus  stm32f10x_sdio.o
    0x08001bfc   0x00000010   Code   RO         2011    i.SDIO_GetPowerState  stm32f10x_sdio.o
    0x08001c0c   0x00000018   Code   RO         2012    i.SDIO_GetResponse  stm32f10x_sdio.o
    0x08001c24   0x00000008   Code   RO         3176    i.SDIO_IRQHandler   stm32f10x_it.o
    0x08001c2c   0x00000020   Code   RO         2013    i.SDIO_ITConfig     stm32f10x_sdio.o
    0x08001c4c   0x00000030   Code   RO         2014    i.SDIO_Init         stm32f10x_sdio.o
    0x08001c7c   0x0000000c   Code   RO         2015    i.SDIO_ReadData     stm32f10x_sdio.o
    0x08001c88   0x0000002c   Code   RO         2017    i.SDIO_SendCommand  stm32f10x_sdio.o
    0x08001cb4   0x0000001c   Code   RO         2019    i.SDIO_SetPowerState  stm32f10x_sdio.o
    0x08001cd0   0x00000010   Code   RO         3752    i.SD_DMAEndOfTransferStatus  bsp_sdio_sdcard.o
    0x08001ce0   0x00000064   Code   RO         3753    i.SD_DMA_RxConfig   bsp_sdio_sdcard.o
    0x08001d44   0x00000064   Code   RO         3754    i.SD_DMA_TxConfig   bsp_sdio_sdcard.o
    0x08001da8   0x00000094   Code   RO         3756    i.SD_EnableWideBusOperation  bsp_sdio_sdcard.o
    0x08001e3c   0x000002cc   Code   RO         3758    i.SD_GetCardInfo    bsp_sdio_sdcard.o
    0x08002108   0x0000001a   Code   RO         3760    i.SD_GetState       bsp_sdio_sdcard.o
    0x08002122   0x0000001e   Code   RO         3761    i.SD_GetStatus      bsp_sdio_sdcard.o
    0x08002140   0x00000070   Code   RO         3763    i.SD_Init           bsp_sdio_sdcard.o
    0x080021b0   0x0000013c   Code   RO         3764    i.SD_InitializeCards  bsp_sdio_sdcard.o
    0x080022ec   0x00000188   Code   RO         3766    i.SD_PowerON        bsp_sdio_sdcard.o
    0x08002474   0x00000058   Code   RO         3767    i.SD_ProcessIRQSrc  bsp_sdio_sdcard.o
    0x080024cc   0x000000dc   Code   RO         3768    i.SD_ReadBlock      bsp_sdio_sdcard.o
    0x080025a8   0x000000e8   Code   RO         3769    i.SD_ReadMultiBlocks  bsp_sdio_sdcard.o
    0x08002690   0x00000034   Code   RO         3770    i.SD_SelectDeselect  bsp_sdio_sdcard.o
    0x080026c4   0x00000038   Code   RO         3772    i.SD_SendStatus     bsp_sdio_sdcard.o
    0x080026fc   0x00000034   Code   RO         3774    i.SD_WaitReadOperation  bsp_sdio_sdcard.o
    0x08002730   0x0000003c   Code   RO         3775    i.SD_WaitWriteOperation  bsp_sdio_sdcard.o
    0x0800276c   0x000000dc   Code   RO         3776    i.SD_WriteBlock     bsp_sdio_sdcard.o
    0x08002848   0x00000148   Code   RO         3777    i.SD_WriteMultiBlocks  bsp_sdio_sdcard.o
    0x08002990   0x00000018   Code   RO         2187    i.SPI_Cmd           stm32f10x_spi.o
    0x080029a8   0x00000050   Code   RO         3575    i.SPI_FLASH_BufferRead  bsp_spi_flash.o
    0x080029f8   0x00000122   Code   RO         3576    i.SPI_FLASH_BufferWrite  bsp_spi_flash.o
    0x08002b1a   0x00000002   PAD
    0x08002b1c   0x000000d8   Code   RO         3578    i.SPI_FLASH_Init    bsp_spi_flash.o
    0x08002bf4   0x00000060   Code   RO         3579    i.SPI_FLASH_PageWrite  bsp_spi_flash.o
    0x08002c54   0x0000003c   Code   RO         3581    i.SPI_FLASH_ReadDeviceID  bsp_spi_flash.o
    0x08002c90   0x00000044   Code   RO         3583    i.SPI_FLASH_SectorErase  bsp_spi_flash.o
    0x08002cd4   0x00000038   Code   RO         3584    i.SPI_FLASH_SendByte  bsp_spi_flash.o
    0x08002d0c   0x00000034   Code   RO         3587    i.SPI_FLASH_WaitForWriteEnd  bsp_spi_flash.o
    0x08002d40   0x00000020   Code   RO         3588    i.SPI_FLASH_WriteEnable  bsp_spi_flash.o
    0x08002d60   0x00000020   Code   RO         3589    i.SPI_Flash_PowerDown  bsp_spi_flash.o
    0x08002d80   0x00000012   Code   RO         2195    i.SPI_I2S_GetFlagStatus  stm32f10x_spi.o
    0x08002d92   0x00000006   Code   RO         2198    i.SPI_I2S_ReceiveData  stm32f10x_spi.o
    0x08002d98   0x00000004   Code   RO         2199    i.SPI_I2S_SendData  stm32f10x_spi.o
    0x08002d9c   0x0000003c   Code   RO         2200    i.SPI_Init          stm32f10x_spi.o
    0x08002dd8   0x00000002   Code   RO         3177    i.SVC_Handler       stm32f10x_it.o
    0x08002dda   0x00000008   Code   RO           24    i.SetSysClock       system_stm32f10x.o
    0x08002de2   0x00000002   PAD
    0x08002de4   0x000000e0   Code   RO           25    i.SetSysClockTo72   system_stm32f10x.o
    0x08002ec4   0x00000002   Code   RO         3178    i.SysTick_Handler   stm32f10x_it.o
    0x08002ec6   0x00000002   PAD
    0x08002ec8   0x00000060   Code   RO           27    i.SystemInit        system_stm32f10x.o
    0x08002f28   0x00000008   Code   RO         3972    i.TouchLed_Interface_Init  bsp_touchled.o
    0x08002f30   0x00000054   Code   RO         3179    i.USART1_IRQHandler  stm32f10x_it.o
    0x08002f84   0x00000054   Code   RO         2882    i.USART_GetITStatus  stm32f10x_usart.o
    0x08002fd8   0x0000000a   Code   RO         2892    i.USART_ReceiveData  stm32f10x_usart.o
    0x08002fe2   0x00000004   Code   RO         3180    i.UsageFault_Handler  stm32f10x_it.o
    0x08002fe6   0x00000164   Code   RO         3422    i.XPT2046_Calculate_CalibrationFactor  bsp_xpt2046_lcd.o
    0x0800314a   0x0000001e   Code   RO         3423    i.XPT2046_DelayUS   bsp_xpt2046_lcd.o
    0x08003168   0x0000004c   Code   RO         3424    i.XPT2046_EXTI_Config  bsp_xpt2046_lcd.o
    0x080031b4   0x00000028   Code   RO         3425    i.XPT2046_EXTI_NVIC_Config  bsp_xpt2046_lcd.o
    0x080031dc   0x0000007c   Code   RO         3426    i.XPT2046_GPIO_SPI_Config  bsp_xpt2046_lcd.o
    0x08003258   0x000000ca   Code   RO         3427    i.XPT2046_Get_TouchedPoint  bsp_xpt2046_lcd.o
    0x08003322   0x0000000c   Code   RO         3428    i.XPT2046_Init      bsp_xpt2046_lcd.o
    0x0800332e   0x00000010   Code   RO         3429    i.XPT2046_ReadAdc   bsp_xpt2046_lcd.o
    0x0800333e   0x00000002   PAD
    0x08003340   0x00000158   Code   RO         3430    i.XPT2046_ReadAdc_Smooth_XY  bsp_xpt2046_lcd.o
    0x08003498   0x00000026   Code   RO         3431    i.XPT2046_ReadAdc_XY  bsp_xpt2046_lcd.o
    0x080034be   0x00000002   PAD
    0x080034c0   0x00000050   Code   RO         3432    i.XPT2046_ReadCMD   bsp_xpt2046_lcd.o
    0x08003510   0x000003fc   Code   RO         3433    i.XPT2046_Touch_Calibrate  bsp_xpt2046_lcd.o
    0x0800390c   0x00000064   Code   RO         3434    i.XPT2046_WriteCMD  bsp_xpt2046_lcd.o
    0x08003970   0x00000028   Code   RO         4397    i.__0sprintf$3      mc_w.l(printf3.o)
    0x08003998   0x0000000e   Code   RO         4617    i.__scatterload_copy  mc_w.l(handlers.o)
    0x080039a6   0x00000002   Code   RO         4618    i.__scatterload_null  mc_w.l(handlers.o)
    0x080039a8   0x0000000e   Code   RO         4619    i.__scatterload_zeroinit  mc_w.l(handlers.o)
    0x080039b6   0x00000002   PAD
    0x080039b8   0x000001b8   Code   RO         4402    i._printf_core      mc_w.l(printf3.o)
    0x08003b70   0x0000000a   Code   RO         4404    i._sputc            mc_w.l(printf3.o)
    0x08003b7a   0x00000002   PAD
    0x08003b7c   0x00000090   Code   RO         4093    i.check_fs          ff.o
    0x08003c0c   0x00000014   Code   RO         4094    i.chk_chr           ff.o
    0x08003c20   0x00000394   Code   RO         4095    i.chk_mounted       ff.o
    0x08003fb4   0x0000001a   Code   RO         4096    i.clust2sect        ff.o
    0x08003fce   0x00000002   PAD
    0x08003fd0   0x00000064   Code   RO         4097    i.cmp_lfn           ff.o
    0x08004034   0x000000ca   Code   RO         4098    i.create_chain      ff.o
    0x080040fe   0x00000002   PAD
    0x08004100   0x0000022c   Code   RO         4099    i.create_name       ff.o
    0x0800432c   0x000000de   Code   RO         4100    i.dir_find          ff.o
    0x0800440a   0x00000118   Code   RO         4101    i.dir_next          ff.o
    0x08004522   0x0000018c   Code   RO         4103    i.dir_register      ff.o
    0x080046ae   0x0000009c   Code   RO         4104    i.dir_sdi           ff.o
    0x0800474a   0x0000001a   Code   RO         4039    i.disk_initialize   diskio.o
    0x08004764   0x00000006   Code   RO         4040    i.disk_ioctl        diskio.o
    0x0800476a   0x00000002   PAD
    0x0800476c   0x00000094   Code   RO         4041    i.disk_read         diskio.o
    0x08004800   0x00000006   Code   RO         4042    i.disk_status       diskio.o
    0x08004806   0x00000002   PAD
    0x08004808   0x00000094   Code   RO         4043    i.disk_write        diskio.o
    0x0800489c   0x00000016   Code   RO         4105    i.f_close           ff.o
    0x080048b2   0x000001b0   Code   RO         4106    i.f_lseek           ff.o
    0x08004a62   0x00000002   PAD
    0x08004a64   0x0000002c   Code   RO         4107    i.f_mount           ff.o
    0x08004a90   0x00000174   Code   RO         4108    i.f_open            ff.o
    0x08004c04   0x000001ce   Code   RO         4110    i.f_read            ff.o
    0x08004dd2   0x000000b8   Code   RO         4112    i.f_sync            ff.o
    0x08004e8a   0x00000002   PAD
    0x08004e8c   0x00000080   Code   RO         4114    i.fit_lfn           ff.o
    0x08004f0c   0x0000009e   Code   RO         4115    i.follow_path       ff.o
    0x08004faa   0x000000be   Code   RO         4116    i.gen_numname       ff.o
    0x08005068   0x000000e4   Code   RO         4117    i.get_fat           ff.o
    0x0800514c   0x00000004   Code   RO         4044    i.get_fattime       diskio.o
    0x08005150   0x000000d0   Code   RO         3108    i.main              main.o
    0x08005220   0x00000026   Code   RO         4119    i.mem_cmp           ff.o
    0x08005246   0x0000001a   Code   RO         4120    i.mem_cpy           ff.o
    0x08005260   0x00000014   Code   RO         4121    i.mem_set           ff.o
    0x08005274   0x00000072   Code   RO         4122    i.move_window       ff.o
    0x080052e6   0x00000136   Code   RO         4124    i.put_fat           ff.o
    0x0800541c   0x00000068   Code   RO         4125    i.remove_chain      ff.o
    0x08005484   0x00000020   Code   RO         4126    i.sum_sfn           ff.o
    0x080054a4   0x000000ca   Code   RO         4127    i.sync              ff.o
    0x0800556e   0x0000002a   Code   RO         4128    i.validate          ff.o
    0x08005598   0x000005f0   Data   RO         3277    .constdata          bsp_ili9341_lcd.o
    0x08005b88   0x0000000d   Data   RO         4129    .constdata          ff.o
    0x08005b95   0x00000003   PAD
    0x08005b98   0x00000020   Data   RO         4615    Region$$Table       anon$$obj.o


    Execution Region RW_IRAM1 (Base: 0x20000000, Size: 0x000019d0, Max: 0x00010000, ABSOLUTE, COMPRESSED[0x00000068])

    Base Addr    Size         Type   Attr      Idx    E Section Name        Object

    0x20000000   0x00000002   Data   RW         3181    .data               stm32f10x_it.o
    0x20000002   0x00000006   PAD
    0x20000008   0x00000031   Data   RW         3435    .data               bsp_xpt2046_lcd.o
    0x20000039   0x00000003   PAD
    0x2000003c   0x00000410   Data   RW         3696    .data               bsp_sdfs_app.o
    0x2000044c   0x00000014   Data   RW         3780    .data               bsp_sdio_sdcard.o
    0x20000460   0x00000003   Data   RW         3973    .data               bsp_touchled.o
    0x20000463   0x00000001   Data   RW         4008    .data               bsp_usart1.o
    0x20000464   0x00000006   Data   RW         4130    .data               ff.o
    0x2000046a   0x00000002   PAD
    0x2000046c   0x00000ca8   Zero   RW         3695    .bss                bsp_sdfs_app.o
    0x20001114   0x000000c4   Zero   RW         3779    .bss                bsp_sdio_sdcard.o
    0x200011d8   0x000001f4   Zero   RW         4007    .bss                bsp_usart1.o
    0x200013cc   0x00000200   Zero   RW         4045    .bss                diskio.o
    0x200015cc   0x00000004   PAD
    0x200015d0   0x00000400   Zero   RW            1    STACK               startup_stm32f10x_hd.o


==============================================================================

Image component sizes


      Code (inc. data)   RO Data    RW Data    ZI Data      Debug   Object Name

      2048         36       1520          0          0      14082   bsp_ili9341_lcd.o
        12          0          0          0          0        459   bsp_lcd.o
        96          6          0          0          0        538   bsp_led.o
       136         32          0       1040       3240       4512   bsp_sdfs_app.o
      4488        342          0         20        196      29495   bsp_sdio_sdcard.o
       982         56          0          0          0       7318   bsp_spi_flash.o
       364         30          0          3          0       2889   bsp_touchled.o
         0          0          0          1        500        624   bsp_usart1.o
      2490        132          0         49          0      12419   bsp_xpt2046_lcd.o
         0          0          0          0          0       4508   core_cm3.o
       338          8          0          0        512       5895   diskio.o
      6126         64         13          6          0      27040   ff.o
       208         26          0          0          0       4150   main.o
       132         22          0          0          0       1575   misc.o
        36          8        304          0       1024        876   startup_stm32f10x_hd.o
       156         18          0          0          0       3969   stm32f10x_dma.o
       200         18          0          0          0       2160   stm32f10x_exti.o
       282          6          0          0          0       1853   stm32f10x_fsmc.o
       368          4          0          0          0       4350   stm32f10x_gpio.o
       146         20          0          2          0      11431   stm32f10x_it.o
        64         12          0          0          0       1165   stm32f10x_rcc.o
       372         86          0          0          0       9883   stm32f10x_sdio.o
       112          0          0          0          0       3910   stm32f10x_spi.o
        94          0          0          0          0       2772   stm32f10x_usart.o
       328         28          0          0          0     257589   system_stm32f10x.o

    ----------------------------------------------------------------------
     19614        954       1872       1132       5476     415462   Object Totals
         0          0         32          0          0          0   (incl. Generated)
        36          0          3         11          4          0   (incl. Padding)

    ----------------------------------------------------------------------

      Code (inc. data)   RO Data    RW Data    ZI Data      Debug   Library Member Name

        58          0          0          0          0          0   __dczerorl.o
         0          0          0          0          0          0   entry.o
         0          0          0          0          0          0   entry10a.o
         0          0          0          0          0          0   entry11a.o
         8          4          0          0          0          0   entry2.o
         4          0          0          0          0          0   entry5.o
         0          0          0          0          0          0   entry7b.o
         0          0          0          0          0          0   entry8b.o
         8          4          0          0          0          0   entry9a.o
        30          0          0          0          0          0   handlers.o
        36          8          0          0          0         68   init.o
         0          0          0          0          0          0   iusefp.o
        30          0          0          0          0         68   llshl.o
        36          0          0          0          0         68   llsshr.o
        32          0          0          0          0         68   llushr.o
        36          0          0          0          0         68   memcpya.o
        36          0          0          0          0        108   memseta.o
       490         10          0          0          0        252   printf3.o
        14          0          0          0          0         68   strlen.o
        44          0          0          0          0         80   uidiv.o
        48          0          0          0          0         68   cdcmple.o
       334          0          0          0          0        148   dadd.o
       222          0          0          0          0        100   ddiv.o
       186          0          0          0          0        176   depilogue.o
        50          0          0          0          0         76   dfixui.o
        34          0          0          0          0         76   dflti.o
        26          0          0          0          0         76   dfltui.o
       228          0          0          0          0         96   dmul.o

    ----------------------------------------------------------------------
      1994         26          0          0          0       1664   Library Totals
         4          0          0          0          0          0   (incl. Padding)

    ----------------------------------------------------------------------

      Code (inc. data)   RO Data    RW Data    ZI Data      Debug   Library Name

       862         26          0          0          0        848   mc_w.l
      1128          0          0          0          0        816   mf_w.l

    ----------------------------------------------------------------------
      1994         26          0          0          0       1664   Library Totals

    ----------------------------------------------------------------------

==============================================================================


      Code (inc. data)   RO Data    RW Data    ZI Data      Debug   

     21608        980       1872       1132       5476     407946   Grand Totals
     21608        980       1872        104       5476     407946   ELF Image Totals (compressed)
     21608        980       1872        104          0          0   ROM Totals

==============================================================================

    Total RO  Size (Code + RO Data)                23480 (  22.93kB)
    Total RW  Size (RW Data + ZI Data)              6608 (   6.45kB)
    Total ROM Size (Code + RO Data + RW Data)      23584 (  23.03kB)

==============================================================================

